
 Start         Length     Name                   Class
 0001:00000000 000E4DB4H .text                   CODE
 0002:00000000 0000527CH .data                   DATA
 0002:0000527C 0000222DH .bss                    BSS


Detailed map of segments

 0001:00000000 00005AF7 C=CODE     S=.text    G=(none)   M=System   ACBP=A9
 0001:00005AF8 00000140 C=CODE     S=.text    G=(none)   M=SysInit  ACBP=A9
 0001:00005C38 000000D4 C=CODE     S=.text    G=(none)   M=Types    ACBP=A9
 0001:00005D0C 00000FD5 C=CODE     S=.text    G=(none)   M=Windows  ACBP=A9
 0001:00006CE4 0000018C C=CODE     S=.text    G=(none)   M=madTypes ACBP=A9
 0001:00006E70 00000038 C=CODE     S=.text    G=(none)   M=Messages ACBP=A9
 0001:00006EA8 00000F28 C=CODE     S=.text    G=(none)   M=madNVPrgrAlert ACBP=A9
 0001:00007DD0 00001EE4 C=CODE     S=.text    G=(none)   M=madStrings ACBP=A9
 0001:00009CB4 00001A1F C=CODE     S=.text    G=(none)   M=madTools ACBP=A9
 0001:0000B6D4 000067FC C=CODE     S=.text    G=(none)   M=madDisAsm ACBP=A9
 0001:00011ED0 00004610 C=CODE     S=.text    G=(none)   M=madZip   ACBP=A9
 0001:000164E0 00000C14 C=CODE     S=.text    G=(none)   M=madCrypt ACBP=A9
 0001:000170F4 00004633 C=CODE     S=.text    G=(none)   M=madMapFile ACBP=A9
 0001:0001B728 00004534 C=CODE     S=.text    G=(none)   M=madStackTrace ACBP=A9
 0001:0001FC5C 00002A3C C=CODE     S=.text    G=(none)   M=madNVBitmap ACBP=A9
 0001:00022698 000065C4 C=CODE     S=.text    G=(none)   M=madNVAssistant ACBP=A9
 0001:00028C5C 00000058 C=CODE     S=.text    G=(none)   M=ActiveX  ACBP=A9
 0001:00028CB4 0000029C C=CODE     S=.text    G=(none)   M=CommCtrl ACBP=A9
 0001:00028F50 00000050 C=CODE     S=.text    G=(none)   M=ShellAPI ACBP=A9
 0001:00028FA0 00000038 C=CODE     S=.text    G=(none)   M=RegStr   ACBP=A9
 0001:00028FD8 00000038 C=CODE     S=.text    G=(none)   M=WinInet  ACBP=A9
 0001:00029010 00000038 C=CODE     S=.text    G=(none)   M=UrlMon   ACBP=A9
 0001:00029048 0000006C C=CODE     S=.text    G=(none)   M=ShlObj   ACBP=A9
 0001:000290B4 00000048 C=CODE     S=.text    G=(none)   M=CommDlg  ACBP=A9
 0001:000290FC 00000350 C=CODE     S=.text    G=(none)   M=SysConst ACBP=A9
 0001:0002944C 000000F0 C=CODE     S=.text    G=(none)   M=WinSock  ACBP=A9
 0001:0002953C 0002483D C=CODE     S=.text    G=(none)   M=madExcept ACBP=A9
 0001:0004DD7C 00000047 C=CODE     S=.text    G=(none)   M=madLinkDisAsm ACBP=A9
 0001:0004DDC4 00000DE4 C=CODE     S=.text    G=(none)   M=madListHardware ACBP=A9
 0001:0004EBA8 00000A34 C=CODE     S=.text    G=(none)   M=madListProcesses ACBP=A9
 0001:0004F5DC 000004E0 C=CODE     S=.text    G=(none)   M=madListModules ACBP=A9
 0001:0004FABC 000068A4 C=CODE     S=.text    G=(none)   M=SysUtils ACBP=A9
 0001:00056360 000007FF C=CODE     S=.text    G=(none)   M=VarUtils ACBP=A9
 0001:00056B60 000066DE C=CODE     S=.text    G=(none)   M=Variants ACBP=A9
 0001:0005D240 00000168 C=CODE     S=.text    G=(none)   M=RTLConsts ACBP=A9
 0001:0005D3A8 00000EE4 C=CODE     S=.text    G=(none)   M=TypInfo  ACBP=A9
 0001:0005E28C 0000D0F6 C=CODE     S=.text    G=(none)   M=Classes  ACBP=A9
 0001:0006B384 00001B3C C=CODE     S=.text    G=(none)   M=IniFiles ACBP=A9
 0001:0006CEC0 000006DC C=CODE     S=.text    G=(none)   M=Registry ACBP=A9
 0001:0006D59C 00000300 C=CODE     S=.text    G=(none)   M=Consts   ACBP=A9
 0001:0006D89C 0000764F C=CODE     S=.text    G=(none)   M=Graphics ACBP=A9
 0001:00074EEC 00000038 C=CODE     S=.text    G=(none)   M=Math     ACBP=A9
 0001:00074F24 000002B0 C=CODE     S=.text    G=(none)   M=Contnrs  ACBP=A9
 0001:000751D4 00000783 C=CODE     S=.text    G=(none)   M=MultiMon ACBP=A9
 0001:00075958 00000038 C=CODE     S=.text    G=(none)   M=Imm      ACBP=A9
 0001:00075990 000010F0 C=CODE     S=.text    G=(none)   M=HelpIntfs ACBP=A9
 0001:00076A80 00000038 C=CODE     S=.text    G=(none)   M=WinSpool ACBP=A9
 0001:00076AB8 00000044 C=CODE     S=.text    G=(none)   M=Printers ACBP=A9
 0001:00076AFC 0000031F C=CODE     S=.text    G=(none)   M=FlatSB   ACBP=A9
 0001:00076E1C 000001A4 C=CODE     S=.text    G=(none)   M=SyncObjs ACBP=A9
 0001:00076FC0 000009BB C=CODE     S=.text    G=(none)   M=UxTheme  ACBP=A9
 0001:0007797C 00000D6C C=CODE     S=.text    G=(none)   M=Themes   ACBP=A9
 0001:000786E8 00009FEC C=CODE     S=.text    G=(none)   M=StdCtrls ACBP=A9
 0001:000826D4 00000DDB C=CODE     S=.text    G=(none)   M=GraphUtil ACBP=A9
 0001:000834B0 000033D4 C=CODE     S=.text    G=(none)   M=ExtCtrls ACBP=A9
 0001:00086884 00000038 C=CODE     S=.text    G=(none)   M=Dlgs     ACBP=A9
 0001:000868BC 00000695 C=CODE     S=.text    G=(none)   M=Dialogs  ACBP=A9
 0001:00086F54 00000094 C=CODE     S=.text    G=(none)   M=Clipbrd  ACBP=A9
 0001:00086FE8 00000050 C=CODE     S=.text    G=(none)   M=StrUtils ACBP=A9
 0001:00087038 00000168 C=CODE     S=.text    G=(none)   M=StdActns ACBP=A9
 0001:000871A0 000125A7 C=CODE     S=.text    G=(none)   M=Controls ACBP=A9
 0001:00099748 0000134A C=CODE     S=.text    G=(none)   M=ActnList ACBP=A9
 0001:0009AA94 00001C0C C=CODE     S=.text    G=(none)   M=ImgList  ACBP=A9
 0001:0009C6A0 00006955 C=CODE     S=.text    G=(none)   M=Menus    ACBP=A9
 0001:000A2FF8 0000D878 C=CODE     S=.text    G=(none)   M=Forms    ACBP=A9
 0001:000B0870 00000038 C=CODE     S=.text    G=(none)   M=IpExport ACBP=A9
 0001:000B08A8 00000038 C=CODE     S=.text    G=(none)   M=IpRtrMib ACBP=A9
 0001:000B08E0 00000038 C=CODE     S=.text    G=(none)   M=IpTypes  ACBP=A9
 0001:000B0918 00000048 C=CODE     S=.text    G=(none)   M=IpHlpApi ACBP=A9
 0001:000B0960 00000038 C=CODE     S=.text    G=(none)   M=IpIfConst ACBP=A9
 0001:000B0998 0000035C C=CODE     S=.text    G=(none)   M=IPFunctions ACBP=A9
 0001:000B0CF4 00001E14 C=CODE     S=.text    G=(none)   M=ScktComp ACBP=A9
 0001:000B2B08 00000478 C=CODE     S=.text    G=(none)   M=SimpleTimer ACBP=A9
 0001:000B2F80 00000038 C=CODE     S=.text    G=(none)   M=RichEdit ACBP=A9
 0001:000B2FB8 00000038 C=CODE     S=.text    G=(none)   M=ToolWin  ACBP=A9
 0001:000B2FF0 00000088 C=CODE     S=.text    G=(none)   M=ComStrs  ACBP=A9
 0001:000B3078 00002431 C=CODE     S=.text    G=(none)   M=Buttons  ACBP=A9
 0001:000B54AC 00000090 C=CODE     S=.text    G=(none)   M=ExtDlgs  ACBP=A9
 0001:000B553C 0000006C C=CODE     S=.text    G=(none)   M=Mapi     ACBP=A9
 0001:000B55A8 00000058 C=CODE     S=.text    G=(none)   M=ExtActns ACBP=A9
 0001:000B5600 0000206C C=CODE     S=.text    G=(none)   M=ListActns ACBP=A9
 0001:000B766C 0000E154 C=CODE     S=.text    G=(none)   M=ComCtrls ACBP=A9
 0001:000C57C0 00001B64 C=CODE     S=.text    G=(none)   M=CoolTrayIcon ACBP=A9
 0001:000C7324 0000046C C=CODE     S=.text    G=(none)   M=IcsDES   ACBP=A9
 0001:000C7790 0000098C C=CODE     S=.text    G=(none)   M=IcsMD4   ACBP=A9
 0001:000C811C 00000424 C=CODE     S=.text    G=(none)   M=MimeUtil ACBP=A9
 0001:000C8540 00000A20 C=CODE     S=.text    G=(none)   M=IcsNtlmMsgs ACBP=A9
 0001:000C8F60 000009E0 C=CODE     S=.text    G=(none)   M=IcsLogger ACBP=A9
 0001:000C9940 00000980 C=CODE     S=.text    G=(none)   M=IcsUrl   ACBP=A9
 0001:000CA2C0 00000280 C=CODE     S=.text    G=(none)   M=WSockBuf ACBP=A9
 0001:000CA540 0000A8AC C=CODE     S=.text    G=(none)   M=WSocket  ACBP=A9
 0001:000D4DEC 00007560 C=CODE     S=.text    G=(none)   M=HttpProt ACBP=A9
 0001:000DC34C 00004D1C C=CODE     S=.text    G=(none)   M=RegExpr  ACBP=A9
 0001:000E1068 00000290 C=CODE     S=.text    G=(none)   M=Unit2    ACBP=A9
 0001:000E12F8 00000394 C=CODE     S=.text    G=(none)   M=statistics ACBP=A9
 0001:000E168C 00003378 C=CODE     S=.text    G=(none)   M=main     ACBP=A9
 0001:000E4A04 000003AD C=CODE     S=.text    G=(none)   M=TM       ACBP=A9
 0002:00000000 000000A0 C=DATA     S=.data    G=DGROUP   M=System   ACBP=A9
 0002:000000A0 00000020 C=DATA     S=.data    G=DGROUP   M=SysInit  ACBP=A9
 0002:000000C0 00000201 C=DATA     S=.data    G=DGROUP   M=madStrings ACBP=A9
 0002:000002C4 0000004C C=DATA     S=.data    G=DGROUP   M=madTools ACBP=A9
 0002:00000310 000007F0 C=DATA     S=.data    G=DGROUP   M=madDisAsm ACBP=A9
 0002:00000B00 000010C4 C=DATA     S=.data    G=DGROUP   M=madZip   ACBP=A9
 0002:00001BC4 00001088 C=DATA     S=.data    G=DGROUP   M=madCrypt ACBP=A9
 0002:00002C4C 00000004 C=DATA     S=.data    G=DGROUP   M=madStackTrace ACBP=A9
 0002:00002C50 0000000C C=DATA     S=.data    G=DGROUP   M=madNVAssistant ACBP=A9
 0002:00002C5C 00000010 C=DATA     S=.data    G=DGROUP   M=ShlObj   ACBP=A9
 0002:00002C6C 000008BC C=DATA     S=.data    G=DGROUP   M=madExcept ACBP=A9
 0002:00003528 00000014 C=DATA     S=.data    G=DGROUP   M=madListProcesses ACBP=A9
 0002:0000353C 00000250 C=DATA     S=.data    G=DGROUP   M=SysUtils ACBP=A9
 0002:0000378C 00000008 C=DATA     S=.data    G=DGROUP   M=VarUtils ACBP=A9
 0002:00003794 00000136 C=DATA     S=.data    G=DGROUP   M=Variants ACBP=A9
 0002:000038CC 0000000C C=DATA     S=.data    G=DGROUP   M=TypInfo  ACBP=A9
 0002:000038D8 000000E4 C=DATA     S=.data    G=DGROUP   M=Classes  ACBP=A9
 0002:000039BC 00000008 C=DATA     S=.data    G=DGROUP   M=IniFiles ACBP=A9
 0002:000039C4 00000008 C=DATA     S=.data    G=DGROUP   M=Registry ACBP=A9
 0002:000039CC 00000308 C=DATA     S=.data    G=DGROUP   M=Graphics ACBP=A9
 0002:00003CD4 00000004 C=DATA     S=.data    G=DGROUP   M=Printers ACBP=A9
 0002:00003CD8 00000068 C=DATA     S=.data    G=DGROUP   M=Themes   ACBP=A9
 0002:00003D40 00000110 C=DATA     S=.data    G=DGROUP   M=StdCtrls ACBP=A9
 0002:00003E50 00000450 C=DATA     S=.data    G=DGROUP   M=GraphUtil ACBP=A9
 0002:000042A0 00000020 C=DATA     S=.data    G=DGROUP   M=ExtCtrls ACBP=A9
 0002:000042C0 00000074 C=DATA     S=.data    G=DGROUP   M=Dialogs  ACBP=A9
 0002:00004334 0000013C C=DATA     S=.data    G=DGROUP   M=Controls ACBP=A9
 0002:00004470 00000020 C=DATA     S=.data    G=DGROUP   M=ImgList  ACBP=A9
 0002:00004490 000000F4 C=DATA     S=.data    G=DGROUP   M=Menus    ACBP=A9
 0002:00004584 00000120 C=DATA     S=.data    G=DGROUP   M=Forms    ACBP=A9
 0002:000046A4 00000004 C=DATA     S=.data    G=DGROUP   M=SimpleTimer ACBP=A9
 0002:000046A8 00000088 C=DATA     S=.data    G=DGROUP   M=Buttons  ACBP=A9
 0002:00004730 00000018 C=DATA     S=.data    G=DGROUP   M=ExtDlgs  ACBP=A9
 0002:00004748 00000008 C=DATA     S=.data    G=DGROUP   M=Mapi     ACBP=A9
 0002:00004750 00000144 C=DATA     S=.data    G=DGROUP   M=ComCtrls ACBP=A9
 0002:00004894 00000004 C=DATA     S=.data    G=DGROUP   M=CoolTrayIcon ACBP=A9
 0002:00004898 0000034C C=DATA     S=.data    G=DGROUP   M=IcsDES   ACBP=A9
 0002:00004BE4 00000004 C=DATA     S=.data    G=DGROUP   M=IcsMD4   ACBP=A9
 0002:00004BE8 000000C8 C=DATA     S=.data    G=DGROUP   M=MimeUtil ACBP=A9
 0002:00004CB0 0000000C C=DATA     S=.data    G=DGROUP   M=IcsNtlmMsgs ACBP=A9
 0002:00004CBC 00000004 C=DATA     S=.data    G=DGROUP   M=IcsLogger ACBP=A9
 0002:00004CC0 00000024 C=DATA     S=.data    G=DGROUP   M=IcsUrl   ACBP=A9
 0002:00004CE4 00000004 C=DATA     S=.data    G=DGROUP   M=WSockBuf ACBP=A9
 0002:00004CE8 00000048 C=DATA     S=.data    G=DGROUP   M=WSocket  ACBP=A9
 0002:00004D30 0000001F C=DATA     S=.data    G=DGROUP   M=HttpProt ACBP=A9
 0002:00004D50 0000003D C=DATA     S=.data    G=DGROUP   M=RegExpr  ACBP=A9
 0002:00006000 00000660 C=BSS      S=.bss     G=DGROUP   M=System   ACBP=A9
 0002:00006660 00000010 C=BSS      S=.bss     G=DGROUP   M=SysInit  ACBP=A9
 0002:00006670 00000004 C=BSS      S=.bss     G=DGROUP   M=Types    ACBP=A9
 0002:00006674 00000008 C=BSS      S=.bss     G=DGROUP   M=Windows  ACBP=A9
 0002:0000667C 00000004 C=BSS      S=.bss     G=DGROUP   M=madTypes ACBP=A9
 0002:00006680 00000004 C=BSS      S=.bss     G=DGROUP   M=Messages ACBP=A9
 0002:00006684 00000004 C=BSS      S=.bss     G=DGROUP   M=madNVPrgrAlert ACBP=A9
 0002:00006688 00000004 C=BSS      S=.bss     G=DGROUP   M=madStrings ACBP=A9
 0002:0000668C 00000028 C=BSS      S=.bss     G=DGROUP   M=madTools ACBP=A9
 0002:000066B4 00000008 C=BSS      S=.bss     G=DGROUP   M=madDisAsm ACBP=A9
 0002:000066BC 00001114 C=BSS      S=.bss     G=DGROUP   M=madZip   ACBP=A9
 0002:000077D0 00000004 C=BSS      S=.bss     G=DGROUP   M=madCrypt ACBP=A9
 0002:000077D4 00000008 C=BSS      S=.bss     G=DGROUP   M=madMapFile ACBP=A9
 0002:000077DC 00000014 C=BSS      S=.bss     G=DGROUP   M=madStackTrace ACBP=A9
 0002:000077F0 00000004 C=BSS      S=.bss     G=DGROUP   M=madNVBitmap ACBP=A9
 0002:000077F4 00000004 C=BSS      S=.bss     G=DGROUP   M=madNVAssistant ACBP=A9
 0002:000077F8 00000004 C=BSS      S=.bss     G=DGROUP   M=ActiveX  ACBP=A9
 0002:000077FC 0000000C C=BSS      S=.bss     G=DGROUP   M=CommCtrl ACBP=A9
 0002:00007808 00000004 C=BSS      S=.bss     G=DGROUP   M=ShellAPI ACBP=A9
 0002:0000780C 00000004 C=BSS      S=.bss     G=DGROUP   M=RegStr   ACBP=A9
 0002:00007810 00000004 C=BSS      S=.bss     G=DGROUP   M=WinInet  ACBP=A9
 0002:00007814 00000004 C=BSS      S=.bss     G=DGROUP   M=UrlMon   ACBP=A9
 0002:00007818 00000004 C=BSS      S=.bss     G=DGROUP   M=ShlObj   ACBP=A9
 0002:0000781C 00000004 C=BSS      S=.bss     G=DGROUP   M=CommDlg  ACBP=A9
 0002:00007820 00000004 C=BSS      S=.bss     G=DGROUP   M=SysConst ACBP=A9
 0002:00007824 00000004 C=BSS      S=.bss     G=DGROUP   M=WinSock  ACBP=A9
 0002:00007828 00000054 C=BSS      S=.bss     G=DGROUP   M=madExcept ACBP=A9
 0002:0000787C 00000004 C=BSS      S=.bss     G=DGROUP   M=madLinkDisAsm ACBP=A9
 0002:00007880 00000004 C=BSS      S=.bss     G=DGROUP   M=madListHardware ACBP=A9
 0002:00007884 00000004 C=BSS      S=.bss     G=DGROUP   M=madListProcesses ACBP=A9
 0002:00007888 00000004 C=BSS      S=.bss     G=DGROUP   M=madListModules ACBP=A9
 0002:0000788C 00000120 C=BSS      S=.bss     G=DGROUP   M=SysUtils ACBP=A9
 0002:000079AC 0000005C C=BSS      S=.bss     G=DGROUP   M=VarUtils ACBP=A9
 0002:00007A08 00000040 C=BSS      S=.bss     G=DGROUP   M=Variants ACBP=A9
 0002:00007A48 00000004 C=BSS      S=.bss     G=DGROUP   M=RTLConsts ACBP=A9
 0002:00007A4C 00000004 C=BSS      S=.bss     G=DGROUP   M=TypInfo  ACBP=A9
 0002:00007A50 00000040 C=BSS      S=.bss     G=DGROUP   M=Classes  ACBP=A9
 0002:00007A90 00000004 C=BSS      S=.bss     G=DGROUP   M=IniFiles ACBP=A9
 0002:00007A94 00000004 C=BSS      S=.bss     G=DGROUP   M=Registry ACBP=A9
 0002:00007A98 00000004 C=BSS      S=.bss     G=DGROUP   M=Consts   ACBP=A9
 0002:00007A9C 00000060 C=BSS      S=.bss     G=DGROUP   M=Graphics ACBP=A9
 0002:00007AFC 00000004 C=BSS      S=.bss     G=DGROUP   M=Math     ACBP=A9
 0002:00007B00 00000004 C=BSS      S=.bss     G=DGROUP   M=Contnrs  ACBP=A9
 0002:00007B04 00000031 C=BSS      S=.bss     G=DGROUP   M=MultiMon ACBP=A9
 0002:00007B38 00000004 C=BSS      S=.bss     G=DGROUP   M=Imm      ACBP=A9
 0002:00007B3C 00000008 C=BSS      S=.bss     G=DGROUP   M=HelpIntfs ACBP=A9
 0002:00007B44 00000004 C=BSS      S=.bss     G=DGROUP   M=WinSpool ACBP=A9
 0002:00007B48 00000004 C=BSS      S=.bss     G=DGROUP   M=Printers ACBP=A9
 0002:00007B4C 00000034 C=BSS      S=.bss     G=DGROUP   M=FlatSB   ACBP=A9
 0002:00007B80 00000004 C=BSS      S=.bss     G=DGROUP   M=SyncObjs ACBP=A9
 0002:00007B84 000000CC C=BSS      S=.bss     G=DGROUP   M=UxTheme  ACBP=A9
 0002:00007C50 00000008 C=BSS      S=.bss     G=DGROUP   M=Themes   ACBP=A9
 0002:00007C58 00000004 C=BSS      S=.bss     G=DGROUP   M=StdCtrls ACBP=A9
 0002:00007C5C 00000004 C=BSS      S=.bss     G=DGROUP   M=GraphUtil ACBP=A9
 0002:00007C60 00000004 C=BSS      S=.bss     G=DGROUP   M=ExtCtrls ACBP=A9
 0002:00007C64 00000004 C=BSS      S=.bss     G=DGROUP   M=Dlgs     ACBP=A9
 0002:00007C68 0000000C C=BSS      S=.bss     G=DGROUP   M=Dialogs  ACBP=A9
 0002:00007C74 0000000C C=BSS      S=.bss     G=DGROUP   M=Clipbrd  ACBP=A9
 0002:00007C80 00000004 C=BSS      S=.bss     G=DGROUP   M=StrUtils ACBP=A9
 0002:00007C84 00000004 C=BSS      S=.bss     G=DGROUP   M=StdActns ACBP=A9
 0002:00007C88 00000080 C=BSS      S=.bss     G=DGROUP   M=Controls ACBP=A9
 0002:00007D08 00000004 C=BSS      S=.bss     G=DGROUP   M=ActnList ACBP=A9
 0002:00007D0C 0000000C C=BSS      S=.bss     G=DGROUP   M=ImgList  ACBP=A9
 0002:00007D18 00000010 C=BSS      S=.bss     G=DGROUP   M=Menus    ACBP=A9
 0002:00007D28 00000024 C=BSS      S=.bss     G=DGROUP   M=Forms    ACBP=A9
 0002:00007D4C 00000004 C=BSS      S=.bss     G=DGROUP   M=IpExport ACBP=A9
 0002:00007D50 00000004 C=BSS      S=.bss     G=DGROUP   M=IpRtrMib ACBP=A9
 0002:00007D54 00000004 C=BSS      S=.bss     G=DGROUP   M=IpTypes  ACBP=A9
 0002:00007D58 00000004 C=BSS      S=.bss     G=DGROUP   M=IpHlpApi ACBP=A9
 0002:00007D5C 00000004 C=BSS      S=.bss     G=DGROUP   M=IpIfConst ACBP=A9
 0002:00007D60 00000004 C=BSS      S=.bss     G=DGROUP   M=IPFunctions ACBP=A9
 0002:00007D64 00000194 C=BSS      S=.bss     G=DGROUP   M=ScktComp ACBP=A9
 0002:00007EF8 00000004 C=BSS      S=.bss     G=DGROUP   M=SimpleTimer ACBP=A9
 0002:00007EFC 00000004 C=BSS      S=.bss     G=DGROUP   M=RichEdit ACBP=A9
 0002:00007F00 00000004 C=BSS      S=.bss     G=DGROUP   M=ToolWin  ACBP=A9
 0002:00007F04 00000004 C=BSS      S=.bss     G=DGROUP   M=ComStrs  ACBP=A9
 0002:00007F08 00000030 C=BSS      S=.bss     G=DGROUP   M=Buttons  ACBP=A9
 0002:00007F38 00000004 C=BSS      S=.bss     G=DGROUP   M=ExtDlgs  ACBP=A9
 0002:00007F3C 00000004 C=BSS      S=.bss     G=DGROUP   M=Mapi     ACBP=A9
 0002:00007F40 00000009 C=BSS      S=.bss     G=DGROUP   M=ExtActns ACBP=A9
 0002:00007F4C 00000004 C=BSS      S=.bss     G=DGROUP   M=ListActns ACBP=A9
 0002:00007F50 00000015 C=BSS      S=.bss     G=DGROUP   M=ComCtrls ACBP=A9
 0002:00007F68 00000008 C=BSS      S=.bss     G=DGROUP   M=CoolTrayIcon ACBP=A9
 0002:00007F70 00000004 C=BSS      S=.bss     G=DGROUP   M=IcsDES   ACBP=A9
 0002:00007F74 00000004 C=BSS      S=.bss     G=DGROUP   M=IcsMD4   ACBP=A9
 0002:00007F78 00000004 C=BSS      S=.bss     G=DGROUP   M=MimeUtil ACBP=A9
 0002:00007F7C 00000004 C=BSS      S=.bss     G=DGROUP   M=IcsNtlmMsgs ACBP=A9
 0002:00007F80 00000004 C=BSS      S=.bss     G=DGROUP   M=IcsLogger ACBP=A9
 0002:00007F84 00000004 C=BSS      S=.bss     G=DGROUP   M=IcsUrl   ACBP=A9
 0002:00007F88 00000004 C=BSS      S=.bss     G=DGROUP   M=WSockBuf ACBP=A9
 0002:00007F8C 00000274 C=BSS      S=.bss     G=DGROUP   M=WSocket  ACBP=A9
 0002:00008200 00000004 C=BSS      S=.bss     G=DGROUP   M=HttpProt ACBP=A9
 0002:00008204 00000004 C=BSS      S=.bss     G=DGROUP   M=RegExpr  ACBP=A9
 0002:00008208 00000008 C=BSS      S=.bss     G=DGROUP   M=Unit2    ACBP=A9
 0002:00008210 00000008 C=BSS      S=.bss     G=DGROUP   M=statistics ACBP=A9
 0002:00008218 00000014 C=BSS      S=.bss     G=DGROUP   M=main     ACBP=A9


  Address         Publics by Name

 0002:00007F4C       .01
 0002:00007D20       .01
 0002:00007814       .1
 0002:00007818       .1
 0002:0000780C       .1
 0002:0000781C       .1
 0002:0000787C       .1
 0002:00007F7C       .1
 0002:00007EFC       .1
 0002:000077D0       .1
 0002:00007880       .1
 0002:00007D5C       .1
 0002:00007820       .1
 0002:00007824       .1
 0002:00007F70       .1
 0002:00007C64       .1
 0002:00007F78       .1
 0002:000066BC       .1
 0002:00007C40       .1
 0002:000077F0       .1
 0002:00007808       .1
 0002:000077FC       .1
 0002:00007884       .1
 0002:00006684       .1
 0002:00006668       .1
 0002:00007F84       .1
 0002:00007888       .1
 0002:00007A98       .1
 0002:00006680       .1
 0002:00007F3C       .1
 0002:00007D58       .1
 0002:00007B24       .1
 0002:00007D54       .1
 0002:000077DC       .1
 0002:00007F04       .1
 0002:00007D4C       .1
 0002:00007B6C       .1
 0002:000077F4       .1
 0002:00007A48       .1
 0002:00007C80       .1
 0002:0000668C       .1
 0002:00007D50       .1
 0002:00007B38       .1
 0002:00006670       .1
 0002:00007810       .1
 0002:00006688       .1
 0002:00007C68       .11
 0002:00007AA0       .12
 0002:00007F68       .2
 0002:00007B3C       .2
 0002:00007D60       .2
 0002:00007AFC       .2
 0002:00007C50       .2
 0002:00007EF8       .2
 0002:0000820C       .2
 0002:00007F88       .2
 0002:00008214       .2
 0002:00007C5C       .2
 0002:00007F74       .2
 0002:0000667C       .2
 0002:00007C78       .2
 0002:00007F80       .3
 0002:00007B48       .3
 0002:00007B44       .3
 0002:00008200       .3
 0002:0000782C       .3
 0002:00007D0C       .3
 0002:00008204       .3
 0002:00006674       .3
 0002:000077F8       .3
 0002:00007B00       .31
 0002:00007C60       .32
 0002:0000799C       .35
 0002:00007F00       .4
 0002:00008228       .4
 0002:00007F08       .4
 0002:00007D30       .41
 0002:00007D64       .41
 0002:00007C58       .42
 0002:000077D4       .5
 0002:00007A94       .5
 0002:00007A04       .5
 0002:00007F38       .6
 0002:00007A4C       .6
 0002:000065B8       .6
 0002:00007F50       .66
 0002:00007B80       .7
 0002:00007F40       .72
 0002:000066B4       .8
 0002:00008020       .8
 0002:00007A90       .8
 0002:00007A28       .81
 0002:00007C84       .83
 0002:00007D08       .9
 0002:00007C90       .92
 0002:00007A5C       .95
 0001:00001BB4       @AbstractError
 0001:00004360       @AddRefArray
 0001:00004318       @AddRefRecord
 0001:00002BF0       @AfterConstruction
 0001:000029FC       @AsClass
 0001:00001FE4       @AStrCmp
 0001:00002C40       @BeforeDestruction
 0001:00002784       @BoundErr
 0001:00002A48       @CallDynaInst
 0001:00002B98       @ClassCreate
 0001:00002BE8       @ClassDestroy
 0001:00001EEC       @Close
 0001:00001900       @Copy
 0001:00004554       @CopyArray
 0001:00004438       @CopyRecord
 0001:0000466C       @DispCallByIDError
 0001:00057740       @DispInvokeError
 0001:0000465C       @Dispose
 0001:00003180       @DoneExcept
 0001:00004DB4       @DynArrayAddRef
 0001:00004D8C       @DynArrayAsg
 0001:00004D50       @DynArrayClear
 0001:00004C3C       @DynArrayCopy
 0001:00004C5C       @DynArrayCopyRange
 0001:00004A7C       @DynArrayHigh
 0001:00004A74       @DynArrayLength
 0001:00004C30       @DynArraySetLength
 0001:00003268       @ExceptionHandler
 0001:00002054       @FillChar
 0001:0000430C       @Finalize
 0001:00004220       @FinalizeArray
 0001:000041D4       @FinalizeRecord
 0001:00001EE0       @Flush
 0001:00002778       @FpuInit
 0001:000026B4       @FpuMaskInit
 0001:0000177C       @FreeMem
 0001:0000175C       @GetMem
 0001:00005B70       @GetTls
 0001:000036A4       @Halt
 0001:000035C8       @Halt0
 0001:00002D54       @HandleAnyException
 0001:00003040       @HandleAutoException
 0001:00003008       @HandleFinally
 0001:00002E80       @HandleOnException
 0001:00005BBC       @InitExe
 0001:000041C8       @Initialize
 0001:00004134       @InitializeArray
 0001:00004104       @InitializeRecord
 0001:00003484       @InitImports
 0001:0000345C       @InitResStringImports
 0001:000054A8       @IntfAddRef
 0001:00005478       @IntfCast
 0001:00005434       @IntfClear
 0001:0000544C       @IntfCopy
 0001:0000278C       @IntOver
 0001:000029D8       @IsClass
 0001:00002684       @isNECWindows
 0001:00003BE8       @LStrAddRef
 0001:0000375C       @LStrArrayClr
 0001:0000378C       @LStrAsg
 0001:00003A00       @LStrCat
 0001:00003A44       @LStrCat3
 0001:00003AB8       @LStrCatN
 0001:00003738       @LStrClr
 0001:00003B44       @LStrCmp
 0001:00003C58       @LStrCopy
 0001:00003C98       @LStrDelete
 0001:000039A8       @LStrFromArray
 0001:00003920       @LStrFromChar
 0001:00003930       @LStrFromPChar
 0001:00003828       @LStrFromPCharLen
 0001:00003960       @LStrFromPWChar
 0001:00003894       @LStrFromPWCharLen
 0001:0000399C       @LStrFromString
 0001:000039C0       @LStrFromWStr
 0001:00003CE0       @LStrInsert
 0001:000037D0       @LStrLAsg
 0001:000039F8       @LStrLen
 0001:00003D84       @LStrSetLength
 0001:00003BF8       @LStrToPChar
 0001:000039D4       @LStrToString
 0001:00004648       @New
 0001:000037FC       @NewAnsiString
 0001:00003E18       @NewWideString
 0001:00002398       @Pow10
 0001:00001F60       @PStrCmp
 0001:00001F44       @PStrNCpy
 0001:0000312C       @RaiseAgain
 0001:00003104       @RaiseExcept
 0001:0000179C       @ReallocMem
 0001:00001C28       @RewritText
 0001:00001B84       @ROUND
 0001:000036B0       @RunError
 0001:00002350       @SetElem
 0001:00002380       @SetSub
 0001:00002374       @SetUnion
 0001:0000341C       @StartExe
 0001:0000032C       @strlen
 0001:00001B90       @TRUNC
 0001:000031B0       @TryFinallyExit
 0001:00003C50       @UniqueStringA
 0001:0000485C       @ValInt64
 0001:000020F0       @ValLong
 0001:00004348       @VarAddRef
 0001:0005C80C       @VarAddRef
 0001:00058020       @VarCast
 0001:00057A2C       @VarClear
 0001:00057A40       @VarClr
 0001:00004208       @VarClr
 0001:0005D10C       @VarCmpEQ
 0001:00057D54       @VarCopy
 0001:00004420       @VarCopy
 0001:0005BD8C       @VarFromBool
 0001:0005BC18       @VarFromByte
 0001:0005BDDC       @VarFromCurr
 0001:0005BD34       @VarFromCurrency
 0001:0005BD60       @VarFromDate
 0001:0005BE80       @VarFromDisp
 0001:0005BD08       @VarFromDouble
 0001:0005BBBC       @VarFromInt
 0001:0005BCB8       @VarFromInt64
 0001:0005BBF8       @VarFromInteger
 0001:0005BE54       @VarFromIntf
 0001:0005BC58       @VarFromLongWord
 0001:0005BDF0       @VarFromLStr
 0001:0005BDB4       @VarFromReal
 0001:0005BC78       @VarFromShortInt
 0001:0005BCE4       @VarFromSingle
 0001:0005BC98       @VarFromSmallInt
 0001:0005BDC8       @VarFromTDateTime
 0001:0005BC38       @VarFromWord
 0001:0005BE1C       @VarFromWStr
 0001:00057794       @VarNull
 0001:00059800       @VarToBool
 0001:000594AC       @VarToBoolean
 0001:000588E8       @VarToByte
 0001:0005A6A0       @VarToCurrency
 0001:0005A138       @VarToDate
 0001:0005BB10       @VarToDisp
 0001:000599CC       @VarToDouble
 0001:00058EB4       @VarToInt64
 0001:000583E4       @VarToInteger
 0001:0005BA44       @VarToIntf
 0001:00058B64       @VarToLongWord
 0001:0005AD58       @VarToLStr
 0001:00059D44       @VarToReal
 0001:00058834       @VarToShortInt
 0001:00059D60       @VarToSingle
 0001:00058990       @VarToSmallInt
 0001:00058A88       @VarToWord
 0001:0005B478       @VarToWStr
 0001:00003DE8       @Write0LString
 0001:00002208       @WriteBytes
 0001:000022D8       @WriteLn
 0001:00003DF0       @WriteLString
 0001:0000225C       @WriteSpaces
 0001:000040E4       @WStrAddRef
 0001:00003E58       @WStrArrayClr
 0001:00003E7C       @WStrAsg
 0001:00003E40       @WStrClr
 0001:00003FD0       @WStrCmp
 0001:00004054       @WStrCopy
 0001:00003FA4       @WStrFromLStr
 0001:00003EA8       @WStrFromPCharLen
 0001:00003F68       @WStrFromPWChar
 0001:00003F34       @WStrFromPWCharLen
 0001:00003F58       @WStrFromWChar
 0001:00003EA0       @WStrLAsg
 0001:00003FC4       @WStrLen
 0001:000040A0       @WStrSetLength
 0001:00003FB4       @WStrToPWChar
 0001:0000232C       @_CLenToPasStr
 0001:00002320       @_CToPasStr
 0001:000018D0       @_IOTest
 0001:000046BC       @_lldiv
 0001:00004750       @_lldivo
 0001:00004788       @_llmod
 0001:00004804       @_llmodo
 0001:00004674       @_llmul
 0001:00004698       @_llmulo
 0001:0000483C       @_llshl
 0001:00054554       Abort
 0001:0008A830       AbsMin
 0001:000548D4       AbstractErrorHandler
 0002:00006028       AbstractErrorProc
 0002:000035C0       AccessMode
 0001:0000182C       AcquireExceptionObject
 0002:00007840       ActionHandlers
 0002:00007844       ActionHandlersOO
 0001:000609E0       ActivateClassGroup
 0001:000064C0       ActivateKeyboardLayout
 0002:00007CC4       ActiveDrag
 0001:00028CAC       ActiveX
 0001:0009AA68       ActnList
 0001:00000458       AddBlockAfter
 0002:00002C74       AddCmdLineToBugRep
 0001:0000F5D0       AddCodeArea
 0001:0003FCF8       AddColumnStr
 0002:000038D8       AddDataModule
 0001:0004DE54       AddDevice
 0001:00050774       AddExitProc
 0001:00064A30       AddFinished
 0001:0001BB3C       AddFunction
 0001:0003AAEC       AddHeaderInfo
 0001:0009E2F8       AddIn
 0001:0004549C       AddItem
 0001:00047964       AddItem
 0001:00025870       AddItem
 0001:0004EBF4       AddItem
 0001:000108F4       AddLine
 0001:0001C8D4       AddLink
 0001:0002C3E0       AddMEProperty
 0001:0001E2A8       AddMinDebugInfoItem
 0001:0001B844       AddModule
 0001:000052C4       AddModuleUnloadProc
 0001:000052D4       AddModuleUnloadProc
 0001:0000AA10       AddMsgHandler
 0001:0000A870       AddMsgHandler_
 0001:00064A68       AddNotFinished
 0001:00044EA4       AddPatch
 0001:00020190       AddPngPart
 0001:0004C238       AddPtr
 0001:0000F76C       AddSpecialBlock
 0001:0001F864       AddStackItem
 0001:0001CC98       AddStackItem
 0001:000655B8       AddSubComponentsToLoaded
 0001:000B2CB4       AddTimer
 0001:000C63D4       AddTrayIcon
 0001:00071110       AdjustColor
 0001:00085F90       AdjustColors
 0001:00050A48       AdjustLineBreaks
 0001:000A58C8       Adjustment
 0001:000064C8       AdjustWindowRectEx
 0001:00020050       Adler32
 0002:000042A8       Alignments
 0002:00003D58       Alignments
 0002:00003D98       Alignments
 0002:00004564       Alignments
 0002:00004554       Alignments
 0002:00003E30       Alignments
 0002:00003E40       Alignments
 0002:00004780       AlignStyles
 0001:000AD17C       AlignWork
 0001:0009010C       AlignWork
 0001:00005DD8       AllocateAndInitializeSid
 0001:0006B164       AllocateHWnd
 0001:000A5380       AllocateHWnd
 0001:000CDA14       AllocateHWnd
 0001:00050728       AllocMem
 0002:000065B0       AllocMemCount
 0002:000065B4       AllocMemSize
 0001:00074CE4       AllocPatternBitmap
 0001:00005B18       AllocTlsBuffer
 0002:00002C90       AmHttpServer
 0002:00002CD8       AmMeBpl
 0001:00036E4C       AmOnline
 0002:00003408       AmSyncingHandlers
 0001:0003F818       AnalyzePiece
 0001:00068490       AncestorIsValid
 0002:00004340       AnchorAlign
 0002:00004334       AnimateWindowProc
 0002:0000443C       AnimationStyle
 0001:00050968       AnsiCompareStr
 0001:000509A0       AnsiCompareText
 0001:00086FE8       AnsiContainsStr
 0001:000511EC       AnsiLastChar
 0001:000064D0       AnsiLower
 0001:000551C4       AnsiPos
 0001:000A2DD8       AnsiSameCaption
 0001:000509D8       AnsiStrLIComp
 0001:000551FC       AnsiStrPos
 0001:0005529C       AnsiStrRScan
 0001:000552D0       AnsiStrScan
 0001:000058B8       AnsiToUtf8
 0001:00009BDC       AnsiToWideEx
 0001:00050934       AnsiUpperCase
 0002:00003428       AntiFreezeCnt
 0002:00003430       AntiFreezeEvent
 0002:00003424       AntiFreezeMsg
 0002:0000342C       AntiFreezePause
 0002:0000341C       AntiFreezeTh
 0001:0003051C       AntiFreezeThread
 0002:00003418       AntiFreezeTid
 0002:00003420       AntiFreezeWnd
 0001:0005B9CC       AnyToIntf
 0001:000527A8       AppendChars
 0001:00052B6C       AppendFormat
 0001:0005280C       AppendNumber
 0001:000527EC       AppendString
 0002:00007D28       Application
 0002:000038E8       ApplicationHandleException
 0002:000038F0       ApplicationShowException
 0001:0001BA4C       ApproveFunction
 0001:0001BA10       ApproveFunction
 0002:0000469C       AppVisible
 0002:00003508       Armadillo
 0002:000047E8       Arrangements
 0001:000548B8       AssertErrorHandler
 0002:00006020       AssertErrorProc
 0001:0005D94C       AssignLongStr
 0001:0005DFD0       AssignVariant
 0001:000CBEC4       atoi
 0001:000064D8       AttachThreadInput
 0002:000047F0       AutoArrange
 0002:00006608       avail
 0002:00002C0C       b64
 0002:00004D40       b642bin
 0001:0005135C       BackfillGetDiskFreeSpaceEx
 0001:0008D4C0       BackgroundClipped
 0002:00004D2C       BackString
 0001:000565F0       BackupVarBoolFromStr
 0001:00056754       BackupVarBStrFromBool
 0001:00056670       BackupVarBStrFromCy
 0001:000566E0       BackupVarBStrFromDate
 0001:00056584       BackupVarCyFromStr
 0001:00056518       BackupVarDateFromStr
 0001:000563D4       BackupVarI4FromStr
 0001:00056380       BackupVariantChangeTypeEx
 0001:00056440       BackupVarR4FromStr
 0001:000564AC       BackupVarR8FromStr
 0001:000C8370       Base64Decode
 0001:000C8150       Base64Encode
 0002:00004C30       Base64In
 0002:00004BEC       Base64Out
 0002:0000136C       BaseDistance
 0002:000012F8       BaseLength
 0002:000037AC       BaseTypeMap
 0002:00000318       BcbInitExceptBlockLDTC
 0001:00005E48       Beep
 0001:00060DB4       BeginGlobalLoading
 0001:000064E0       BeginPaint
 0001:000036F4       BeginThread
 0001:0007111C       BetterSize
 0001:00085860       BevelLine
 0001:00085770       BevelRect
 0001:0009F194       BiDiDraw
 0002:00004D38       bin2b64
 0002:00004D34       bin2uue
 0001:0002944C       bind
 0001:00069D08       BinToHex
 0001:00006288       BitBlt
 0002:000046D4       BitBtnCaptions
 0002:00007F0C       BitBtnGlyphs
 0002:00004700       BitBtnModalResults
 0002:000046A8       BitBtnResNames
 0002:0000151C       BitLengthOrder
 0002:00003C88       BitmapCanvasList
 0002:00007AB8       BitmapImageLock
 0002:0000179C       BitOrder
 0001:000125C8       BitReverse
 0001:00012B84       BitsWindup
 0001:000563BC       BiUnimplemented
 0002:00003990       BlockCode
 0002:000065E0       blockDescBlockList
 0002:000065E4       blockDescFreeList
 0002:000038CC       BooleanIdents
 0001:0000849C       BooleanToChar
 0002:000037A8       BooleanToStringRule
 0001:000233D0       BooleanValue
 0001:00051050       BoolToStr
 0001:0005AAD8       BoolToWStrViaOS
 0002:000042A0       BorderStyles
 0002:00003D40       BorderStyles
 0002:000047C8       BorderStyles
 0001:0002077C       Bottom
 0001:00005C8C       Bounds
 0001:0005FCDC       Bounds
 0002:00008224       BoxAdress
 0002:000044FC       Breaks
 0001:000064E8       BringWindowToTop
 0002:00007AF0       BrushManager
 0002:00002C94       BugReportHtml
 0001:00012FC8       BuildBitLengthTree
 0001:0001497C       BuildHuffmanTables
 0001:000A1B7C       BuildImage
 0001:00012938       BuildTree
 0002:00004308       ButtonCaptions
 0002:000042DC       ButtonNames
 0001:000B5484       Buttons
 0002:00004580       Buttons
 0002:00003E28       ButtonStyles
 0001:000708E0       BytesPerScanline
 0001:00070C54       ByteSwapColors
 0001:00054F80       ByteToCharIndex
 0001:00054F58       ByteToCharLen
 0001:00054F1C       ByteType
 0001:00054EA8       ByteTypeTest
 0002:00007D10       CachedComCtrlVer
 0002:000034DC       CAdminSia
 0001:0004C2B8       CalcCheckSum
 0001:000101B0       CalcCodeBegin
 0001:00017364       CalcCryptPassword
 0001:0006B0A0       CalcJmpOffset
 0001:0000CCF4       CalcMSize
 0001:00098C50       CalcSplitterPos
 0001:000221B0       CalculateArea
 0001:00022244       CalculateRegion
 0001:00029694       CalibrateCode
 0002:00002C8C       CalibrateData
 0002:00008220       Caller
 0002:00008208       CallIn
 0001:000064F0       CallNextHookEx
 0001:00055864       CallTerminateProcs
 0001:0004B128       CallThreadProcSafe
 0001:000064F8       CallWindowProc
 0001:0008B87C       CancelDrag
 0002:00007CD8       CanvasList
 0002:00007AF4       CanvasList
 0002:000042C8       Captions
 0002:000043F8       CaptureControl
 0002:0000449C       cBooleanToItemAutoFlag
 0002:000037DC       CBooleanToRelationship
 0002:00003438       CEncodeMailto
 0002:00003458       CEncodeSmtp
 0001:00005CA8       CenterPoint
 0002:00007C76       CF_COMPONENT
 0002:00007C74       CF_PICTURE
 0002:00002CBC       CGIApp_TCGIApplication_CGIHandleException
 0002:00007A20       ChangeAnyProc
 0001:00089CC8       ChangeBiDiModeAlignment
 0002:00003D78       CharCases
 0002:00003DDC       CharCases
 0001:00003858       CharFromWChar
 0001:00055154       CharLength
 0001:00006500       CharLower
 0001:00006508       CharNext
 0001:0000029C       CharNext
 0001:0006F05C       CharsetToIdent
 0001:00055068       CharToByteIndex
 0001:000550CC       CharToByteLen
 0001:00006510       CharToOemA
 0001:00006518       CharUpper
 0001:00006520       CharUpperBuff
 0001:0000F834       CheckAddTarget
 0001:0002B06C       CheckAutoBtn
 0001:00043300       CheckAutoSave
 0001:00043584       CheckAutoStuff
 0001:000716D8       CheckBool
 0001:0003C624       CheckColDec
 0001:000BB724       CheckCommonControl
 0001:000120A4       CheckDstMap
 0001:00013BE4       CheckDstMap
 0001:000307D8       CheckEMailAddress
 0001:000B19FC       CheckError
 0001:0002B8A0       CheckExceptParams
 0001:0004C314       CheckFileCrc
 0001:000498AC       CheckFilters
 0001:0001C09C       CheckFunctionAreas
 0001:0000E86C       CheckFunctionName
 0001:00002CD0       CheckJmp
 0001:00006528       CheckMenuItem
 0001:0003D550       CheckNcLabel
 0001:0000B83C       CheckPrefix
 0002:000002F8       CheckProcAddress
 0001:0000C4D0       CheckRegState
 0001:0004C140       CheckRestart
 0002:000044EC       Checks
 0001:000B1438       CheckSocketResult
 0001:000139EC       CheckSrcMap
 0001:00011ED8       CheckSrcMap
 0001:0000EA28       CheckStringData
 0001:000655F4       CheckSubComponents
 0001:00069E10       CheckSynchronize
 0001:0000C250       CheckTarget
 0001:000A5298       CheckTaskWindow
 0001:00011D40       CheckTryRead
 0001:0005BEAC       CheckType
 0001:0008B52C       CheckUndock
 0001:00054D9C       CheckWin32Version
 0001:00006530       ChildWindowFromPoint
 0002:000037C4       CInvalidCustomVariantType
 0002:000044A0       cItemAutoFlagToBoolean
 0002:00004498       cItemAutoFlagToMenu
 0001:0006B2F0       Classes
 0002:00002CB8       Classes_CheckSynchronize
 0001:000607A4       ClassNotFound
 0001:000B159C       Cleanup
 0002:00007A1C       ClearAnyProc
 0001:0006E8E8       ClearColor
 0001:000E0724       ClearMatchs
 0001:00029F60       ClearTempPath
 0001:0005CCBC       ClearVariantTypeList
 0001:00006538       ClientToScreen
 0001:00095A94       ClientToWindow
 0002:00003C80       ClipboardFormats
 0001:00086F90       Clipbrd
 0001:0004DA34       Close
 0001:000306D4       CloseAntiFreeze
 0001:0003C474       CloseApplication
 0001:0001FE54       CloseBmp
 0001:00006540       CloseClipboard
 0001:0004BACC       CloseCreateThreadHook
 0001:00030018       CloseFireHandlers
 0001:0000023C       CloseHandle
 0001:00005E50       CloseHandle
 0001:00043C24       CloseHandleExceptionThread
 0001:0004BCF0       CloseMessageHooks
 0001:00029454       closesocket
 0002:00007B88       CloseThemeData
 0002:00002C5C       CLSID_AutoComplete
 0002:0000603C       CmdLine
 0002:00006038       CmdShow
 0002:00004494       cMenuAutoFlagToItem
 0002:00002D58       CMEProperties
 0002:00003478       CMonths
 0002:000037E8       CmpTypeMap
 0001:000563C8       CmpUnimplemented
 0002:00002CEC       CNtObjAttr
 0001:00028C6C       CoCreateInstance
 0002:00004844       Codes
 0002:000047B4       Codes
 0001:0000CBE4       CodeToHex
 0002:00007F64       CoInitExProcLoaded
 0001:00028C5C       CoInitialize
 0002:00007F60       CoInitializeExProc
 0001:00061074       CollectionsEqual
 0001:0001D484       CollectPossibleStackItems
 0001:0001FA48       CollectPossibleStackItems
 0001:000212A8       ColorLookup
 0002:00003A00       Colors
 0001:0006EE54       ColorToIdent
 0001:0006EE44       ColorToRGB
 0002:00004818       ColumnClicks
 0001:0003FC9C       ColumnExists
 0001:00006290       CombineRgn
 0002:00004874       ComboBoxExStyles
 0002:00003DC8       ComboBoxStyles
 0002:00004880       ComboExStyles
 0002:00007800       ComCtl32DLL
 0002:00007F5C       ComCtlVersion
 0001:000C57B8       ComCtrls
 0002:00007D24       CommandPool
 0001:00028F48       CommCtrl
 0001:000290F4       CommDlg
 0001:00000740       Commit
 0002:00006624       committedRoot
 0001:0009D8B8       CompareFront
 0001:0003AC4C       CompareHeaderInfo
 0001:00050854       CompareMem
 0001:00050824       CompareStr
 0001:00005E58       CompareString
 0001:0000852C       CompareText
 0001:00050874       CompareText
 0001:00050F0C       CompareWith
 0001:00044090       CompletePhaseHandlerExists
 0001:0002A088       CompName
 0001:000656D4       ComponentCreated
 0001:0001E6C8       ComposeResult
 0001:00015EA4       Compress
 0001:000200C8       CompressBitmap
 0001:0001312C       CompressBlock
 0001:000134CC       CompressEx
 0001:000B3070       ComStrs
 0001:0002945C       connect
 0001:0003878C       ConnectToServer
 0001:0006D894       Consts
 0001:0002FAA4       ContainsSyncHandler
 0001:000751CC       Contnrs
 0002:00007C96       ControlAtom
 0002:00007C9C       ControlAtomString
 0001:000AA804       ControlHasHelp
 0001:000996B8       Controls
 0002:0000390C       Convert
 0002:0000391C       Convert
 0001:000542F4       ConvertAddr
 0001:000528FC       ConvertEraString
 0001:000506EC       ConvertError
 0001:00050704       ConvertErrorFmt
 0001:000C16E4       ConvertFlags
 0001:000C154C       ConvertMask
 0001:00026024       ConvertObject
 0001:00025C98       ConvertProperty
 0001:000C1708       ConvertStates
 0001:00052A64       ConvertYearString
 0001:000C72EC       CoolTrayIcon
 0002:0000031C       COpcodeFlags
 0002:0000051C       COpcodeFlags0f
 0002:0000071C       COpcodeFlagsEx
 0002:000008F0       COpcodeLabelIndex
 0002:000009F0       COpcodeLabelIndex0f
 0001:00004A84       CopyArray
 0001:000721C0       CopyBitmap
 0001:00072888       CopyBitmapAsMask
 0001:0001303C       CopyBlock
 0002:000016E0       CopyExtra
 0001:00005E60       CopyFile
 0001:000B5234       CopyImage
 0002:00001570       CopyLengths
 0002:000015EC       CopyLiteralExtra
 0001:00006A88       CopyMemory
 0002:00001668       CopyOffsets
 0001:00072824       CopyPalette
 0001:00008390       CopyR
 0002:00004CBC       CopyRight
 0002:00004CE8       CopyRight
 0002:00004CC0       CopyRight
 0002:00004CB0       CopyRight
 0002:00004D30       CopyRight
 0002:00003CDC       Copyright
 0002:00004CE4       CopyRight
 0002:00004BE8       CopyRight
 0002:00004BE4       CopyRight
 0002:00004898       CopyRight
 0001:000A0A20       CopyToBest
 0002:000002C4       COsDescr
 0001:00028C74       CoTaskMemAlloc
 0001:0001F7BC       CouldBeAfterCall
 0001:0001CB44       CouldBeAfterCall
 0001:00028C64       CoUninitialize
 0001:00054FDC       CountChars
 0002:00007AD0       CounterLock
 0002:00001BC4       CPArr
 0002:000037C8       CRangeToType
 0002:000017C4       crc32Tab
 0001:000547FC       CreateAssertException
 0001:00028A60       CreateAssistant
 0001:00054984       CreateAVObject
 0001:0004A84C       CreateAVStr
 0001:00006298       CreateBitmap
 0001:0001FD98       CreateBmp
 0001:000062A0       CreateBrushIndirect
 0001:0004144C       CreateButton
 0001:000062A8       CreateCompatibleBitmap
 0001:000062B0       CreateCompatibleDC
 0001:00065754       CreateComponent
 0001:000062B8       CreateDC
 0001:000062C8       CreateDIBitmap
 0001:000062C0       CreateDIBSection
 0001:00005E68       CreateDirectory
 0001:00005E70       CreateEvent
 0001:00005E78       CreateFile
 0001:00000244       CreateFileA
 0001:00005E80       CreateFileMapping
 0001:000062D0       CreateFont
 0001:000062D8       CreateFontIndirect
 0001:000062E0       CreateHalftonePalette
 0001:00006548       CreateIcon
 0001:0005472C       CreateInOutError
 0001:00040558       CreateListView
 0001:00027C74       CreateMainButton
 0001:00027930       CreateMainWindow
 0001:00006550       CreateMenu
 0001:00005E90       CreateMutex
 0001:000062E8       CreatePalette
 0001:000062F0       CreatePen
 0001:000062F8       CreatePenIndirect
 0001:00005EB0       CreatePipe
 0001:00020298       CreatePng
 0001:00006558       CreatePopupMenu
 0001:00005EB8       CreateProcess
 0001:00006300       CreateRectRgnIndirect
 0001:00005EC0       CreateRemoteThread
 0001:00006308       CreateSolidBrush
 0001:00070CA8       CreateSystemPalette
 0001:00005EC8       CreateThread
 0001:000002A4       CreateThread
 0002:00003530       CreateToolhelp32Snapshot
 0001:00006B3C       CreateWindow
 0001:00006AE4       CreateWindowEx
 0001:000413A0       CreateWindow_
 0002:000042C0       CreationControl
 0002:00004338       CreationControl
 0002:00000870       CRegLabels
 0002:000038B8       CRelationshipToBoolean
 0002:000034A8       CRes
 0002:0000378C       CResult
 0002:00004D4C       CRLF
 0001:0001650C       crypt2dwords
 0001:000169E0       cryptBuf
 0002:00001C0C       CSArr
 0002:000035B8       cSimpleBoolStrs
 0002:00003864       CText
 0002:00004434       Ctl3DStyles
 0002:00003E20       Ctl3DStyles
 0002:0000661C       curAlloc
 0001:0005C158       CurrCompare
 0002:00007894       CurrencyDecimals
 0002:00007890       CurrencyFormat
 0002:0000788C       CurrencyString
 0002:0000456C       CurrentKeyboardLayout
 0001:00052794       CurrentYear
 0001:000521F8       CurrToStr
 0001:0005AA68       CurrToWStrViaOS
 0002:00004620       CursorMap
 0002:00004348       Cursors
 0001:0008A040       CursorToIdent
 0002:00004610       cUseAlpha
 0002:00004618       cUseColorKey
 0001:00020DB0       Cut
 0001:0003F670       CutInPieces
 0001:00050C60       CvtInt
 0001:00050CCC       CvtInt64
 0002:000035F8       CWNear
 0001:0006CFC8       DataTypeToRegData
 0001:0005C12C       DateCompare
 0002:00007895       DateSeparator
 0001:00053324       DateTimeToString
 0001:000522F4       DateTimeToTimeStamp
 0001:0005AAA0       DateToWStrViaOS
 0001:000526E8       DayOfWeek
 0002:000035F4       DCon10
 0001:000222CC       DcToBmp
 0002:000039FC       DDBsOnly
 0001:000CDA28       DeallocateHWnd
 0001:0006B218       DeallocateHWnd
 0001:000A5394       DeallocateHWnd
 0002:00000028       DebugHook
 0001:0003C67C       DecCol
 0001:000234D0       DecCol
 0002:00007893       DecimalSeparator
 0001:00017060       Decode
 0001:00016F14       Decode
 0001:000526C8       DecodeDate
 0001:0005257C       DecodeDateFully
 0001:000193BC       DecodeNameString
 0001:000523E8       DecodeTime
 0001:000007D4       Decommit
 0001:00000DF8       DecommitFree
 0002:000065F8       decommittedRoot
 0001:00016BD4       Decrypt
 0001:0003A75C       DecryptPassword
 0001:00009B6C       DecryptStr
 0001:00009648       DecSep
 0001:000A7EE0       Default
 0001:000AE04C       Default
 0002:00000020       Default8087CW
 0001:000427A8       DefaultBugReportHtml
 0001:00076300       DefaultContextHelp
 0002:0000433C       DefaultDockTreeClass
 0002:00004730       DefaultEncodingNames
 0001:000BFF14       DefaultListViewSort
 0002:000065BC       DefaultSystemCodePage
 0002:00000034       DefaultTextLineBreakStyle
 0002:00003C50       DefBrushData
 0002:000039CC       DefFontData
 0001:00006560       DefFrameProc
 0002:00003684       DefLongDayNames
 0002:00003638       DefLongMonthNames
 0001:00006568       DefMDIChildProc
 0002:00003C30       DefPenData
 0002:00003668       DefShortDayNames
 0002:00003608       DefShortMonthNames
 0001:00006570       DefWindowProc
 0001:00004DF0       DelayLoadResourceModule
 0001:00000488       DeleteBlock
 0001:00005ED0       DeleteCriticalSection
 0001:000003F8       DeleteCriticalSection
 0001:00006310       DeleteDC
 0001:000E3E28       DeleteEntry
 0001:00005ED8       DeleteFile
 0001:00000C40       DeleteFree
 0001:0001C994       DeleteLink
 0001:00006578       DeleteMenu
 0001:00006318       DeleteObject
 0001:00080FD8       DeleteSelectedText
 0001:0000AC14       DelMsgHandler
 0001:0000AA1C       DelMsgHandler_
 0001:0002CB88       DereferenceMeSettingsBuf
 0001:0002D064       DereferenceMeSettingsModule
 0001:000C75AC       DES
 0001:000C8618       DesEcbEncrypt
 0001:00071D7C       DeselectBitmap
 0001:0009102C       DestroyChildWindow
 0001:00006580       DestroyCursor
 0001:00006588       DestroyIcon
 0001:000B5344       DestroyLocals
 0001:00006590       DestroyMenu
 0001:000A9664       DestroyPopupWindow
 0001:00006598       DestroyWindow
 0002:00002C78       DetectConsole
 0001:00086F14       Dialogs
 0002:00003C8C       DIBPalSizes
 0002:00000090       dig
 0002:00004830       Directions
 0001:000A50DC       DisableTaskWindows
 0002:000045A0       DisablingWindows
 0002:00002C98       DisAsmFunc
 0001:0000CDB8       DisAsmModRm
 0001:000065A0       DispatchMessage
 0002:00002C4C       DispatchMessageA
 0001:000065A8       DispatchMessageW
 0001:000ABC0C       DispatchShortCut
 0002:00006000       DispCallByIDProc
 0002:00000FF8       DistanceCode
 0001:000506D0       DivMod
 0001:000868B4       Dlgs
 0001:000AD02C       DoAlign
 0001:0008FF80       DoAlign
 0001:0009462C       DoCalcConstraints
 0002:00007CCC       DockSiteList
 0001:000A1870       DoClick
 0001:0003D020       DoClose
 0001:0003D0C8       DoContinue
 0001:00091A1C       DoControlMsg
 0001:000A508C       DoDisableWindow
 0001:0008AE40       DoDragOver
 0001:000433EC       DoExceptionAutoStuff
 0001:00050748       DoExitProc
 0001:00096758       DoFindControlZone
 0001:000A51D8       DoFindWindow
 0001:00096E80       DoFindZone
 0001:0002FC00       DoFireHandlers
 0001:000967DC       DoForEach
 0001:00098420       DoGetNextLimit
 0001:00010CA4       DoItAll
 0001:000C6A2C       DoMinimizeEvents
 0001:000A5054       DoneApplication
 0001:000993E0       DoneControls
 0001:00054CAC       DoneExceptions
 0001:000A9D2C       DoNestedActivation
 0001:00069DD0       DoneThreadSynchronization
 0001:000ACE70       DoPosition
 0001:0008FB40       DoPosition
 0001:0003D390       DoPrint
 0001:00097934       DoPrune
 0001:000855B0       DoRect
 0001:0003D074       DoRestart
 0001:0003D270       DoSave
 0001:00097E44       DoSaveZone
 0001:0003D100       DoSend
 0001:00098108       DoSetNewBounds
 0002:000038D4       DotSep
 0001:00062634       DoWrite
 0001:0009BF18       DoWrite
 0001:00071934       DoWrite
 0001:00090CD8       DoWriteDesignSize
 0001:0008E670       DoWriteIsControl
 0002:00007CB0       DragCapture
 0002:00007CA4       DragControl
 0001:0008B5A0       DragDone
 0001:0008ADF0       DragFindTarget
 0001:0008ADC4       DragFindWindow
 0002:00007CC8       DragImageList
 0001:0008B1F8       DragInit
 0001:0008B368       DragInitControl
 0002:00007CAC       DragInternalObject
 0001:0008AD0C       DragMessage
 0002:00007CA8       DragObject
 0002:00007CD4       DragSave
 0002:00007CBC       DragSaveCursor
 0002:00007CB4       DragStartPos
 0002:00007CC0       DragThreshold
 0001:0008AF1C       DragTo
 0001:000AE088       DrawAppIcon
 0001:000973B8       DrawCloseButton
 0001:0002208C       DrawCursorOnDC
 0001:000065B0       DrawEdge
 0001:000065B8       DrawFocusRect
 0001:000065C0       DrawFrameControl
 0001:0009744C       DrawGrabberLine
 0001:0000747C       DrawGraphic
 0001:000065C8       DrawIcon
 0001:000065D0       DrawIconEx
 0002:00004470       DrawingStyles
 0001:0003CA80       DrawLine
 0001:0003D430       DrawLineEx
 0001:000065D8       DrawMenuBar
 0001:000A2BF8       DrawMenuItem
 0001:000065E0       DrawText
 0002:00007B8C       DrawThemeBackground
 0001:000974D4       DrawThemedGrabber
 0002:00007BB0       DrawThemeEdge
 0002:00007BB4       DrawThemeIcon
 0002:00007C38       DrawThemeParentBackground
 0002:00007B90       DrawThemeText
 0001:000B2050       DropStream
 0002:00002C80       DumbStackTrace
 0001:00070760       DupBits
 0001:00005EE0       DuplicateHandle
 0001:00004A9C       DynArrayClear
 0001:00004AA4       DynArraySetLength
 0002:0000491C       E
 0001:00049D18       Ebp
 0002:0000455C       EdgeStyle
 0002:00004424       EdgeStyles
 0002:00003E10       EdgeStyles
 0002:000047D0       EditStyles
 0001:00054700       EHeapException.FreeInstance
 0001:000D5F78       EHttpException.Create
 0002:00003D48       Ellipsis
 0001:000DDCFC       EmitComplexBraces
 0001:000DE370       EmitExactly
 0001:000DE424       EmitRange
 0001:000DE520       EmitRangeC
 0001:000DE4DC       EmitRangeCPrim
 0001:000DE730       EmitRangeStr
 0001:000DDDF4       EmitSimpleBraces
 0001:000DE714       EmitSimpleRangeC
 0002:00003D94       Empty
 0001:000065E8       EmptyClipboard
 0001:0005BFA8       EmptyCompare
 0002:00007A08       EmptyParam
 0002:0000353C       EmptyStr
 0002:00003540       EmptyWideStr
 0001:000065F0       EnableMenuItem
 0002:000044F4       Enables
 0001:000065F8       EnableScrollBar
 0001:000A51A0       EnableTaskWindows
 0002:00007C20       EnableThemeDialogTexture
 0002:00007C3C       EnableTheming
 0001:00006600       EnableWindow
 0001:00016D84       Encode
 0001:00016EB8       Encode
 0001:0005254C       EncodeDate
 0001:000DBD24       EncodeLine
 0001:000DBCE8       EncodeStr
 0001:0003737C       EncodeStr
 0001:000523A8       EncodeTime
 0001:00006320       EndDoc
 0001:00060E3C       EndGlobalLoading
 0001:00006328       EndPage
 0001:00006608       EndPaint
 0001:00011D08       EndTryRead
 0001:00075CDC       EnsureHelpManager
 0001:00005EE8       EnterCriticalSection
 0001:000003E8       EnterCriticalSection
 0001:0002C8C0       EnterSettingsMutex
 0001:00005EF0       EnumCalendarInfoA
 0001:00006610       EnumChildWindows
 0002:00007B20       EnumDisplayMonitors
 0001:00053F60       EnumEraNames
 0001:00053F9C       EnumEraYearOffsets
 0001:000A8530       EnumMonitorsProc
 0001:0004ED60       EnumProcesses9x
 0001:0004EEAC       EnumProcessesNt
 0001:00006618       EnumThreadWindows
 0001:0004BF58       EnumWindowProc
 0001:00006620       EnumWindows
 0001:00006628       EqualRect
 0002:0000795C       EraNames
 0001:00053608       EraToYear
 0002:00007978       EraYearOffsets
 0002:00000068       errCaption
 0001:0009D614       Error
 0001:00064590       Error
 0001:00060348       Error
 0001:000018C4       Error
 0002:00000004       ErrorAddr
 0001:00001878       ErrorAt
 0001:00009920       ErrorCodeToStr
 0001:000547AC       ErrorHandler
 0002:000036A0       ErrorMap
 0002:00006008       ErrorProc
 0002:000063E4       ErrOutput
 0001:00049D10       Esp
 0001:0001DE88       EvaluateLinks
 0001:0000180C       ExceptAddr
 0002:0000600C       ExceptClsProc
 0001:00054C18       ExceptHandler
 0002:00007838       ExceptHandlers
 0002:0000783C       ExceptHandlersOO
 0001:00054574       Exception.Create
 0001:000545B0       Exception.CreateFmt
 0001:00054630       Exception.CreateRes
 0001:0005466C       Exception.CreateResFmt
 0002:0000601C       ExceptionClass
 0001:00054300       ExceptionErrorMessage
 0002:000034E8       exceptionNumber
 0002:000036D8       ExceptMap
 0001:000017EC       ExceptObject
 0002:00006010       ExceptObjProc
 0002:00006004       ExceptProc
 0001:00006330       ExcludeClipRect
 0002:00000000       ExitCode
 0001:0000350C       ExitDll
 0002:00006044       ExitProc
 0001:000002AC       ExitProcess
 0001:00005EF8       ExitProcess
 0002:00006024       ExitProcessProc
 0002:000035B4       ExitProcList
 0001:00005F00       ExitThread
 0001:00005F08       ExpandEnvironmentStrings
 0001:00051320       ExpandFileName
 0001:0002B0D8       ExpandVars
 0001:0000AD9C       ExportToFunc
 0001:000B55F8       ExtActns
 0001:00086860       ExtCtrls
 0001:000B5528       ExtDlgs
 0002:000014D0       ExtraBitLengthBits
 0001:000512D8       ExtractFileExt
 0001:00029CA8       ExtractFileName
 0001:000512A0       ExtractFileName
 0001:0005126C       ExtractFilePath
 0001:00029D24       ExtractFilePath
 0001:0003A9B8       ExtractHeaderInfo
 0002:00001458       ExtraDistanceBits
 0002:000013E4       ExtraLengthBits
 0001:00006338       ExtTextOut
 0001:000C73BC       F
 0002:00008018       FAccept
 0002:00007998       FalseBoolStrs
 0002:00008014       FBind
 0002:00007C7C       FClipboard
 0002:00008010       FCloseSocket
 0002:000035E8       FCon1E18
 0002:0000800C       FConnect
 0002:000002C0       FDecSep
 0002:00004D00       FDll2Handle
 0002:00004CFC       FDllHandle
 0002:00007FB8       FGetHostByAddr
 0002:00007FB4       FGetHostByName
 0002:00007FBC       FGetHostName
 0002:00008008       FGetPeerName
 0002:00007FB0       FGetProtoByName
 0002:00007FAC       FGetServByName
 0002:00008004       FGetSockName
 0002:00007FCC       FGetSockOpt
 0002:00008000       Fhtonl
 0002:00007FFC       Fhtons
 0001:00051184       FileAge
 0002:00003C84       FileFormats
 0002:00000008       FileMode
 0001:00001C70       FileNOPProc
 0001:0005109C       FileOpen
 0001:000510F4       FileRead
 0002:00003900       FilerSignature
 0001:0005114C       FileSeek
 0001:00005F10       FileTimeToDosDateTime
 0001:00005F18       FileTimeToLocalFileTime
 0001:00005F20       FileTimeToSystemTime
 0001:0000A280       FileVersionToStr
 0001:00051120       FileWrite
 0001:00000D28       FillAfterGap
 0001:00000CD4       FillBeforeGap
 0001:0002B70C       FillClipboard
 0001:00000DC0       FillerSizeAfterGap
 0001:00000D50       FillerSizeBeforeGap
 0001:0001E3CC       FillFinalOutput
 0001:000236F8       FillRect
 0001:00006630       FillRect
 0001:00023740       FillRect
 0001:00008AD8       FillStr
 0001:0001DA48       FillUpLink
 0001:00012398       FillWindow
 0001:0001FC04       Finalization
 0001:000B54AC       Finalization
 0001:000B544C       Finalization
 0001:00056B20       Finalization
 0001:00022660       Finalization
 0001:00005CD4       Finalization
 0001:00009C7C       Finalization
 0001:00005C00       Finalization
 0001:0004FA20       Finalization
 0001:0001B698       Finalization
 0001:0004F534       Finalization
 0001:000A2F00       Finalization
 0001:000059DC       Finalization
 0001:000D4CF4       Finalization
 0001:0004DD7C       Finalization
 0001:0006D864       Finalization
 0001:000B5550       Finalization
 0001:0006D54C       Finalization
 0001:0006CE70       Finalization
 0001:0006B240       Finalization
 0001:0004DC0C       Finalization
 0001:000E0FFC       Finalization
 0001:0008269C       Finalization
 0001:000E12C0       Finalization
 0001:000833E8       Finalization
 0001:0007790C       Finalization
 0001:000E1654       Finalization
 0001:000B3040       Finalization
 0001:00028C24       Finalization
 0001:00028C7C       Finalization
 0001:000B2FB8       Finalization
 0001:000B55A8       Finalization
 0001:000B2F80       Finalization
 0001:000B2F28       Finalization
 0001:000B2AD0       Finalization
 0001:00087168       Finalization
 0001:00087000       Finalization
 0001:00086F54       Finalization
 0001:000170BC       Finalization
 0001:00028F18       Finalization
 0001:000C5740       Finalization
 0001:00086EB8       Finalization
 0001:000C84FC       Finalization
 0001:00074D1C       Finalization
 0001:000164A8       Finalization
 0001:00028F68       Finalization
 0001:00074EEC       Finalization
 0001:00028FA0       Finalization
 0001:00028FD8       Finalization
 0001:0007869C       Finalization
 0001:00029010       Finalization
 0001:0007519C       Finalization
 0001:0002907C       Finalization
 0001:000DC2CC       Finalization
 0001:000290C4       Finalization
 0001:00029414       Finalization
 0001:000C8F1C       Finalization
 0001:00007D98       Finalization
 0001:0005E234       Finalization
 0001:00029504       Finalization
 0001:00075918       Finalization
 0001:00075958       Finalization
 0001:00086884       Finalization
 0001:000C72A0       Finalization
 0001:00086830       Finalization
 0001:00006E70       Finalization
 0001:00076A38       Finalization
 0001:000C774C       Finalization
 0001:00076A80       Finalization
 0001:00076AB8       Finalization
 0001:000C80D8       Finalization
 0001:000B0CBC       Finalization
 0001:000B0960       Finalization
 0001:000B0928       Finalization
 0001:00006E38       Finalization
 0001:0000B64C       Finalization
 0001:00006C8C       Finalization
 0001:000B08E0       Finalization
 0001:000B08A8       Finalization
 0001:00011E98       Finalization
 0001:000B0870       Finalization
 0001:000CA4FC       Finalization
 0001:000B07C8       Finalization
 0001:00099650       Finalization
 0001:00076DDC       Finalization
 0001:000B7634       Finalization
 0001:0009AA38       Finalization
 0001:000E49A0       Finalization
 0001:0005D370       Finalization
 0001:000E4A04       Finalization
 0001:00076F88       Finalization
 0001:0005D11C       Finalization
 0001:0009C668       Finalization
 0001:000CA27C       Finalization
 0001:00056160       Finalization
 0001:000C98FC       Finalization
 0001:0004EB00       Finalization
 0001:00004A94       FinalizeArray
 0001:00003350       FinalizeUnits
 0001:0000AC20       FinalMsgHandler
 0001:000A13FC       Find
 0001:00067B80       FindAncestor
 0001:0001C9E4       FindAndDeleteLink
 0001:0001D9E4       FindApprovedDownLink
 0001:0004C4B4       FindBpl
 0001:00004E70       FindBS
 0001:00060864       FindClass
 0001:00049808       FindClass
 0001:00004DE8       FindClassHInstance
 0001:00005F28       FindClose
 0001:000002BC       FindClose
 0001:0001C110       FindCodeAddrAndTarget
 0001:00010248       FindCodeArea
 0001:0001083C       FindCodeArea
 0001:0003EA1C       FindColumns
 0001:00000CA4       FindCommitted
 0001:00089E20       FindControl
 0001:0005CF60       FindCustomVariantType
 0001:0005D01C       FindCustomVariantType
 0001:0008B8C8       FindDragTarget
 0001:00065904       FindExistingComponent
 0001:000002C4       FindFirstFile
 0001:00005F30       FindFirstFile
 0001:00060CCC       FindGlobalComponent
 0001:000A52E4       FindGlobalComponent
 0002:00007A68       FindGlobalComponentProcs
 0001:00004DC0       FindHInstance
 0001:00060B74       FindIdentToInt
 0001:000266C0       FindImagePos
 0001:00060AF8       FindIntToIdent
 0001:0003E8F4       FindLines
 0001:00019908       FindMapFile
 0001:0001B1E8       FindMapFile
 0001:0002C828       FindMEProperty
 0001:000353AC       FindMeSettings
 0001:0006891C       FindMethodName
 0001:0000AC38       FindModule
 0002:00007C70       FindMsg
 0001:0001CBEC       FindNearestExport
 0001:00064964       FindNestedComponent
 0001:00005F38       FindNextFile
 0001:00020F5C       FindOptimalPalette
 0001:0009D5D8       FindPopupControl
 0001:000567E8       FindProc
 0001:0000CC24       FindProcName
 0001:00005F40       FindResource
 0001:00004E38       FindResourceHInstance
 0001:000AFE5C       FindScanline
 0001:000A523C       FindTopMostWindow
 0001:00066850       FindUniqueName
 0001:0001D734       FindValidStackArr
 0001:0005CB04       FindVarData
 0001:0008B894       FindVCLWindow
 0001:00006638       FindWindow
 0002:00007FF8       FInet_addr
 0002:00007FF4       FInet_ntoa
 0002:00007FEC       FIoctlSocket
 0001:0002F110       FireHandlers
 0002:00003404       FireHandlersMsg
 0002:00003400       FireHandlersWnd
 0002:0000156C       FixedBuild
 0002:000077C4       FixedDistanceBits
 0002:000077CC       FixedDistanceTable
 0002:000077C0       FixedLiteralBits
 0002:000077C8       FixedLiteralTable
 0002:000066C0       FixedTablesMemory
 0001:00072174       FixupBitFields
 0002:00004574       Flags
 0002:000079A8       FLanguages
 0001:00076E0C       FlatSB
 0002:00007B4C       FlatSB_EnableScrollBar
 0002:00007B58       FlatSB_GetScrollInfo
 0002:00007B5C       FlatSB_GetScrollPos
 0002:00007B54       FlatSB_GetScrollRange
 0002:00007B64       FlatSB_SetScrollInfo
 0002:00007B60       FlatSB_SetScrollPos
 0001:00076AFC       FlatSB_SetScrollProp
 0002:00007B68       FlatSB_SetScrollRange
 0002:00007B50       FlatSB_ShowScrollBar
 0002:00007FE8       FListen
 0001:00051E88       FloatToDecimal
 0001:000521C8       FloatToStr
 0001:00051BB4       FloatToText
 0001:00001ED4       Flush
 0001:000133B4       FlushBlockOnly
 0001:0001201C       FlushDstFile
 0001:00013B28       FlushDstFile
 0001:00012550       FlushPending
 0002:00000AF0       FMagic
 0002:00000AF4       FMagic95
 0002:00000AF8       FMagicReady
 0002:000035FC       FMSecsPerDay
 0001:00051AA8       FmtStr
 0002:00007FE4       Fntohl
 0002:00007FE0       Fntohs
 0002:00004590       FocusCount
 0002:0000458C       FocusMessages
 0002:00003BA0       FontCharsets
 0002:00007AE8       FontManager
 0002:00007FC0       FOpenSocket
 0001:0003A8E0       ForceDir
 0001:000A52B8       ForegroundTask
 0002:00008218       Form1
 0002:00003604       Format
 0001:00051A94       Format
 0001:0005169C       FormatBuf
 0001:00051690       FormatClearStr
 0001:00051614       FormatError
 0002:000035E0       FormatErrorStrs
 0001:0002B664       FormatExceptMessage
 0001:000367D8       FormatMailAddr
 0001:00005F48       FormatMessage
 0001:000091A4       FormatSubStrs
 0001:0005166C       FormatVarToStr
 0001:000B0824       Forms
 0002:00002C9C       Forms_TApplication_HandleException
 0002:00002CA0       Forms_TApplication_ShowException
 0001:0003736C       FourBitToHex
 0001:00002390       FPower10
 0002:00003CD4       FPrinter
 0001:00085674       Frame3D
 0001:00006640       FrameRect
 0002:00007FD8       FRecv
 0002:00007FDC       FRecvFrom
 0001:00055D40       FreeAndNil
 0001:00000A08       FreeCommitted
 0001:00021CE4       FreeContributorList
 0001:00000F30       FreeCurAlloc
 0001:0008B98C       FreeDeviceContext
 0001:0008BA48       FreeDeviceContexts
 0001:0006B00C       FreeIntConstList
 0001:000002CC       FreeLibrary
 0001:00005F50       FreeLibrary
 0002:00000304       FreeLibrary16
 0001:00005544       FreeMemory
 0001:00071CD0       FreeMemoryContexts
 0001:0006B140       FreeObjectInstance
 0001:000A5378       FreeObjectInstance
 0001:0002D004       FreeProps
 0001:00005F70       FreeResource
 0001:00005DE0       FreeSid
 0001:00000680       FreeSpace
 0001:00055884       FreeTerminateProcs
 0001:00076FC0       FreeThemeLibrary
 0002:00003434       FreezeTimeout
 0002:00007F58       FRichEditModule
 0001:00011AF0       Fs
 0002:00007FD4       FSend
 0002:00007FD0       FSendTo
 0002:00007FC8       FSetSockOpt
 0002:00007FC4       FShutdown
 0002:000077EC       functionCache
 0002:000077E8       functionCount
 0002:00007FA4       FWSAAsyncGetHostByAddr
 0002:00007FA0       FWSAAsyncGetHostByName
 0002:00007FA8       FWSAAsyncSelect
 0002:00007F9C       FWSACancelAsyncRequest
 0002:00007F90       FWSACleanup
 0002:00007F98       FWSAGetLastError
 0002:00007FF0       FWSAIoctl
 0002:00007F94       FWSASetLastError
 0002:00007F8C       FWSAStartup
 0002:000081B8       GClassCritSect
 0001:00070750       GDICheck
 0001:000706A8       GDIError
 0001:00006340       GdiFlush
 0001:0001274C       GenerateBitLengths
 0001:000125EC       GenerateCodes
 0001:00001B7C       Get8087CW
 0001:00044BB4       Get9xResourceReport
 0001:00005960       GetACP
 0001:00006648       GetActiveWindow
 0001:000B0920       GetAdaptersInfo
 0001:000CEC9C       GetAliasList
 0001:00044E38       GetAllocatedMemory
 0001:000A162C       GetAltGRStatus
 0001:000AD50C       GetAnimation
 0001:00006650       GetAsyncKeyState
 0001:00038524       GetAttachSize
 0001:000DBBC4       GetBaseUrl
 0001:000C7354       GetBit
 0001:000B36D8       GetBitBtnGlyph
 0001:00006348       GetBitmapBits
 0001:00000400       GetBlockDesc
 0001:00006350       GetBrushOrgEx
 0001:0004BD48       GetBugReport
 0001:0003A7EC       GetBugReportFile
 0001:000BFB50       GetByteLength
 0001:00006658       GetCapture
 0001:0008A13C       GetCaptureControl
 0001:00060810       GetClass
 0001:00006660       GetClassInfo
 0001:00006668       GetClassName
 0001:000471E0       GetCleartextDisAsm
 0001:0003D534       GetClientCursorPos
 0001:00006670       GetClientRect
 0001:00006358       GetClipBox
 0001:0000039C       GetCmdShow
 0001:0009AC90       GetColor
 0001:000BB74C       GetComCtlVersion
 0001:00005F80       GetCommandLine
 0001:000002D4       GetCommandLine
 0001:00000854       GetCommitted
 0001:000008E4       GetCommittedAt
 0001:00069024       GetComponentValue
 0001:00005F88       GetComputerName
 0001:00021988       GetContributorList
 0001:00091370       GetControlAtPos
 0001:00052858       GetCount
 0001:00005F78       GetCPInfo
 0001:00044970       GetCpuCount
 0001:000448F8       GetCpuName
 0001:00046C04       GetCpuRegisters
 0001:00006360       GetCurrentPositionEx
 0001:00005F90       GetCurrentProcess
 0001:00005F98       GetCurrentProcessId
 0002:00007C30       GetCurrentThemeName
 0001:00005FA0       GetCurrentThread
 0001:0000038C       GetCurrentThreadId
 0001:00005FA8       GetCurrentThreadId
 0001:00006678       GetCursor
 0001:000AFE6C       GetCursorHeightMargin
 0001:00006680       GetCursorPos
 0001:00052884       GetDate
 0001:00005FB0       GetDateFormat
 0001:00053520       GetDateOrder
 0001:00038908       GetDateTimeStr
 0001:00006688       GetDC
 0001:00006690       GetDCEx
 0001:00006368       GetDCOrgEx
 0001:00061BB8       GetDesigner
 0001:00006698       GetDesktopWindow
 0001:00006380       GetDeviceCaps
 0001:0004E45C       GetDeviceInfo
 0001:000716C0       GetDIB
 0001:00006370       GetDIBColorTable
 0001:00006378       GetDIBits
 0001:00071604       GetDIBSizes
 0001:000708C0       GetDInColors
 0001:00005FB8       GetDiskFreeSpace
 0001:00005FC0       GetDiskFreeSpaceA
 0002:000035B0       GetDiskFreeSpaceEx
 0001:00045340       GetDiskStr
 0001:00044C68       GetDisplayModeString
 0001:000377DC       GetDnsIps
 0001:00098504       GetDockAlign
 0001:0008AB5C       GetDockSiteAtPos
 0001:000066A0       GetDoubleClickTime
 0001:0008AE7C       GetDropCtl
 0001:00002A18       GetDynaMethod
 0001:0001F140       GetEbp
 0001:0005D3E0       GetEnumName
 0001:0005D4B8       GetEnumNameValue
 0001:0005D504       GetEnumValue
 0001:00054014       GetEraNamesAndYearOffsets
 0001:000535B4       GetEraYearOffset
 0001:0002B4C8       GetExceptClass_
 0001:0005496C       GetExceptionClass
 0001:0000B5B4       GetExceptionObject
 0001:00054B50       GetExceptionObject
 0001:0002B550       GetExceptMessage_
 0001:00060798       GetFieldClassTable
 0001:00005FC8       GetFileAttributes
 0001:00000254       GetFileSize
 0001:00005FD0       GetFileSize
 0001:00030D54       GetFileTime
 0001:00005FD8       GetFileTime
 0001:0001A2D8       GetFileTime
 0001:0000024C       GetFileType
 0001:00054DBC       GetFileVersion
 0001:0000A198       GetFileVersion
 0001:00006270       GetFileVersionInfo
 0001:00006278       GetFileVersionInfoSize
 0001:0005DCC0       GetFloatProp
 0001:000066A8       GetFocus
 0001:000235C4       GetFont
 0001:0006F07C       GetFontData
 0001:000066B0       GetForegroundWindow
 0001:00055430       GetFormatSettings
 0001:0000A080       GetFreeSystemResources
 0001:00005FE0       GetFullPathName
 0001:0001BAA4       GetFunctionName
 0001:00021360       GetGrayPal
 0001:0000B7BC       GetHalt0Addr
 0001:0000B79C       GetHandleAnyExceptionAddr
 0001:0000B7AC       GetHandleAutoExceptionAddr
 0001:0000B7B4       GetHandleFinallyAddr
 0001:0000B7A4       GetHandleOnExceptionAddr
 0001:0004E890       GetHardwareList
 0001:0004E064       GetHardwareList9x
 0001:0004E4F4       GetHardwareListNt
 0001:0006E5E4       GetHashCode
 0001:000AA83C       GetHelpInfo
 0001:00075CF8       GetHelpSystem
 0001:000AD2F0       GetHint
 0001:000AD328       GetHintControl
 0001:000294BC       gethostbyname
 0001:000A2D74       GetHotkey
 0001:000066B8       GetIconInfo
 0001:000B0918       GetIfTable
 0001:0000AD70       GetImageDataDirectory
 0001:0000AD94       GetImageExportDirectory
 0001:0000AD14       GetImageNtHeaders
 0001:0000AEA4       GetImageProcAddress
 0001:0000B0A8       GetImageProcAddress
 0001:0000B0F4       GetImageProcName
 0001:0005E0DC       GetInt64Prop
 0001:0005E140       GetInterfaceProp
 0001:000CEC0C       GetIPList
 0001:000066D0       GetKeyboardLayout
 0001:000066D8       GetKeyboardLayoutList
 0001:000066E0       GetKeyboardLayoutName
 0001:000066E8       GetKeyboardState
 0001:0000267C       GetKeyboardType
 0001:000066C0       GetKeyNameText
 0001:000066C8       GetKeyState
 0001:00037B40       GetLabel
 0001:0000D304       GetLabel
 0001:000066F0       GetLastActivePopup
 0001:00096488       GetLastChildZone
 0001:000002DC       GetLastError
 0001:00005FE8       GetLastError
 0001:0001B630       GetLineNumber
 0002:00000314       GetLineNumber
 0001:00053DD4       GetLocaleChar
 0001:000002E4       GetLocaleInfo
 0001:00005FF8       GetLocaleInfo
 0001:00053D88       GetLocaleStr
 0001:00005FF0       GetLocalTime
 0001:0008A0A4       GetLongHint
 0001:0005D960       GetLongStrProp
 0001:00018914       GetMapFileFromResources
 0001:0001B358       GetMapFileInfos
 0001:00044A5C       GetMemoryStatus
 0001:000066F8       GetMenu
 0001:000AA7C4       GetMenuHelpContext
 0001:00006700       GetMenuItemCount
 0001:00006708       GetMenuItemID
 0001:00006710       GetMenuItemInfo
 0001:0009FC3C       GetMenuSize
 0001:00006718       GetMenuState
 0001:00006720       GetMenuString
 0001:0002C388       GetMeSettingsRes
 0001:00006728       GetMessage
 0001:00006730       GetMessageA
 0001:0004BB70       GetMessageCallbackA
 0001:0004BBBC       GetMessageCallbackW
 0001:00038A28       GetMessageId
 0001:00006740       GetMessagePos
 0001:00006738       GetMessageW
 0001:0005E064       GetMethodProp
 0001:000002EC       GetModuleFileName
 0001:00006000       GetModuleFileName
 0001:00006008       GetModuleFileNameA
 0002:00003538       GetModuleFileNameExA
 0001:00006010       GetModuleFileNameW
 0001:00005AF8       GetModuleHandle
 0001:000002F4       GetModuleHandle
 0001:00006018       GetModuleHandle
 0001:00006020       GetModuleHandleA
 0001:00006028       GetModuleHandleW
 0001:0004F62C       GetModuleList
 0001:0002A3E4       GetModuleList
 0002:00007B14       GetMonitorInfo
 0002:00007B18       GetMonitorInfoA
 0002:00007B1C       GetMonitorInfoW
 0001:00053E3C       GetMonthDayNames
 0001:00018E64       GetNextLine
 0001:00006748       GetNextWindow
 0001:00006388       GetObject
 0001:0005D65C       GetOrdProp
 0001:00044758       GetOsLanguageString
 0001:000446AC       GetOsVersionString
 0001:00006390       GetPaletteEntries
 0001:000019A4       GetParamStr
 0001:00006750       GetParent
 0001:000A54F0       GetParentForm
 0001:00008648       GetPCharLen
 0001:00006398       GetPixel
 0001:0001FFCC       GetPngHeader
 0001:000ADE20       GetPopupOwnerWindows
 0001:00006030       GetPriorityClass
 0001:00006038       GetProcAddress
 0001:000002FC       GetProcAddress
 0002:00000308       GetProcAddress16
 0001:0004F2C4       GetProcessList
 0001:00044D70       GetProcessMemInfo
 0002:00000310       GetProcNameFromMapFile
 0001:0001B458       GetProcNameFromMapFile
 0001:000447F8       GetProgramUpTime
 0001:00006758       GetProp
 0001:0005D568       GetPropInfo
 0001:0005D5D8       GetPropInfos
 0001:0002CC10       GetPropStr
 0001:00039D60       GetProxyServer
 0001:000A59DC       GetRealScrollPosition
 0001:0009AC70       GetRGBColor
 0001:000290B4       GetSaveFileName
 0001:00030DE0       GetScreenShotFile
 0001:00006760       GetScrollInfo
 0001:00006768       GetScrollPos
 0001:00006770       GetScrollRange
 0001:0002A32C       GetSeconds
 0001:000294C4       getservbyname
 0001:00037C68       GetServers
 0001:000E22C4       GetSessionTraffic
 0001:0005D72C       GetSetElementName
 0001:0005D7BC       GetSetElementValue
 0001:0008A060       GetShortHint
 0001:0005D858       GetShortStrProp
 0001:0005D8F0       GetShortStrPropAsLongStr
 0001:000005A4       GetSpace
 0001:00000608       GetSpaceAt
 0001:0009D66C       GetSpecialName
 0001:0001C8C8       GetStackAddr
 0001:0001FB0C       GetStackAddr
 0001:00046F5C       GetStackDump
 0001:0001C8CC       GetStackTop
 0001:0001FB10       GetStackTop
 0001:00000304       GetStartupInfo
 0001:00006040       GetStdHandle
 0001:0000025C       GetStdHandle
 0001:000063A0       GetStockObject
 0001:00019504       GetStr
 0001:0005DA90       GetStrProp
 0001:00006778       GetSubMenu
 0001:00006780       GetSysColor
 0001:00006788       GetSysColorBrush
 0001:00006048       GetSystemDirectory
 0001:00006790       GetSystemMenu
 0001:00006798       GetSystemMetrics
 0002:00007B04       GetSystemMetrics
 0001:000063A8       GetSystemPaletteEntries
 0001:00006050       GetSystemTime
 0001:000447A0       GetSystemUpTime
 0001:0004050C       GetTabClientRect
 0001:0002AD40       GetTebIndex
 0001:00029E1C       GetTempPath
 0001:00006058       GetTempPath
 0001:00023684       GetTextExtent
 0001:000063B0       GetTextExtentPoint32
 0001:000063B8       GetTextFace
 0001:000063C0       GetTextMetrics
 0002:00007C28       GetThemeAppProperties
 0002:00007B94       GetThemeBackgroundContentRect
 0002:00007B98       GetThemeBackgroundExtent
 0002:00007BA8       GetThemeBackgroundRegion
 0002:00007BCC       GetThemeBool
 0002:00007BC0       GetThemeColor
 0002:00007C34       GetThemeDocumentationProperty
 0002:00007BD4       GetThemeEnumValue
 0002:00007BF4       GetThemeFilename
 0002:00007BDC       GetThemeFont
 0002:00007BD0       GetThemeInt
 0002:00007BE8       GetThemeIntList
 0002:00007BE4       GetThemeMargins
 0002:00007BC4       GetThemeMetric
 0002:00007B9C       GetThemePartSize
 0002:00007BD8       GetThemePosition
 0002:00007BEC       GetThemePropertyOrigin
 0002:00007BE0       GetThemeRect
 0002:00007BC8       GetThemeString
 0002:00007C00       GetThemeSysBool
 0002:00007BF8       GetThemeSysColor
 0002:00007BFC       GetThemeSysColorBrush
 0002:00007C08       GetThemeSysFont
 0002:00007C10       GetThemeSysInt
 0002:00007C04       GetThemeSysSize
 0002:00007C0C       GetThemeSysString
 0002:00007BA0       GetThemeTextExtent
 0002:00007BA4       GetThemeTextMetrics
 0001:00006060       GetThreadContext
 0001:00047A7C       GetThreadInfos
 0001:0002AAA0       GetThreadInfoStr
 0001:00029798       GetThreadList
 0001:00006068       GetThreadLocale
 0001:0000030C       GetThreadLocale
 0001:00006070       GetThreadPriority
 0001:000469C4       GetThreadReport
 0001:00047B94       GetThreadStack
 0001:00006078       GetTickCount
 0001:000528BC       GetTime
 0001:00005B24       GetTlsSize
 0001:000ADBDC       GetTopMostWindows
 0001:0008A248       GetTopParent
 0001:000067A0       GetTopWindow
 0001:0001C764       GetTryFinallyExitAddr
 0001:0001C778       GetTryFinallyExitRetAddr
 0001:00044380       GetTSClientName
 0001:0005D3D4       GetTypeData
 0001:00005DE8       GetUserName
 0001:0005CC24       GetVarDataArrayInfo
 0001:0005DFE4       GetVariantProp
 0001:00000394       GetVersion
 0001:00006080       GetVersion
 0001:00006088       GetVersionEx
 0001:00006090       GetVersionExA
 0001:00006098       GetVersionExW
 0001:0005DB00       GetWideStrProp
 0001:0005D9E0       GetWideStrPropAsLongStr
 0001:000067A8       GetWindow
 0001:000067B0       GetWindowDC
 0001:000067B8       GetWindowLong
 0001:000067C0       GetWindowLongW
 0001:000063C8       GetWindowOrgEx
 0001:000067C8       GetWindowPlacement
 0001:000067D0       GetWindowRect
 0001:000060A0       GetWindowsDirectory
[...]
  2601 0001:000DF4CE  2602 0001:000DF4D2  2599 0001:000DF4D3  2607 0001:000DF4F1
  2608 0001:000DF4FC  2610 0001:000DF507  2611 0001:000DF50F  2614 0001:000DF51A
  2615 0001:000DF51E  2616 0001:000DF524  2618 0001:000DF53B  2619 0001:000DF53C
  2615 0001:000DF53D  2621 0001:000DF543  2622 0001:000DF547  2623 0001:000DF54D
  2626 0001:000DF55C  2627 0001:000DF567  2629 0001:000DF572  2630 0001:000DF57A
  2633 0001:000DF585  2634 0001:000DF589  2635 0001:000DF58F  2638 0001:000DF5B9
  2639 0001:000DF5BA  2634 0001:000DF5BB  2641 0001:000DF5C1  2642 0001:000DF5C5
  2643 0001:000DF5CB  2648 0001:000DF5DA  2649 0001:000DF5DE  2646 0001:000DF5DF
  2654 0001:000DF600  2655 0001:000DF604  2652 0001:000DF605  2692 0001:000DF623
  2693 0001:000DF627  2689 0001:000DF628  2700 0001:000DF649  2701 0001:000DF64D
  2697 0001:000DF64E  2708 0001:000DF675  2709 0001:000DF679  2706 0001:000DF67A
  2737 0001:000DF691  2738 0001:000DF697  2739 0001:000DF6A2  2742 0001:000DF6A4
  2743 0001:000DF6AE  2750 0001:000DF6B8  2751 0001:000DF6C1  2752 0001:000DF6C3
  2754 0001:000DF6C4  2755 0001:000DF6C9  2756 0001:000DF6CD  2757 0001:000DF6D1
  2758 0001:000DF6D3  2782 0001:000DF6D4  2783 0001:000DF6FB  2784 0001:000DF6FF
  2786 0001:000DF701  2787 0001:000DF709  2788 0001:000DF70E  2789 0001:000DF712
  2790 0001:000DF719  2792 0001:000DF71E  2795 0001:000DF7E9  2802 0001:000DF8BD
  2804 0001:000DF8C2  2805 0001:000DF8D4  2806 0001:000DF8D9  2807 0001:000DF8E8
  2808 0001:000DF8ED  2809 0001:000DF8FF  2810 0001:000DF90C  2814 0001:000DF93F
  2819 0001:000DF960  2823 0001:000DF974  2826 0001:000DF979  2827 0001:000DF988
  2828 0001:000DF994  2831 0001:000DF9B6  2837 0001:000DF9E6  2841 0001:000DF9FA
  2845 0001:000DF9FF  2847 0001:000DFA0E  2850 0001:000DFA19  2856 0001:000DFA68
  2859 0001:000DFA73  2861 0001:000DFAA0  2864 0001:000DFAAB  2866 0001:000DFAD4
  2891 0001:000DFADF  2893 0001:000DFAE6  2896 0001:000DFB16  2898 0001:000DFB20
  2899 0001:000DFB23  2900 0001:000DFB2C  2901 0001:000DFB32  2902 0001:000DFB35
  2903 0001:000DFB38  2906 0001:000DFB62  2900 0001:000DFB65  2909 0001:000DFB6B
  2912 0001:000DFB76  2914 0001:000DFB7D  2916 0001:000DFB91  2918 0001:000DFB9B
  2919 0001:000DFB9E  2920 0001:000DFBA7  2921 0001:000DFBAD  2922 0001:000DFBB0
  2923 0001:000DFBB3  2925 0001:000DFBC4  2920 0001:000DFBC7  2928 0001:000DFBCD
  2931 0001:000DFBD8  2932 0001:000DFBE2  2934 0001:000DFBF0  2936 0001:000DFBFE
  2937 0001:000DFC07  2939 0001:000DFC13  2941 0001:000DFC33  2942 0001:000DFC36
  2938 0001:000DFC39  2944 0001:000DFC45  2947 0001:000DFC53  2948 0001:000DFC5D
  2950 0001:000DFC6B  2952 0001:000DFC79  2953 0001:000DFC82  2955 0001:000DFC8E
  2958 0001:000DFCC7  2959 0001:000DFCCA  2954 0001:000DFCCD  2961 0001:000DFCD9
  2964 0001:000DFCE7  2969 0001:000DFD2E  2972 0001:000DFD39  2977 0001:000DFD84
  2981 0001:000DFD8F  2984 0001:000DFDB6  3012 0001:000DFDC1  3014 0001:000DFDCA
  3015 0001:000DFDD4  3016 0001:000DFDE1  3017 0001:000DFDEE  3018 0001:000DFDF8
  3023 0001:000DFE02  3026 0001:000DFE07  3028 0001:000DFE10  3029 0001:000DFE1A
  3030 0001:000DFE27  3031 0001:000DFE34  3032 0001:000DFE3E  3037 0001:000DFE48
  3040 0001:000DFE4D  3041 0001:000DFE55  3044 0001:000DFE61  3045 0001:000DFE6A
  3046 0001:000DFE77  3048 0001:000DFE81  3049 0001:000DFE8A  3050 0001:000DFE95
  3051 0001:000DFEA2  3056 0001:000DFEA7  3057 0001:000DFEB0  3058 0001:000DFEB6
  3059 0001:000DFEBF  3060 0001:000DFECA  3062 0001:000DFECF  3063 0001:000DFED8
  3064 0001:000DFEE4  3065 0001:000DFEF1  3066 0001:000DFEFA  3068 0001:000DFF04
  3069 0001:000DFF0D  3072 0001:000DFF12  3073 0001:000DFF1B  3074 0001:000DFF26
  3076 0001:000DFF2B  3077 0001:000DFF3B  3078 0001:000DFF43  3079 0001:000DFF4E
  3080 0001:000DFF57  3081 0001:000DFF6A  3083 0001:000DFF6F  3084 0001:000DFF7E
  3085 0001:000DFF88  3086 0001:000DFF91  3087 0001:000DFF9E  3088 0001:000DFFA7
  3090 0001:000DFFB1  3092 0001:000DFFBA  3093 0001:000DFFC0  3094 0001:000DFFCD
  3095 0001:000DFFD7  3096 0001:000DFFE0  3100 0001:000DFFE5  3101 0001:000DFFF2
  3103 0001:000DFFFC  3104 0001:000E0005  3105 0001:000E0014  3106 0001:000E001E
  3107 0001:000E0027  3108 0001:000E0034  3109 0001:000E003D  3111 0001:000E0047
  3113 0001:000E0050  3114 0001:000E0056  3118 0001:000E005B  3119 0001:000E0065
  3120 0001:000E006E  3121 0001:000E007B  3122 0001:000E0084  3124 0001:000E008E
  3125 0001:000E0098  3126 0001:000E00A1  3133 0001:000E00A6  3134 0001:000E00AA
  3135 0001:000E00B2  3136 0001:000E00BF  3137 0001:000E00C6  3138 0001:000E00D0
  3139 0001:000E00D7  3140 0001:000E00E1  3142 0001:000E00EA  3143 0001:000E00F2
  3145 0001:000E00FD  3146 0001:000E0106  3147 0001:000E010C  3148 0001:000E0116
  3150 0001:000E011A  3152 0001:000E012D  3157 0001:000E013D  3158 0001:000E0143
  3159 0001:000E014F  3161 0001:000E015B  3163 0001:000E016F  3164 0001:000E017F
  3166 0001:000E0188  3167 0001:000E0196  3168 0001:000E019A  3171 0001:000E019F
  3172 0001:000E01AF  3175 0001:000E01B8  3158 0001:000E01BB  3177 0001:000E01C3
  3180 0001:000E01C8  3181 0001:000E01D8  3183 0001:000E01E4  3185 0001:000E01F8
  3186 0001:000E0208  3188 0001:000E0211  3189 0001:000E021F  3190 0001:000E0223
  3193 0001:000E0225  3194 0001:000E0235  3197 0001:000E023E  3198 0001:000E0241
  3181 0001:000E024D  3200 0001:000E0255  3204 0001:000E0257  3205 0001:000E025B
  3208 0001:000E025D  3209 0001:000E0268  3212 0001:000E026A  2786 0001:000E026D
  3217 0001:000E0275  3218 0001:000E02A6  3228 0001:000E02B0  3229 0001:000E02B9
  3230 0001:000E02BB  3231 0001:000E02C3  3232 0001:000E02CE  3234 0001:000E0391
  3236 0001:000E03A3  3240 0001:000E03A8  3241 0001:000E03AF  3243 0001:000E03C3
  3245 0001:000E03D2  3246 0001:000E03E0  3244 0001:000E03E1  3249 0001:000E03E7
  3253 0001:000E03EC  3254 0001:000E03FE  3257 0001:000E0403  3258 0001:000E0437
  3261 0001:000E043C  3262 0001:000E0470  3265 0001:000E0475  3266 0001:000E0485
  3267 0001:000E04A1  3270 0001:000E04A6  3271 0001:000E04B6  3274 0001:000E04BB
  3275 0001:000E04EF  3279 0001:000E04F4  3280 0001:000E0504  3281 0001:000E0515
  3283 0001:000E0528  3287 0001:000E052D  3292 0001:000E05B2  3298 0001:000E05B7
  3299 0001:000E05C0  3302 0001:000E05C5  3303 0001:000E05CE  3306 0001:000E05D3
  3307 0001:000E05D8  3310 0001:000E05E0  3311 0001:000E05EA  3312 0001:000E05F5
  3313 0001:000E0602  3319 0001:000E0607  3320 0001:000E0610  3323 0001:000E0615
  3324 0001:000E061F  3325 0001:000E0627  3326 0001:000E0630  3327 0001:000E0636
  3328 0001:000E063F  3332 0001:000E0641  3334 0001:000E064D  3335 0001:000E0657
  3338 0001:000E0659  3339 0001:000E065F  3340 0001:000E0667  3341 0001:000E0670
  3342 0001:000E0676  3345 0001:000E0678  3346 0001:000E068A  3349 0001:000E068C
  3350 0001:000E0697  3353 0001:000E0699  3230 0001:000E069B  3355 0001:000E06A3
  3360 0001:000E070C  3361 0001:000E070F  3362 0001:000E0716  3363 0001:000E0722
  3391 0001:000E0724  3392 0001:000E072E  3393 0001:000E0730  3394 0001:000E0738
  3395 0001:000E0740  3392 0001:000E0741  3396 0001:000E0746  3400 0001:000E074C
  3402 0001:000E0752  3403 0001:000E075E  3404 0001:000E0776  3405 0001:000E077A
  3406 0001:000E0783  3408 0001:000E0798  3414 0001:000E079C  3415 0001:000E07BD
  3417 0001:000E07BF  3422 0001:000E07C6  3426 0001:000E07D6  3427 0001:000E07E2
  3428 0001:000E07EE  3431 0001:000E07F3  3434 0001:000E080F  3435 0001:000E0814
  3436 0001:000E0820  3440 0001:000E0825  3443 0001:000E0831  3446 0001:000E083D
  3447 0001:000E0849  3449 0001:000E084B  3450 0001:000E0860  3451 0001:000E0864
  3453 0001:000E0881  3455 0001:000E0882  3456 0001:000E0886  3461 0001:000E088E
  3465 0001:000E08A0  3469 0001:000E08B5  3473 0001:000E08C0  3474 0001:000E08CC
  3475 0001:000E08D7  3479 0001:000E08D9  3480 0001:000E08DB  3482 0001:000E08E7
  3483 0001:000E08FA  3484 0001:000E08FE  3485 0001:000E0909  3487 0001:000E090D
  3488 0001:000E0914  3490 0001:000E0915  3494 0001:000E091B  3495 0001:000E092D
  3499 0001:000E0938  3501 0001:000E0941  3502 0001:000E0948  3503 0001:000E0949
  3525 0001:000E096A  3530 0001:000E0974  3531 0001:000E0978  3532 0001:000E097A
  3533 0001:000E0986  3534 0001:000E0991  3538 0001:000E0993  3539 0001:000E099F
  3540 0001:000E09A4  3541 0001:000E09A5  3542 0001:000E09B0  3559 0001:000E09B4
  3561 0001:000E09CE  3562 0001:000E09D0  3563 0001:000E09D6  3564 0001:000E09DC
  3561 0001:000E09DD  3567 0001:000E09E2  3568 0001:000E09EB  3569 0001:000E0A0E
  3570 0001:000E0A19  3573 0001:000E0A21  3574 0001:000E0A2A  3580 0001:000E0A38
  3595 0001:000E0A6B  3608 0001:000E0A74  3609 0001:000E0A7A  3610 0001:000E0A86
  3613 0001:000E0A8E  3614 0001:000E0A99  3616 0001:000E0A9C  3619 0001:000E0ABC
  3620 0001:000E0AC3  3621 0001:000E0ACC  3622 0001:000E0AD6  3625 0001:000E0ADF
  3626 0001:000E0AEA  3627 0001:000E0AF3  3628 0001:000E0AFA  3631 0001:000E0B03
  3632 0001:000E0B0E  3670 0001:000E0B14  3671 0001:000E0B1C  3672 0001:000E0B1E
  3673 0001:000E0B20  3674 0001:000E0B33  3675 0001:000E0B37  3676 0001:000E0B38
  3677 0001:000E0B45  3686 0001:000E0B48  3687 0001:000E0B59  3679 0001:000E0B5A
  3689 0001:000E0B6D  3690 0001:000E0B71  3691 0001:000E0B7E  3692 0001:000E0B81
  3693 0001:000E0B83  3694 0001:000E0B87  3695 0001:000E0B8A  3696 0001:000E0B8E
  3697 0001:000E0B94  3699 0001:000E0BA4  3701 0001:000E0BB3  3702 0001:000E0BBC
  3703 0001:000E0BC7  3706 0001:000E0BCC  3707 0001:000E0BD3  3708 0001:000E0BD7
  3709 0001:000E0BDF  3711 0001:000E0BE4  3712 0001:000E0BE7  3714 0001:000E0BED
  3715 0001:000E0BF2  3716 0001:000E0BF8  3717 0001:000E0C00  3718 0001:000E0C06
  3719 0001:000E0C09  3720 0001:000E0C0E  3721 0001:000E0C1C  3722 0001:000E0C1F
  3723 0001:000E0C23  3724 0001:000E0C36  3727 0001:000E0C43  3728 0001:000E0C50
  3729 0001:000E0C53  3716 0001:000E0C56  3733 0001:000E0C5E  3734 0001:000E0C64
  3735 0001:000E0C6C  3737 0001:000E0C71  3739 0001:000E0C7E  3740 0001:000E0C86
  3741 0001:000E0C8C  3742 0001:000E0C98  3743 0001:000E0C9E  3744 0001:000E0CA1
  3745 0001:000E0CA6  3746 0001:000E0CB4  3747 0001:000E0CB7  3748 0001:000E0CBB
  3749 0001:000E0CC2  3751 0001:000E0CD6  3752 0001:000E0CE1  3753 0001:000E0CE4
  3750 0001:000E0CE7  3757 0001:000E0CF2  3758 0001:000E0CFF  3759 0001:000E0D05
  3761 0001:000E0D08  3762 0001:000E0D0D  3741 0001:000E0D10  3765 0001:000E0D18
  3770 0001:000E0D20  3771 0001:000E0D4E  3772 0001:000E0D53  3774 0001:000E0D61
  3775 0001:000E0D87  3776 0001:000E0D9D  3777 0001:000E0DA8  3778 0001:000E0DF0
  3785 0001:000E0DF8  3786 0001:000E0E29  3787 0001:000E0E30  3788 0001:000E0E35
  3790 0001:000E0E43  3792 0001:000E0E68  3793 0001:000E0E6E  3794 0001:000E0E87
  3795 0001:000E0E91  3796 0001:000E0EA7  3797 0001:000E0EB2  3798 0001:000E0EF9
  4002 0001:000E0F04  4003 0001:000E0F07  4007 0001:000E0F08  4008 0001:000E0F26
  4009 0001:000E0F2C  4010 0001:000E0F34  4012 0001:000E0F7F  4013 0001:000E0F9C
  4014 0001:000E0F9F  4015 0001:000E0FA9  4019 0001:000E0FD8  4040 0001:000E1060
  4040 0001:000E1067

Line numbers for Unit2(Unit2.pas) segment .text

    35 0001:000E1270    36 0001:000E1290    37 0001:000E12B3    41 0001:000E12B4
    42 0001:000E12BE    44 0001:000E12F0    44 0001:000E12F7

Line numbers for statistics(statistics.pas) segment .text

    57 0001:000E1684    57 0001:000E168B

Line numbers for main(main.pas) segment .text

   148 0001:000E1E48   149 0001:000E1E5F   150 0001:000E1E8A   151 0001:000E1EB1
   152 0001:000E1EC1   153 0001:000E1EE3   157 0001:000E1F44   158 0001:000E1F4F
   164 0001:000E1F50   165 0001:000E1F76   167 0001:000E1F80   168 0001:000E1F8E
   169 0001:000E1F9A   171 0001:000E1FC0   172 0001:000E1FCE   173 0001:000E1FDA
   175 0001:000E1FFB   177 0001:000E201D   178 0001:000E2034   179 0001:000E2058
   180 0001:000E207C   181 0001:000E20B0   185 0001:000E20C1   188 0001:000E20F0
   190 0001:000E2112   191 0001:000E2129   192 0001:000E214D   193 0001:000E2198
   194 0001:000E21CC   196 0001:000E21D8   198 0001:000E21DF   199 0001:000E2208
   207 0001:000E22C4   208 0001:000E22D3   209 0001:000E22D8   210 0001:000E22DD
   211 0001:000E22EC   212 0001:000E22FA   213 0001:000E2308   216 0001:000E230E
   217 0001:000E231D   219 0001:000E232A   220 0001:000E233D   222 0001:000E234E
   223 0001:000E235D   225 0001:000E236C   217 0001:000E236D   228 0001:000E237D
   230 0001:000E238D   236 0001:000E2394   237 0001:000E23B1   238 0001:000E23BF
   240 0001:000E23CA   241 0001:000E23D8   242 0001:000E23DE   244 0001:000E23E4
   245 0001:000E243A   241 0001:000E2442   248 0001:000E2457   249 0001:000E247E
   253 0001:000E24A0   254 0001:000E24B7   255 0001:000E24D7   256 0001:000E24F4
   258 0001:000E2510   259 0001:000E253E   265 0001:000E255C   266 0001:000E257E
   268 0001:000E258D   270 0001:000E25C4   271 0001:000E25CB   273 0001:000E25E5
   274 0001:000E2601   275 0001:000E264D   273 0001:000E265E   277 0001:000E2663
   278 0001:000E266C   280 0001:000E2677   284 0001:000E268B   286 0001:000E26C0
   287 0001:000E26F5   288 0001:000E2707   292 0001:000E2710   293 0001:000E2718
   294 0001:000E2720   295 0001:000E2728   296 0001:000E2730   297 0001:000E2738
   298 0001:000E2740   299 0001:000E2748   300 0001:000E2750   301 0001:000E275C
   302 0001:000E2768   305 0001:000E2776   306 0001:000E277E   307 0001:000E2786
   308 0001:000E278E   309 0001:000E2796   311 0001:000E27A7   312 0001:000E27B7
   313 0001:000E27C7   314 0001:000E27E7   316 0001:000E2807   317 0001:000E281B
   318 0001:000E2836   320 0001:000E2867   324 0001:000E2908   325 0001:000E2922
   326 0001:000E295A   327 0001:000E2972   328 0001:000E298A   329 0001:000E299C
   331 0001:000E29A3   333 0001:000E29AE   334 0001:000E29DB   345 0001:000E29F8
   347 0001:000E2A28   348 0001:000E2A2C   350 0001:000E2A3D   351 0001:000E2A49
   353 0001:000E2A55   354 0001:000E2A9B   356 0001:000E2AE1   357 0001:000E2B02
   359 0001:000E2B23   360 0001:000E2B55   362 0001:000E2B87   364 0001:000E2BA9
   365 0001:000E2BC3   366 0001:000E2BDD   367 0001:000E2BF7   368 0001:000E2C10
   370 0001:000E2C2D   372 0001:000E2C33   373 0001:000E2C40   375 0001:000E2C4D
   376 0001:000E2C59   377 0001:000E2C6C   378 0001:000E2C85   379 0001:000E2CA2
   380 0001:000E2CB6   381 0001:000E2CCE   382 0001:000E2CE2   385 0001:000E2CF8
   387 0001:000E2D02   389 0001:000E2D0E   390 0001:000E2D14   392 0001:000E2D29
   394 0001:000E2D44   395 0001:000E2D4A   397 0001:000E2D65   399 0001:000E2D78
   402 0001:000E2DC8   404 0001:000E2DFF   408 0001:000E2EC0   409 0001:000E2EC3
   410 0001:000E2ECE   413 0001:000E2ED4   414 0001:000E2ED7   416 0001:000E2EE3
   417 0001:000E2F02   418 0001:000E2F0F   419 0001:000E2F1C   420 0001:000E2F23
   424 0001:000E2F35   425 0001:000E2F54   426 0001:000E2F61   427 0001:000E2F6C
   428 0001:000E2F73   430 0001:000E2F83   434 0001:000E2FE0   437 0001:000E2FFE
   438 0001:000E3016   440 0001:000E3032   441 0001:000E3051   442 0001:000E3075
   443 0001:000E30A1   444 0001:000E30BA   445 0001:000E30DE   446 0001:000E3102
   447 0001:000E3134   449 0001:000E314E   450 0001:000E3172   451 0001:000E3199
   452 0001:000E31C5   453 0001:000E31EF   456 0001:000E31FA   458 0001:000E3228
   459 0001:000E3277   462 0001:000E3398   463 0001:000E33B5   464 0001:000E33D5
   466 0001:000E33E8   467 0001:000E340F   469 0001:000E3437   470 0001:000E345E
   471 0001:000E3485   473 0001:000E34BB   474 0001:000E34E2   475 0001:000E350D
   477 0001:000E3538   478 0001:000E3562   480 0001:000E358B   481 0001:000E35B5
   483 0001:000E35DE   484 0001:000E362A   496 0001:000E375C   497 0001:000E3789
   498 0001:000E3797   499 0001:000E37A5   501 0001:000E37B3   504 0001:000E37C8
   505 0001:000E37D4   506 0001:000E37F3   507 0001:000E3802   508 0001:000E380F
   510 0001:000E381C   512 0001:000E382C   513 0001:000E3839   514 0001:000E385B
   516 0001:000E3866   518 0001:000E387E   519 0001:000E3885   520 0001:000E389F
   522 0001:000E38AB   523 0001:000E38B6   524 0001:000E38CD   525 0001:000E38D6
   527 0001:000E38E0   516 0001:000E38E3   530 0001:000E38E8   531 0001:000E38EF
   533 0001:000E38F6   534 0001:000E3902   535 0001:000E391A   536 0001:000E392D
   538 0001:000E3963   547 0001:000E39B0   549 0001:000E39D2   551 0001:000E39DD
   553 0001:000E39EB   554 0001:000E3A08   555 0001:000E3A16   556 0001:000E3A22
   558 0001:000E3A2E   559 0001:000E3A3A   560 0001:000E3A54   561 0001:000E3A6F
   563 0001:000E3A8E   564 0001:000E3AB2   565 0001:000E3AC0   566 0001:000E3AF9
   567 0001:000E3B33   568 0001:000E3B6D   569 0001:000E3BA7   560 0001:000E3BAA
   575 0001:000E3BB3   576 0001:000E3BBA   579 0001:000E3BEE   585 0001:000E3C70
   586 0001:000E3C85   587 0001:000E3CAA   588 0001:000E3CC4   589 0001:000E3CCB
   590 0001:000E3CDE   591 0001:000E3CEF   593 0001:000E3CFD   594 0001:000E3D1D
   595 0001:000E3D37   596 0001:000E3D3E   597 0001:000E3D4F   598 0001:000E3D60
   599 0001:000E3D83   622 0001:000E3E28   624 0001:000E3E66   627 0001:000E3E95
   628 0001:000E3EB1   629 0001:000E3ECC   630 0001:000E3EE3   631 0001:000E3EFD
   632 0001:000E3F1D   633 0001:000E3F5D   638 0001:000E3FE4   639 0001:000E3FF0
   650 0001:000E3FF4   652 0001:000E400D   654 0001:000E401B   655 0001:000E4027
   657 0001:000E4033   658 0001:000E4048   660 0001:000E4056   663 0001:000E406B
   665 0001:000E4072   666 0001:000E4085   667 0001:000E4095   669 0001:000E40A5
   670 0001:000E40B0   671 0001:000E40BA   673 0001:000E40CA   660 0001:000E40CB
   676 0001:000E40E5   679 0001:000E40EC   680 0001:000E40F0   681 0001:000E4115
   682 0001:000E412F   683 0001:000E4136   684 0001:000E4147   685 0001:000E414E
   686 0001:000E415F   687 0001:000E416D   690 0001:000E41CC   691 0001:000E41CF
   693 0001:000E41E9   694 0001:000E41F6   696 0001:000E4205   698 0001:000E4211
   699 0001:000E421C   700 0001:000E4229   702 0001:000E4236   704 0001:000E4244
   705 0001:000E4251   706 0001:000E4262   709 0001:000E426D   713 0001:000E4270
   714 0001:000E4289   716 0001:000E429A   717 0001:000E42C7   718 0001:000E42E4
   720 0001:000E4302   721 0001:000E4341   727 0001:000E4370   730 0001:000E438D
   731 0001:000E43BA   733 0001:000E43D7   734 0001:000E43E5   735 0001:000E43FD
   736 0001:000E4417   737 0001:000E441E   738 0001:000E4426   739 0001:000E443B
   740 0001:000E4464   741 0001:000E446F   742 0001:000E447B   744 0001:000E4489
   745 0001:000E44A9   748 0001:000E44BD   749 0001:000E44C9   751 0001:000E44D7
   752 0001:000E44F7   755 0001:000E450B   756 0001:000E451C   757 0001:000E452A
   758 0001:000E4553   761 0001:000E462C   763 0001:000E4630   765 0001:000E4641
   766 0001:000E466C   769 0001:000E468B   772 0001:000E4690   773 0001:000E4694
   774 0001:000E46B9   775 0001:000E46D3   776 0001:000E46DA   777 0001:000E46EB
   778 0001:000E46F2   779 0001:000E4703   780 0001:000E4711   785 0001:000E4770
   786 0001:000E4786   787 0001:000E479E   788 0001:000E47AE   790 0001:000E47B9
   791 0001:000E47C3   792 0001:000E47DB   793 0001:000E47F0   794 0001:000E480D
   795 0001:000E4814   797 0001:000E4822   798 0001:000E4842   799 0001:000E485C
   801 0001:000E4863   802 0001:000E4876   803 0001:000E4887   804 0001:000E4895
   805 0001:000E48B7   807 0001:000E49FC   807 0001:000E4A03

Line numbers for TM(C:\Dokumente und Einstellungen\jesus\Eigene Dateien\Borland Studio-Projekte\InternetMonitor\test\TM.dpr) segment .text

    16 0001:000E4D3C    17 0001:000E4D4C    18 0001:000E4D58    19 0001:000E4D70
    20 0001:000E4D88    21 0001:000E4DA0    22 0001:000E4DAC

Bound resource files

c:\programme\borland\bds\3.0\lib\Controls.res
c:\programme\borland\bds\3.0\lib\Buttons.res
c:\programme\borland\bds\3.0\lib\ExtDlgs.res
Unit2.dfm
statistics.dfm
main.dfm
TM.res
TM.drf


Program entry point at 0001:000E4D3C
