
 Start         Length     Name                   Class
 0001:00000000 000D1BDCH .text                   CODE
 0002:00000000 00005634H .data                   DATA
 0002:00005634 000039FDH .bss                    BSS


Detailed map of segments

 0001:00000000 00005907 C=CODE     S=.text    G=(none)   M=System   ACBP=A9
 0001:00005908 00000140 C=CODE     S=.text    G=(none)   M=SysInit  ACBP=A9
 0001:00005A48 00000090 C=CODE     S=.text    G=(none)   M=Types    ACBP=A9
 0001:00005AD8 00000FD5 C=CODE     S=.text    G=(none)   M=Windows  ACBP=A9
 0001:00006AB0 0000018C C=CODE     S=.text    G=(none)   M=madTypes ACBP=A9
 0001:00006C3C 00000038 C=CODE     S=.text    G=(none)   M=Messages ACBP=A9
 0001:00006C74 00000F28 C=CODE     S=.text    G=(none)   M=madNVPrgrAlert ACBP=A9
 0001:00007B9C 00001EE4 C=CODE     S=.text    G=(none)   M=madStrings ACBP=A9
 0001:00009A80 00001A1F C=CODE     S=.text    G=(none)   M=madTools ACBP=A9
 0001:0000B4A0 000067FC C=CODE     S=.text    G=(none)   M=madDisAsm ACBP=A9
 0001:00011C9C 00004610 C=CODE     S=.text    G=(none)   M=madZip   ACBP=A9
 0001:000162AC 00000C14 C=CODE     S=.text    G=(none)   M=madCrypt ACBP=A9
 0001:00016EC0 00004633 C=CODE     S=.text    G=(none)   M=madMapFile ACBP=A9
 0001:0001B4F4 00004534 C=CODE     S=.text    G=(none)   M=madStackTrace ACBP=A9
 0001:0001FA28 00002A3C C=CODE     S=.text    G=(none)   M=madNVBitmap ACBP=A9
 0001:00022464 000065C4 C=CODE     S=.text    G=(none)   M=madNVAssistant ACBP=A9
 0001:00028A28 00000038 C=CODE     S=.text    G=(none)   M=ActiveX  ACBP=A9
 0001:00028A60 0000017C C=CODE     S=.text    G=(none)   M=CommCtrl ACBP=A9
 0001:00028BDC 00000048 C=CODE     S=.text    G=(none)   M=ShellAPI ACBP=A9
 0001:00028C24 00000038 C=CODE     S=.text    G=(none)   M=RegStr   ACBP=A9
 0001:00028C5C 00000038 C=CODE     S=.text    G=(none)   M=WinInet  ACBP=A9
 0001:00028C94 00000038 C=CODE     S=.text    G=(none)   M=UrlMon   ACBP=A9
 0001:00028CCC 00000038 C=CODE     S=.text    G=(none)   M=ShlObj   ACBP=A9
 0001:00028D04 00000048 C=CODE     S=.text    G=(none)   M=CommDlg  ACBP=A9
 0001:00028D4C 00000340 C=CODE     S=.text    G=(none)   M=SysConst ACBP=A9
 0001:0002908C 000000A8 C=CODE     S=.text    G=(none)   M=WinSock  ACBP=A9
 0001:00029134 0002483D C=CODE     S=.text    G=(none)   M=madExcept ACBP=A9
 0001:0004D974 00000047 C=CODE     S=.text    G=(none)   M=madLinkDisAsm ACBP=A9
 0001:0004D9BC 00000DE4 C=CODE     S=.text    G=(none)   M=madListHardware ACBP=A9
 0001:0004E7A0 00000A34 C=CODE     S=.text    G=(none)   M=madListProcesses ACBP=A9
 0001:0004F1D4 000004E0 C=CODE     S=.text    G=(none)   M=madListModules ACBP=A9
 0001:0004F6B4 00006894 C=CODE     S=.text    G=(none)   M=SysUtils ACBP=A9
 0001:00055F48 000007FF C=CODE     S=.text    G=(none)   M=VarUtils ACBP=A9
 0001:00056748 00002A3A C=CODE     S=.text    G=(none)   M=Variants ACBP=A9
 0001:00059184 00000150 C=CODE     S=.text    G=(none)   M=RTLConsts ACBP=A9
 0001:000592D4 000008E0 C=CODE     S=.text    G=(none)   M=TypInfo  ACBP=A9
 0001:00059BB4 0000AFBE C=CODE     S=.text    G=(none)   M=Classes  ACBP=A9
 0001:00064B74 00001158 C=CODE     S=.text    G=(none)   M=IniFiles ACBP=A9
 0001:00065CCC 000006DC C=CODE     S=.text    G=(none)   M=Registry ACBP=A9
 0001:000663A8 000002E8 C=CODE     S=.text    G=(none)   M=Consts   ACBP=A9
 0001:00066690 00007923 C=CODE     S=.text    G=(none)   M=Graphics ACBP=A9
 0001:0006DFB4 00000038 C=CODE     S=.text    G=(none)   M=Math     ACBP=A9
 0001:0006DFEC 0000055C C=CODE     S=.text    G=(none)   M=Contnrs  ACBP=A9
 0001:0006E548 00000783 C=CODE     S=.text    G=(none)   M=MultiMon ACBP=A9
 0001:0006ECCC 00000038 C=CODE     S=.text    G=(none)   M=Imm      ACBP=A9
 0001:0006ED04 000010F0 C=CODE     S=.text    G=(none)   M=HelpIntfs ACBP=A9
 0001:0006FDF4 00000038 C=CODE     S=.text    G=(none)   M=WinSpool ACBP=A9
 0001:0006FE2C 00000044 C=CODE     S=.text    G=(none)   M=Printers ACBP=A9
 0001:0006FE70 0000031F C=CODE     S=.text    G=(none)   M=FlatSB   ACBP=A9
 0001:00070190 000001A4 C=CODE     S=.text    G=(none)   M=SyncObjs ACBP=A9
 0001:00070334 000009BB C=CODE     S=.text    G=(none)   M=UxTheme  ACBP=A9
 0001:00070CF0 00000CD4 C=CODE     S=.text    G=(none)   M=Themes   ACBP=A9
 0001:000719C4 00003710 C=CODE     S=.text    G=(none)   M=StdCtrls ACBP=A9
 0001:000750D4 00000DDB C=CODE     S=.text    G=(none)   M=GraphUtil ACBP=A9
 0001:00075EB0 00000A58 C=CODE     S=.text    G=(none)   M=ExtCtrls ACBP=A9
 0001:00076908 00000038 C=CODE     S=.text    G=(none)   M=Dlgs     ACBP=A9
 0001:00076940 00000695 C=CODE     S=.text    G=(none)   M=Dialogs  ACBP=A9
 0001:00076FD8 00000094 C=CODE     S=.text    G=(none)   M=Clipbrd  ACBP=A9
 0001:0007706C 00000068 C=CODE     S=.text    G=(none)   M=StrUtils ACBP=A9
 0001:000770D4 00000168 C=CODE     S=.text    G=(none)   M=StdActns ACBP=A9
 0001:0007723C 0001211F C=CODE     S=.text    G=(none)   M=Controls ACBP=A9
 0001:0008935C 000012FA C=CODE     S=.text    G=(none)   M=ActnList ACBP=A9
 0001:0008A658 00001BA8 C=CODE     S=.text    G=(none)   M=ImgList  ACBP=A9
 0001:0008C200 00006955 C=CODE     S=.text    G=(none)   M=Menus    ACBP=A9
 0001:00092B58 0000D9B0 C=CODE     S=.text    G=(none)   M=Forms    ACBP=A9
 0001:000A0508 0000046C C=CODE     S=.text    G=(none)   M=IcsDES   ACBP=A9
 0001:000A0974 0000098C C=CODE     S=.text    G=(none)   M=IcsMD4   ACBP=A9
 0001:000A1300 00000424 C=CODE     S=.text    G=(none)   M=MimeUtil ACBP=A9
 0001:000A1724 00000A20 C=CODE     S=.text    G=(none)   M=IcsNtlmMsgs ACBP=A9
 0001:000A2144 000009E0 C=CODE     S=.text    G=(none)   M=IcsLogger ACBP=A9
 0001:000A2B24 00000980 C=CODE     S=.text    G=(none)   M=IcsUrl   ACBP=A9
 0001:000A34A4 00000280 C=CODE     S=.text    G=(none)   M=WSockBuf ACBP=A9
 0001:000A3724 0000A8AC C=CODE     S=.text    G=(none)   M=WSocket  ACBP=A9
 0001:000ADFD0 00007548 C=CODE     S=.text    G=(none)   M=HttpProt ACBP=A9
 0001:000B5518 00000038 C=CODE     S=.text    G=(none)   M=RichEdit ACBP=A9
 0001:000B5550 00000038 C=CODE     S=.text    G=(none)   M=ToolWin  ACBP=A9
 0001:000B5588 00000038 C=CODE     S=.text    G=(none)   M=ComStrs  ACBP=A9
 0001:000B55C0 00002799 C=CODE     S=.text    G=(none)   M=Buttons  ACBP=A9
 0001:000B7D5C 00000090 C=CODE     S=.text    G=(none)   M=ExtDlgs  ACBP=A9
 0001:000B7DEC 0000006C C=CODE     S=.text    G=(none)   M=Mapi     ACBP=A9
 0001:000B7E58 00000058 C=CODE     S=.text    G=(none)   M=ExtActns ACBP=A9
 0001:000B7EB0 00000038 C=CODE     S=.text    G=(none)   M=ListActns ACBP=A9
 0001:000B7EE8 00002918 C=CODE     S=.text    G=(none)   M=ComCtrls ACBP=A9
 0001:000BA800 00002158 C=CODE     S=.text    G=(none)   M=SRGrad   ACBP=A9
 0001:000BC958 0000124C C=CODE     S=.text    G=(none)   M=BMDThread ACBP=A9
 0001:000BDBA4 00001297 C=CODE     S=.text    G=(none)   M=AppEvnts ACBP=A9
 0001:000BEE3C 00000ECC C=CODE     S=.text    G=(none)   M=Spin     ACBP=A9
 0001:000BFD08 00000EBC C=CODE     S=.text    G=(none)   M=FloatSpinEdit ACBP=A9
 0001:000C0BC4 000054BC C=CODE     S=.text    G=(none)   M=RegExpr  ACBP=A9
 0001:000C6080 000000C8 C=CODE     S=.text    G=(none)   M=DateUtils ACBP=A9
 0001:000C6148 00000048 C=CODE     S=.text    G=(none)   M=ZLibConst ACBP=A9
 0001:000C6190 000091D4 C=CODE     S=.text    G=(none)   M=ZLib     ACBP=A9
 0001:000CF364 00002510 C=CODE     S=.text    G=(none)   M=unit1    ACBP=A9
 0001:000D1874 00000365 C=CODE     S=.text    G=(none)   M=BonGoBon ACBP=A9
 0002:00000000 000000A0 C=DATA     S=.data    G=DGROUP   M=System   ACBP=A9
 0002:000000A0 00000020 C=DATA     S=.data    G=DGROUP   M=SysInit  ACBP=A9
 0002:000000C0 00000201 C=DATA     S=.data    G=DGROUP   M=madStrings ACBP=A9
 0002:000002C4 0000004C C=DATA     S=.data    G=DGROUP   M=madTools ACBP=A9
 0002:00000310 000007F0 C=DATA     S=.data    G=DGROUP   M=madDisAsm ACBP=A9
 0002:00000B00 000010C4 C=DATA     S=.data    G=DGROUP   M=madZip   ACBP=A9
 0002:00001BC4 00001088 C=DATA     S=.data    G=DGROUP   M=madCrypt ACBP=A9
 0002:00002C4C 00000004 C=DATA     S=.data    G=DGROUP   M=madStackTrace ACBP=A9
 0002:00002C50 0000000C C=DATA     S=.data    G=DGROUP   M=madNVAssistant ACBP=A9
 0002:00002C5C 000008BC C=DATA     S=.data    G=DGROUP   M=madExcept ACBP=A9
 0002:00003518 00000014 C=DATA     S=.data    G=DGROUP   M=madListProcesses ACBP=A9
 0002:0000352C 00000250 C=DATA     S=.data    G=DGROUP   M=SysUtils ACBP=A9
 0002:0000377C 00000008 C=DATA     S=.data    G=DGROUP   M=VarUtils ACBP=A9
 0002:00003784 0000008E C=DATA     S=.data    G=DGROUP   M=Variants ACBP=A9
 0002:00003814 0000000C C=DATA     S=.data    G=DGROUP   M=TypInfo  ACBP=A9
 0002:00003820 00000100 C=DATA     S=.data    G=DGROUP   M=Classes  ACBP=A9
 0002:00003920 00000008 C=DATA     S=.data    G=DGROUP   M=IniFiles ACBP=A9
 0002:00003928 00000008 C=DATA     S=.data    G=DGROUP   M=Registry ACBP=A9
 0002:00003930 00000308 C=DATA     S=.data    G=DGROUP   M=Graphics ACBP=A9
 0002:00003C38 00000004 C=DATA     S=.data    G=DGROUP   M=Printers ACBP=A9
 0002:00003C3C 00000068 C=DATA     S=.data    G=DGROUP   M=Themes   ACBP=A9
 0002:00003CA4 0000006C C=DATA     S=.data    G=DGROUP   M=StdCtrls ACBP=A9
 0002:00003D10 00000450 C=DATA     S=.data    G=DGROUP   M=GraphUtil ACBP=A9
 0002:00004160 00000074 C=DATA     S=.data    G=DGROUP   M=Dialogs  ACBP=A9
 0002:000041D4 0000013C C=DATA     S=.data    G=DGROUP   M=Controls ACBP=A9
 0002:00004310 00000020 C=DATA     S=.data    G=DGROUP   M=ImgList  ACBP=A9
 0002:00004330 000000F4 C=DATA     S=.data    G=DGROUP   M=Menus    ACBP=A9
 0002:00004424 00000120 C=DATA     S=.data    G=DGROUP   M=Forms    ACBP=A9
 0002:00004544 0000034C C=DATA     S=.data    G=DGROUP   M=IcsDES   ACBP=A9
 0002:00004890 00000004 C=DATA     S=.data    G=DGROUP   M=IcsMD4   ACBP=A9
 0002:00004894 000000C8 C=DATA     S=.data    G=DGROUP   M=MimeUtil ACBP=A9
 0002:0000495C 0000000C C=DATA     S=.data    G=DGROUP   M=IcsNtlmMsgs ACBP=A9
 0002:00004968 00000004 C=DATA     S=.data    G=DGROUP   M=IcsLogger ACBP=A9
 0002:0000496C 00000024 C=DATA     S=.data    G=DGROUP   M=IcsUrl   ACBP=A9
 0002:00004990 00000004 C=DATA     S=.data    G=DGROUP   M=WSockBuf ACBP=A9
 0002:00004994 00000048 C=DATA     S=.data    G=DGROUP   M=WSocket  ACBP=A9
 0002:000049DC 0000001F C=DATA     S=.data    G=DGROUP   M=HttpProt ACBP=A9
 0002:000049FC 00000046 C=DATA     S=.data    G=DGROUP   M=Buttons  ACBP=A9
 0002:00004A44 00000018 C=DATA     S=.data    G=DGROUP   M=ExtDlgs  ACBP=A9
 0002:00004A5C 00000008 C=DATA     S=.data    G=DGROUP   M=Mapi     ACBP=A9
 0002:00004A64 00000028 C=DATA     S=.data    G=DGROUP   M=ComCtrls ACBP=A9
 0002:00004A8C 00000004 C=DATA     S=.data    G=DGROUP   M=AppEvnts ACBP=A9
 0002:00004A90 0000003D C=DATA     S=.data    G=DGROUP   M=RegExpr  ACBP=A9
 0002:00004AD0 000006D0 C=DATA     S=.data    G=DGROUP   M=ZLib     ACBP=A9
 0002:00006000 00000660 C=BSS      S=.bss     G=DGROUP   M=System   ACBP=A9
 0002:00006660 00000010 C=BSS      S=.bss     G=DGROUP   M=SysInit  ACBP=A9
 0002:00006670 00000004 C=BSS      S=.bss     G=DGROUP   M=Types    ACBP=A9
 0002:00006674 00000008 C=BSS      S=.bss     G=DGROUP   M=Windows  ACBP=A9
 0002:0000667C 00000004 C=BSS      S=.bss     G=DGROUP   M=madTypes ACBP=A9
 0002:00006680 00000004 C=BSS      S=.bss     G=DGROUP   M=Messages ACBP=A9
 0002:00006684 00000004 C=BSS      S=.bss     G=DGROUP   M=madNVPrgrAlert ACBP=A9
 0002:00006688 00000004 C=BSS      S=.bss     G=DGROUP   M=madStrings ACBP=A9
 0002:0000668C 00000028 C=BSS      S=.bss     G=DGROUP   M=madTools ACBP=A9
 0002:000066B4 00000008 C=BSS      S=.bss     G=DGROUP   M=madDisAsm ACBP=A9
 0002:000066BC 00001114 C=BSS      S=.bss     G=DGROUP   M=madZip   ACBP=A9
 0002:000077D0 00000004 C=BSS      S=.bss     G=DGROUP   M=madCrypt ACBP=A9
 0002:000077D4 00000008 C=BSS      S=.bss     G=DGROUP   M=madMapFile ACBP=A9
 0002:000077DC 00000014 C=BSS      S=.bss     G=DGROUP   M=madStackTrace ACBP=A9
 0002:000077F0 00000004 C=BSS      S=.bss     G=DGROUP   M=madNVBitmap ACBP=A9
 0002:000077F4 00000004 C=BSS      S=.bss     G=DGROUP   M=madNVAssistant ACBP=A9
 0002:000077F8 00000004 C=BSS      S=.bss     G=DGROUP   M=ActiveX  ACBP=A9
 0002:000077FC 0000000C C=BSS      S=.bss     G=DGROUP   M=CommCtrl ACBP=A9
 0002:00007808 00000004 C=BSS      S=.bss     G=DGROUP   M=ShellAPI ACBP=A9
 0002:0000780C 00000004 C=BSS      S=.bss     G=DGROUP   M=RegStr   ACBP=A9
 0002:00007810 00000004 C=BSS      S=.bss     G=DGROUP   M=WinInet  ACBP=A9
 0002:00007814 00000004 C=BSS      S=.bss     G=DGROUP   M=UrlMon   ACBP=A9
 0002:00007818 00000004 C=BSS      S=.bss     G=DGROUP   M=ShlObj   ACBP=A9
 0002:0000781C 00000004 C=BSS      S=.bss     G=DGROUP   M=CommDlg  ACBP=A9
 0002:00007820 00000004 C=BSS      S=.bss     G=DGROUP   M=SysConst ACBP=A9
 0002:00007824 00000004 C=BSS      S=.bss     G=DGROUP   M=WinSock  ACBP=A9
 0002:00007828 00000054 C=BSS      S=.bss     G=DGROUP   M=madExcept ACBP=A9
 0002:0000787C 00000004 C=BSS      S=.bss     G=DGROUP   M=madLinkDisAsm ACBP=A9
 0002:00007880 00000004 C=BSS      S=.bss     G=DGROUP   M=madListHardware ACBP=A9
 0002:00007884 00000004 C=BSS      S=.bss     G=DGROUP   M=madListProcesses ACBP=A9
 0002:00007888 00000004 C=BSS      S=.bss     G=DGROUP   M=madListModules ACBP=A9
 0002:0000788C 00000120 C=BSS      S=.bss     G=DGROUP   M=SysUtils ACBP=A9
 0002:000079AC 0000005C C=BSS      S=.bss     G=DGROUP   M=VarUtils ACBP=A9
 0002:00007A08 00000040 C=BSS      S=.bss     G=DGROUP   M=Variants ACBP=A9
 0002:00007A48 00000004 C=BSS      S=.bss     G=DGROUP   M=RTLConsts ACBP=A9
 0002:00007A4C 00000004 C=BSS      S=.bss     G=DGROUP   M=TypInfo  ACBP=A9
 0002:00007A50 00000044 C=BSS      S=.bss     G=DGROUP   M=Classes  ACBP=A9
 0002:00007A94 00000004 C=BSS      S=.bss     G=DGROUP   M=IniFiles ACBP=A9
 0002:00007A98 00000004 C=BSS      S=.bss     G=DGROUP   M=Registry ACBP=A9
 0002:00007A9C 00000004 C=BSS      S=.bss     G=DGROUP   M=Consts   ACBP=A9
 0002:00007AA0 00000060 C=BSS      S=.bss     G=DGROUP   M=Graphics ACBP=A9
 0002:00007B00 00000004 C=BSS      S=.bss     G=DGROUP   M=Math     ACBP=A9
 0002:00007B04 00000004 C=BSS      S=.bss     G=DGROUP   M=Contnrs  ACBP=A9
 0002:00007B08 00000031 C=BSS      S=.bss     G=DGROUP   M=MultiMon ACBP=A9
 0002:00007B3C 00000004 C=BSS      S=.bss     G=DGROUP   M=Imm      ACBP=A9
 0002:00007B40 00000008 C=BSS      S=.bss     G=DGROUP   M=HelpIntfs ACBP=A9
 0002:00007B48 00000004 C=BSS      S=.bss     G=DGROUP   M=WinSpool ACBP=A9
 0002:00007B4C 00000004 C=BSS      S=.bss     G=DGROUP   M=Printers ACBP=A9
 0002:00007B50 00000034 C=BSS      S=.bss     G=DGROUP   M=FlatSB   ACBP=A9
 0002:00007B84 00000004 C=BSS      S=.bss     G=DGROUP   M=SyncObjs ACBP=A9
 0002:00007B88 000000CC C=BSS      S=.bss     G=DGROUP   M=UxTheme  ACBP=A9
 0002:00007C54 00000008 C=BSS      S=.bss     G=DGROUP   M=Themes   ACBP=A9
 0002:00007C5C 00000004 C=BSS      S=.bss     G=DGROUP   M=StdCtrls ACBP=A9
 0002:00007C60 00000004 C=BSS      S=.bss     G=DGROUP   M=GraphUtil ACBP=A9
 0002:00007C64 00000004 C=BSS      S=.bss     G=DGROUP   M=ExtCtrls ACBP=A9
 0002:00007C68 00000004 C=BSS      S=.bss     G=DGROUP   M=Dlgs     ACBP=A9
 0002:00007C6C 0000000C C=BSS      S=.bss     G=DGROUP   M=Dialogs  ACBP=A9
 0002:00007C78 0000000C C=BSS      S=.bss     G=DGROUP   M=Clipbrd  ACBP=A9
 0002:00007C84 00000004 C=BSS      S=.bss     G=DGROUP   M=StrUtils ACBP=A9
 0002:00007C88 00000004 C=BSS      S=.bss     G=DGROUP   M=StdActns ACBP=A9
 0002:00007C8C 00000080 C=BSS      S=.bss     G=DGROUP   M=Controls ACBP=A9
 0002:00007D0C 00000004 C=BSS      S=.bss     G=DGROUP   M=ActnList ACBP=A9
 0002:00007D10 0000000C C=BSS      S=.bss     G=DGROUP   M=ImgList  ACBP=A9
 0002:00007D1C 00000010 C=BSS      S=.bss     G=DGROUP   M=Menus    ACBP=A9
 0002:00007D2C 00000024 C=BSS      S=.bss     G=DGROUP   M=Forms    ACBP=A9
 0002:00007D50 00000004 C=BSS      S=.bss     G=DGROUP   M=IcsDES   ACBP=A9
 0002:00007D54 00000004 C=BSS      S=.bss     G=DGROUP   M=IcsMD4   ACBP=A9
 0002:00007D58 00000004 C=BSS      S=.bss     G=DGROUP   M=MimeUtil ACBP=A9
 0002:00007D5C 00000004 C=BSS      S=.bss     G=DGROUP   M=IcsNtlmMsgs ACBP=A9
 0002:00007D60 00000004 C=BSS      S=.bss     G=DGROUP   M=IcsLogger ACBP=A9
 0002:00007D64 00000004 C=BSS      S=.bss     G=DGROUP   M=IcsUrl   ACBP=A9
 0002:00007D68 00000004 C=BSS      S=.bss     G=DGROUP   M=WSockBuf ACBP=A9
 0002:00007D6C 00000274 C=BSS      S=.bss     G=DGROUP   M=WSocket  ACBP=A9
 0002:00007FE0 00000004 C=BSS      S=.bss     G=DGROUP   M=HttpProt ACBP=A9
 0002:00007FE4 00000004 C=BSS      S=.bss     G=DGROUP   M=RichEdit ACBP=A9
 0002:00007FE8 00000004 C=BSS      S=.bss     G=DGROUP   M=ToolWin  ACBP=A9
 0002:00007FEC 00000004 C=BSS      S=.bss     G=DGROUP   M=ComStrs  ACBP=A9
 0002:00007FF0 00000030 C=BSS      S=.bss     G=DGROUP   M=Buttons  ACBP=A9
 0002:00008020 00000004 C=BSS      S=.bss     G=DGROUP   M=ExtDlgs  ACBP=A9
 0002:00008024 00000004 C=BSS      S=.bss     G=DGROUP   M=Mapi     ACBP=A9
 0002:00008028 00000009 C=BSS      S=.bss     G=DGROUP   M=ExtActns ACBP=A9
 0002:00008034 00000004 C=BSS      S=.bss     G=DGROUP   M=ListActns ACBP=A9
 0002:00008038 0000000C C=BSS      S=.bss     G=DGROUP   M=ComCtrls ACBP=A9
 0002:00008044 00000004 C=BSS      S=.bss     G=DGROUP   M=SRGrad   ACBP=A9
 0002:00008048 00000004 C=BSS      S=.bss     G=DGROUP   M=BMDThread ACBP=A9
 0002:0000804C 00000004 C=BSS      S=.bss     G=DGROUP   M=AppEvnts ACBP=A9
 0002:00008050 00000004 C=BSS      S=.bss     G=DGROUP   M=Spin     ACBP=A9
 0002:00008054 00000004 C=BSS      S=.bss     G=DGROUP   M=FloatSpinEdit ACBP=A9
 0002:00008058 00000004 C=BSS      S=.bss     G=DGROUP   M=RegExpr  ACBP=A9
 0002:0000805C 00000004 C=BSS      S=.bss     G=DGROUP   M=DateUtils ACBP=A9
 0002:00008060 00000004 C=BSS      S=.bss     G=DGROUP   M=ZLibConst ACBP=A9
 0002:00008064 00001988 C=BSS      S=.bss     G=DGROUP   M=ZLib     ACBP=A9
 0002:000099EC 00000010 C=BSS      S=.bss     G=DGROUP   M=unit1    ACBP=A9


  Address         Publics by Name

 0002:00008068       ..
 0001:000C9894       ..
 0002:00004AD4       ..
 0002:00005038       ..
 0002:00009108       ..
 0002:0000516C       ..
 0002:00004B8C       ..
 0001:000C8F08       ..
 0002:000050F4       ..
 0002:00004C00       ..
 0002:00004EAC       ..
 0002:00007D24       .01
 0002:00008034       .01
 0002:00006684       .1
 0002:00006688       .1
 0002:00007808       .1
 0002:000077FC       .1
 0002:00007820       .1
 0002:00008060       .1
 0002:00006668       .1
 0002:0000805C       .1
 0002:000077F4       .1
 0002:00007A9C       .1
 0002:0000787C       .1
 0002:00007D50       .1
 0002:00007880       .1
 0002:00007884       .1
 0002:00007D5C       .1
 0002:00007888       .1
 0002:0000781C       .1
 0002:000077F0       .1
 0002:000077DC       .1
 0002:00007B70       .1
 0002:00006670       .1
 0002:00007D64       .1
 0002:00007D58       .1
 0002:00007C44       .1
 0002:00007A48       .1
 0002:00008024       .1
 0002:000066BC       .1
 0002:0000668C       .1
 0002:00006680       .1
 0002:0000780C       .1
 0002:00007810       .1
 0002:00007818       .1
 0002:00007C84       .1
 0002:00007C68       .1
 0002:000077D0       .1
 0002:00007824       .1
 0002:00007B28       .1
 0002:00007814       .1
 0002:00007FEC       .1
 0002:00007B3C       .1
 0002:00007FE4       .1
 0002:00007C6C       .11
 0002:00007AA4       .12
 0002:00007B40       .2
 0002:00007C7C       .2
 0002:00007B00       .2
 0002:00007C60       .2
 0002:00007C54       .2
 0002:00007D68       .2
 0002:00008054       .2
 0002:00007D54       .2
 0002:0000667C       .2
 0002:000099F8       .2
 0002:00008044       .2
 0002:0000804C       .3
 0002:00007B4C       .3
 0002:00006674       .3
 0002:000077F8       .3
 0002:00007FE0       .3
 0002:00007B48       .3
 0002:00007D60       .3
 0002:00007D10       .3
 0002:0000782C       .3
 0002:00008058       .3
 0002:00007B04       .31
 0002:00007C64       .32
 0002:0000799C       .35
 0002:00007FF0       .4
 0002:00007FE8       .4
 0002:00007D34       .41
 0002:00007C5C       .42
 0002:000077D4       .5
 0002:00008048       .5
 0002:00008050       .5
 0002:00007A98       .5
 0002:00007A04       .5
 0002:00008020       .6
 0002:000065B8       .6
 0002:00007A4C       .6
 0002:00008038       .66
 0002:00008064       .7
 0002:00007B84       .7
 0002:00008028       .72
 0002:00007E00       .8
 0002:00007A94       .8
 0002:000066B4       .8
 0002:00007A28       .81
 0002:00007C88       .83
 0002:00007D0C       .9
 0002:00007C94       .92
 0002:00007A5C       .95
 0001:00001BE0       @AbstractError
 0001:00002D48       @AfterConstruction
 0001:00002B94       @AsClass
 0001:00002010       @AStrCmp
 0001:00002D98       @BeforeDestruction
 0001:0000291C       @BoundErr
 0001:00002BE0       @CallDynaInst
 0001:00002CF0       @ClassCreate
 0001:00002D40       @ClassDestroy
 0001:00001F18       @Close
 0001:00001908       @Copy
 0001:0000457C       @CopyArray
 0001:00004460       @CopyRecord
 0001:00004694       @DispCallByIDError
 0001:000571E8       @DispInvokeError
 0001:00004684       @Dispose
 0001:000032D8       @DoneExcept
 0001:00004BC4       @DynArrayAddRef
 0001:00004B9C       @DynArrayAsg
 0001:00004B60       @DynArrayClear
 0001:00004A4C       @DynArrayCopy
 0001:00004A6C       @DynArrayCopyRange
 0001:0000488C       @DynArrayHigh
 0001:00004884       @DynArrayLength
 0001:00004A40       @DynArraySetLength
 0001:000033C0       @ExceptionHandler
 0001:000021EC       @FillChar
 0001:0000443C       @Finalize
 0001:00004350       @FinalizeArray
 0001:00004304       @FinalizeRecord
 0001:00001F0C       @Flush
 0001:00002910       @FpuInit
 0001:0000284C       @FpuMaskInit
 0001:00001784       @FreeMem
 0001:00002088       @FSafeDivide
 0001:00002080       @FSafeDivideR
 0001:00001764       @GetMem
 0001:00005980       @GetTls
 0001:000037FC       @Halt
 0001:00003720       @Halt0
 0001:00002EAC       @HandleAnyException
 0001:00003198       @HandleAutoException
 0001:00003160       @HandleFinally
 0001:00002FD8       @HandleOnException
 0001:000059CC       @InitExe
 0001:000042F8       @Initialize
 0001:00004264       @InitializeArray
 0001:00004234       @InitializeRecord
 0001:000035DC       @InitImports
 0001:000035B4       @InitResStringImports
 0001:000052B8       @IntfAddRef
 0001:00005288       @IntfCast
 0001:00005244       @IntfClear
 0001:0000525C       @IntfCopy
 0001:00002924       @IntOver
 0001:00002B70       @IsClass
 0001:0000281C       @isNECWindows
 0001:00003D48       @LStrAddRef
 0001:000038BC       @LStrArrayClr
 0001:000038EC       @LStrAsg
 0001:00003B60       @LStrCat
 0001:00003BA4       @LStrCat3
 0001:00003C18       @LStrCatN
 0001:00003898       @LStrClr
 0001:00003CA4       @LStrCmp
 0001:00003DB8       @LStrCopy
 0001:00003DF8       @LStrDelete
 0001:00003B08       @LStrFromArray
 0001:00003A80       @LStrFromChar
 0001:00003A90       @LStrFromPChar
 0001:00003988       @LStrFromPCharLen
 0001:00003AC0       @LStrFromPWChar
 0001:000039F4       @LStrFromPWCharLen
 0001:00003AFC       @LStrFromString
 0001:00003B20       @LStrFromWStr
 0001:00003E40       @LStrInsert
 0001:00003930       @LStrLAsg
 0001:00003B58       @LStrLen
 0001:00003EE4       @LStrSetLength
 0001:00003D58       @LStrToPChar
 0001:00003B34       @LStrToString
 0001:00004670       @New
 0001:0000395C       @NewAnsiString
 0001:00003F78       @NewWideString
 0001:00002530       @Pow10
 0001:00001F8C       @PStrCmp
 0001:00001F70       @PStrNCpy
 0001:00003284       @RaiseAgain
 0001:0000325C       @RaiseExcept
 0001:000017A4       @ReallocMem
 0001:00001C54       @RewritText
 0001:00001BB0       @ROUND
 0001:00003808       @RunError
 0001:000024E8       @SetElem
 0001:00002518       @SetSub
 0001:0000250C       @SetUnion
 0001:00003574       @StartExe
 0001:00000334       @strlen
 0001:00001BBC       @TRUNC
 0001:00003308       @TryFinallyExit
 0001:00003DB0       @UniqueStringA
 0001:00002288       @ValLong
 0001:000588D4       @VarAddRef
 0001:000574D4       @VarClear
 0001:000574E8       @VarClr
 0001:00004338       @VarClr
 0001:000577FC       @VarCopy
 0001:00004448       @VarCopy
 0001:0005880C       @VarFromBool
 0001:0005885C       @VarFromCurr
 0001:000587A4       @VarFromInt
 0001:000587E0       @VarFromInt64
 0001:00058870       @VarFromLStr
 0001:00058834       @VarFromReal
 0001:00058848       @VarFromTDateTime
 0001:0005889C       @VarFromWStr
 0001:0005723C       @VarNull
 0001:00057B30       @VarToLStr
 0001:00058250       @VarToWStr
 0001:00003F48       @Write0LString
 0001:000023A0       @WriteBytes
 0001:00002470       @WriteLn
 0001:00003F50       @WriteLString
 0001:000023F4       @WriteSpaces
 0001:00003FB8       @WStrArrayClr
 0001:00003FDC       @WStrAsg
 0001:00003FA0       @WStrClr
 0001:00004120       @WStrCmp
 0001:000041A4       @WStrCopy
 0001:000040F4       @WStrFromLStr
 0001:00004008       @WStrFromPCharLen
 0001:000040B8       @WStrFromPWChar
 0001:00004094       @WStrFromPWCharLen
 0001:00004000       @WStrLAsg
 0001:00004114       @WStrLen
 0001:000041F0       @WStrSetLength
 0001:00004104       @WStrToPWChar
 0001:000024C4       @_CLenToPasStr
 0001:000024B8       @_CToPasStr
 0001:000018D8       @_IOTest
 0001:000046E4       @_lldiv
 0001:00004778       @_lldivo
 0001:000047B0       @_llmod
 0001:0000482C       @_llmodo
 0001:0000469C       @_llmul
 0001:000046C0       @_llmulo
 0001:00004864       @_llshl
 0001:0007A44C       AbsMin
 0001:00054380       AbstractErrorHandler
 0002:00006028       AbstractErrorProc
 0002:000035B0       AccessMode
 0001:00001834       AcquireExceptionObject
 0002:00007840       ActionHandlers
 0002:00007844       ActionHandlersOO
 0001:0005C248       ActivateClassGroup
 0001:000062AC       ActivateKeyboardLayout
 0002:00007CC8       ActiveDrag
 0001:00028A58       ActiveX
 0001:0008A62C       ActnList
 0001:00000460       AddBlockAfter
 0002:00002C64       AddCmdLineToBugRep
 0001:0000F39C       AddCodeArea
 0001:0003F8F0       AddColumnStr
 0002:00003820       AddDataModule
 0001:0004DA4C       AddDevice
 0001:0005036C       AddExitProc
 0001:0005FE88       AddFinished
 0001:0001B908       AddFunction
 0001:0003A6E4       AddHeaderInfo
 0001:0008DE58       AddIn
 0001:0004755C       AddItem
 0001:0002563C       AddItem
 0001:0004E7EC       AddItem
 0001:00045094       AddItem
 0001:000106C0       AddLine
 0001:0001C6A0       AddLink
 0001:0002BFD8       AddMEProperty
 0001:0001E074       AddMinDebugInfoItem
 0001:0001B610       AddModule
 0001:000050D4       AddModuleUnloadProc
 0001:000050E4       AddModuleUnloadProc
 0001:0000A7DC       AddMsgHandler
 0001:0000A63C       AddMsgHandler_
 0001:0005FEC0       AddNotFinished
 0001:00044A9C       AddPatch
 0001:0001FF5C       AddPngPart
 0001:0004BE30       AddPtr
 0001:0000F538       AddSpecialBlock
 0001:0001F630       AddStackItem
 0001:0001CA64       AddStackItem
 0001:00060A10       AddSubComponentsToLoaded
 0001:00062F54       AddThread
 0001:0006A154       AdjustColor
 0001:00095560       Adjustment
 0001:000062B4       AdjustWindowRectEx
 0001:0001FE1C       Adler32
 0001:000CC874       adler32
 0002:00004404       Alignments
 0002:00003D00       Alignments
 0002:00003CBC       Alignments
 0002:000043F4       Alignments
 0001:0007FE38       AlignWork
 0001:0009CE14       AlignWork
 0001:00005BA4       AllocateAndInitializeSid
 0001:00064954       AllocateHWnd
 0001:00095018       AllocateHWnd
 0001:000A6BF8       AllocateHWnd
 0001:00050320       AllocMem
 0002:000065B0       AllocMemCount
 0002:000065B4       AllocMemSize
 0001:0006DDAC       AllocPatternBitmap
 0001:00005928       AllocTlsBuffer
 0002:00002C80       AmHttpServer
 0002:00002CC8       AmMeBpl
 0001:00036A44       AmOnline
 0002:000033F8       AmSyncingHandlers
 0001:0003F410       AnalyzePiece
 0002:000041E0       AnchorAlign
 0002:000041D4       AnimateWindowProc
 0002:000042DC       AnimationStyle
 0001:00050560       AnsiCompareText
 0001:00050C28       AnsiLastChar
 0001:000062BC       AnsiLower
 0001:00054C70       AnsiPos
 0001:0007706C       AnsiReplaceStr
 0001:00092938       AnsiSameCaption
 0001:00050598       AnsiStrLIComp
 0001:00054CA8       AnsiStrPos
 0001:00054D48       AnsiStrRScan
 0001:00054D7C       AnsiStrScan
 0001:000056C8       AnsiToUtf8
 0001:000099A8       AnsiToWideEx
 0001:0005052C       AnsiUpperCase
 0002:00003418       AntiFreezeCnt
 0002:00003420       AntiFreezeEvent
 0002:00003414       AntiFreezeMsg
 0002:0000341C       AntiFreezePause
 0002:0000340C       AntiFreezeTh
 0001:00030114       AntiFreezeThread
 0002:00003408       AntiFreezeTid
 0002:00003410       AntiFreezeWnd
 0001:00052278       AppendChars
 0001:0005263C       AppendFormat
 0001:000522DC       AppendNumber
 0001:000522BC       AppendString
 0001:000BEE08       AppEvnts
 0002:00007D2C       Application
 0002:00003830       ApplicationHandleException
 0002:00003838       ApplicationShowException
 0001:0001B7DC       ApproveFunction
 0001:0001B818       ApproveFunction
 0002:0000453C       AppVisible
 0002:000034F8       Armadillo
 0001:00054364       AssertErrorHandler
 0002:00006020       AssertErrorProc
 0001:00059674       AssignLongStr
 0001:00059A20       AssignVariant
 0001:000A50A8       atoi
 0001:000062C4       AttachThreadInput
 0002:00006608       avail
 0002:00002C0C       b64
 0002:000049EC       b642bin
 0001:00050E2C       BackfillGetDiskFreeSpaceEx
 0001:0007D0DC       BackgroundClipped
 0002:000049D8       BackString
 0001:000561D8       BackupVarBoolFromStr
 0001:0005633C       BackupVarBStrFromBool
 0001:00056258       BackupVarBStrFromCy
 0001:000562C8       BackupVarBStrFromDate
 0001:0005616C       BackupVarCyFromStr
 0001:00056100       BackupVarDateFromStr
 0001:00055FBC       BackupVarI4FromStr
 0001:00055F68       BackupVariantChangeTypeEx
 0001:00056028       BackupVarR4FromStr
 0001:00056094       BackupVarR8FromStr
 0001:000A1554       Base64Decode
 0001:000A1334       Base64Encode
 0002:000048DC       Base64In
 0002:00004898       Base64Out
 0002:0000136C       BaseDistance
 0002:000012F8       BaseLength
 0002:00000318       BcbInitExceptBlockLDTC
 0001:00005C14       Beep
 0001:0005C5A0       BeginGlobalLoading
 0001:000062CC       BeginPaint
 0001:0000384C       BeginThread
 0001:0006A160       BetterSize
 0001:00076418       BevelLine
 0001:00076328       BevelRect
 0001:0008ECF4       BiDiDraw
 0002:000049E4       bin2b64
 0002:000049E0       bin2uue
 0001:0002908C       bind
 0001:00062E40       BinToHex
 0001:0000606C       BitBlt
 0002:000049FC       BitBtnCaptions
 0002:00007FF4       BitBtnGlyphs
 0002:0000151C       BitLengthOrder
 0002:00003BEC       BitmapCanvasList
 0002:00007ABC       BitmapImageLock
 0002:0000179C       BitOrder
 0001:00012394       BitReverse
 0001:00012950       BitsWindup
 0001:00055FA4       BiUnimplemented
 0002:000038F4       BlockCode
 0002:000065E0       blockDescBlockList
 0002:000065E4       blockDescFreeList
 0001:000BDB9C       BMDThread
 0001:000D1B94       BonGoBon
 0002:00003814       BooleanIdents
 0001:00008268       BooleanToChar
 0002:00003790       BooleanToStringRule
 0001:0002319C       BooleanValue
 0001:00050A8C       BoolToStr
 0001:000578B0       BoolToWStrViaOS
 0002:00003CA4       BorderStyles
 0001:00020548       Bottom
 0001:0005B560       Bounds
 0001:00005A84       Bounds
 0002:0000439C       Breaks
 0001:000062D4       BringWindowToTop
 0002:00007AF4       BrushManager
 0002:00002C84       BugReportHtml
 0001:00012D94       BuildBitLengthTree
 0001:00014748       BuildHuffmanTables
 0001:000916DC       BuildImage
 0001:00012704       BuildTree
 0002:000041A8       ButtonCaptions
 0002:00004A2C       ButtonCount
 0002:0000417C       ButtonNames
 0002:00004420       Buttons
 0001:000B7D34       Buttons
 0002:00003CF8       ButtonStyles
 0001:00069924       BytesPerScanline
 0001:00069C98       ByteSwapColors
 0001:00054A2C       ByteToCharIndex
 0001:00054A04       ByteToCharLen
 0001:000549C8       ByteType
 0001:00054954       ByteTypeTest
 0002:00007D14       CachedComCtrlVer
 0002:000034CC       CAdminSia
 0001:0004BEB0       CalcCheckSum
 0001:0000FF7C       CalcCodeBegin
 0001:00017130       CalcCryptPassword
 0001:00064890       CalcJmpOffset
 0001:0000CAC0       CalcMSize
 0001:00088880       CalcSplitterPos
 0001:00021F7C       CalculateArea
 0001:00022010       CalculateRegion
 0001:0002928C       CalibrateCode
 0002:00002C7C       CalibrateData
 0001:000062DC       CallNextHookEx
 0001:0005544C       CallTerminateProcs
 0001:0004AD20       CallThreadProcSafe
 0001:000062E4       CallWindowProc
 0001:0007B498       CancelDrag
 0002:00007CDC       CanvasList
 0002:00007AF8       CanvasList
 0002:00004168       Captions
 0002:00004298       CaptureControl
 0002:0000433C       cBooleanToItemAutoFlag
 0001:000C6464       CCheck
 0002:00003428       CEncodeMailto
 0002:00003448       CEncodeSmtp
 0002:00007C7A       CF_COMPONENT
 0002:00007C78       CF_PICTURE
 0002:00002CAC       CGIApp_TCGIApplication_CGIHandleException
 0002:00007A20       ChangeAnyProc
 0001:000798E4       ChangeBiDiModeAlignment
 0001:00050CA8       ChangeFileExt
 0002:00003CDC       CharCases
 0001:000039B8       CharFromWChar
 0001:00054C00       CharLength
 0001:000062EC       CharLower
 0001:000062F4       CharNext
 0001:0000029C       CharNext
 0001:00067E50       CharsetToIdent
 0001:00054B14       CharToByteIndex
 0001:00054B78       CharToByteLen
 0001:000062FC       CharToOemA
 0001:00006304       CharUpper
 0001:0000630C       CharUpperBuff
 0001:0000F600       CheckAddTarget
 0001:0002AC64       CheckAutoBtn
 0001:00042EF8       CheckAutoSave
 0001:0004317C       CheckAutoStuff
 0001:0006A71C       CheckBool
 0001:0003C21C       CheckColDec
 0001:00011E70       CheckDstMap
 0001:000139B0       CheckDstMap
 0001:000303D0       CheckEMailAddress
 0001:0002B498       CheckExceptParams
 0001:0004BF0C       CheckFileCrc
 0001:000494A4       CheckFilters
 0001:0001BE68       CheckFunctionAreas
 0001:0000E638       CheckFunctionName
 0001:00002E28       CheckJmp
 0001:00006314       CheckMenuItem
 0001:0003D148       CheckNcLabel
 0001:0000B608       CheckPrefix
 0002:000002F8       CheckProcAddress
 0001:0000C29C       CheckRegState
 0001:0004BD38       CheckRestart
 0002:0000438C       Checks
 0001:000137B8       CheckSrcMap
 0001:00011CA4       CheckSrcMap
 0001:0000E7F4       CheckStringData
 0001:00060A4C       CheckSubComponents
 0001:00062F6C       CheckSynchronize
 0001:0000C01C       CheckTarget
 0001:00094F4C       CheckTaskWindow
 0001:00011B0C       CheckTryRead
 0001:0007B148       CheckUndock
 0001:00054848       CheckWin32Version
 0002:00003794       CInvalidCustomVariantType
 0002:00004340       cItemAutoFlagToBoolean
 0002:00004338       cItemAutoFlagToMenu
 0001:00064AE0       Classes
 0002:00002CA8       Classes_CheckSynchronize
 0001:0005C00C       ClassNotFound
 0002:00007A1C       ClearAnyProc
 0001:000676DC       ClearColor
 0001:000C558C       ClearMatchs
 0001:00029B58       ClearTempPath
 0001:00058C10       ClearVariantTypeList
 0001:0000631C       ClientToScreen
 0001:000856C4       ClientToWindow
 0002:00003BE4       ClipboardFormats
 0001:00077014       Clipbrd
 0001:0004D62C       Close
 0001:000302CC       CloseAntiFreeze
 0001:0003C06C       CloseApplication
 0001:0001FC20       CloseBmp
 0001:00006324       CloseClipboard
 0001:0004B6C4       CloseCreateThreadHook
 0001:0002FC10       CloseFireHandlers
 0001:00005C1C       CloseHandle
 0001:0000023C       CloseHandle
 0001:0004381C       CloseHandleExceptionThread
 0001:0004B8E8       CloseMessageHooks
 0001:00029094       closesocket
 0002:00007B8C       CloseThemeData
 0002:0000603C       CmdLine
 0002:00006038       CmdShow
 0002:00004334       cMenuAutoFlagToItem
 0002:00002D48       CMEProperties
 0002:00003468       CMonths
 0001:00055FB0       CmpUnimplemented
 0002:00002CDC       CNtObjAttr
 0001:0000C9B0       CodeToHex
 0001:0001F814       CollectPossibleStackItems
 0001:0001D250       CollectPossibleStackItems
 0001:00021074       ColorLookup
 0002:00003964       Colors
 0001:00067C48       ColorToIdent
 0001:00067C38       ColorToRGB
 0001:0003F894       ColumnExists
 0001:00006074       CombineRgn
 0002:00007800       ComCtl32DLL
 0001:000BA7F8       ComCtrls
 0002:00007D28       CommandPool
 0001:00028BD4       CommCtrl
 0001:00028D44       CommDlg
 0001:00000748       Commit
 0002:00006624       committedRoot
 0001:0008D418       CompareFront
 0001:0003A844       CompareHeaderInfo
 0001:0005044C       CompareMem
 0001:0005041C       CompareStr
 0001:00005C24       CompareString
 0001:0005046C       CompareText
 0001:000082F8       CompareText
 0001:00050948       CompareWith
 0001:00043C88       CompletePhaseHandlerExists
 0001:00029C80       CompName
 0001:00060B2C       ComponentCreated
 0001:0001E494       ComposeResult
 0001:000CF878       Compress
 0001:00015C70       Compress
 0001:0001FE94       CompressBitmap
 0001:00012EF8       CompressBlock
 0001:00013298       CompressEx
 0001:000B55B8       ComStrs
 0001:0002909C       connect
 0001:00038384       ConnectToServer
 0001:00066688       Consts
 0001:0002F69C       ContainsSyncHandler
 0001:0006E540       Contnrs
 0002:00007C9A       ControlAtom
 0002:00007CA0       ControlAtomString
 0001:0009A49C       ControlHasHelp
 0001:000892CC       Controls
 0002:00003864       Convert
 0002:00003854       Convert
 0001:00053DC4       ConvertAddr
 0001:000523CC       ConvertEraString
 0001:000502E4       ConvertError
 0001:000502FC       ConvertErrorFmt
 0001:00025DF0       ConvertObject
 0001:00025A64       ConvertProperty
 0001:00052534       ConvertYearString
 0002:0000031C       COpcodeFlags
 0002:0000051C       COpcodeFlags0f
 0002:0000071C       COpcodeFlagsEx
 0002:000008F0       COpcodeLabelIndex
 0002:000009F0       COpcodeLabelIndex0f
 0001:00004894       CopyArray
 0001:0006B204       CopyBitmap
 0001:0006B8CC       CopyBitmapAsMask
 0001:00012E08       CopyBlock
 0002:000016E0       CopyExtra
 0001:00005C2C       CopyFile
 0001:000B7B34       CopyImage
 0002:00001570       CopyLengths
 0002:000015EC       CopyLiteralExtra
 0002:00001668       CopyOffsets
 0001:0006B868       CopyPalette
 0001:0000815C       CopyR
 0002:0000496C       CopyRight
 0002:00003C40       Copyright
 0002:00004544       CopyRight
 0002:00004894       CopyRight
 0002:00004994       CopyRight
 0002:000049DC       CopyRight
 0002:00004890       CopyRight
 0002:0000495C       CopyRight
 0002:00004968       CopyRight
 0002:00004990       CopyRight
 0001:00090580       CopyToBest
 0002:000002C4       COsDescr
 0001:0001C910       CouldBeAfterCall
 0001:0001F588       CouldBeAfterCall
 0001:00054A88       CountChars
 0002:00007AD4       CounterLock
 0002:00001BC4       CPArr
 0002:00003798       CRangeToType
 0002:000017C4       crc32Tab
 0001:000542A8       CreateAssertException
 0001:0002882C       CreateAssistant
 0001:00054430       CreateAVObject
 0001:0004A444       CreateAVStr
 0001:0000607C       CreateBitmap
 0001:0001FB64       CreateBmp
 0001:00006084       CreateBrushIndirect
 0001:00041044       CreateButton
 0001:0000608C       CreateCompatibleBitmap
 0001:00006094       CreateCompatibleDC
 0001:00060BAC       CreateComponent
 0001:0000609C       CreateDC
 0001:000060AC       CreateDIBitmap
 0001:000060A4       CreateDIBSection
 0001:00005C34       CreateDirectory
 0001:00005C3C       CreateEvent
 0001:00005C44       CreateFile
 0001:00000244       CreateFileA
 0001:00005C4C       CreateFileMapping
 0001:000060B4       CreateFont
 0001:000060BC       CreateFontIndirect
 0001:000060C4       CreateHalftonePalette
 0001:0000632C       CreateIcon
 0001:000541D8       CreateInOutError
 0001:00040150       CreateListView
 0001:00027A40       CreateMainButton
 0001:000276FC       CreateMainWindow
 0001:00006334       CreateMenu
 0001:00005C5C       CreateMutex
 0001:000060CC       CreatePalette
 0001:000060D4       CreatePen
 0001:000060DC       CreatePenIndirect
 0001:00005C7C       CreatePipe
 0001:00020064       CreatePng
 0001:0000633C       CreatePopupMenu
 0001:00005C84       CreateProcess
 0001:000060E4       CreateRectRgnIndirect
 0001:00005C8C       CreateRemoteThread
 0001:000060EC       CreateSolidBrush
 0001:00069CEC       CreateSystemPalette
 0001:000002A4       CreateThread
 0001:00005C94       CreateThread
 0002:00003520       CreateToolhelp32Snapshot
 0001:00006908       CreateWindow
 0001:000068B0       CreateWindowEx
 0001:00040F98       CreateWindow_
 0002:00004160       CreationControl
 0002:000041D8       CreationControl
 0002:00000870       CRegLabels
 0002:00003800       CRelationshipToBoolean
 0002:00003498       CRes
 0002:0000377C       CResult
 0002:000049F8       CRLF
 0001:000162D8       crypt2dwords
 0001:000167AC       cryptBuf
 0002:00001C0C       CSArr
 0002:000035A8       cSimpleBoolStrs
 0002:000037AC       CText
 0002:000042D4       Ctl3DStyles
 0002:0000661C       curAlloc
 0002:00007894       CurrencyDecimals
 0002:00007890       CurrencyFormat
 0002:0000788C       CurrencyString
 0002:0000440C       CurrentKeyboardLayout
 0001:00052264       CurrentYear
 0001:00051CC8       CurrToStr
 0001:00057840       CurrToWStrViaOS
 0002:000044C0       CursorMap
 0002:000041E8       Cursors
 0001:00079C5C       CursorToIdent
 0002:000044B0       cUseAlpha
 0002:000044B8       cUseColorKey
 0001:00020B7C       Cut
 0001:0003F268       CutInPieces
 0001:000506BC       CvtInt
 0001:00050728       CvtInt64
 0002:000035E8       CWNear
 0001:00065DD4       DataTypeToRegData
 0001:000C6080       DateOf
 0002:00007895       DateSeparator
 0001:00052DF4       DateTimeToString
 0001:00051DC4       DateTimeToTimeStamp
 0001:00057878       DateToWStrViaOS
 0001:000C6140       DateUtils
 0001:000521B8       DayOfWeek
 0001:000C64C4       DCheck
 0002:000035E4       DCon10
 0001:00022098       DcToBmp
 0002:00003960       DDBsOnly
 0001:00064A08       DeallocateHWnd
 0001:0009502C       DeallocateHWnd
 0001:000A6C0C       DeallocateHWnd
 0002:00000028       DebugHook
 0001:0003C274       DecCol
 0001:0002329C       DecCol
 0002:00007893       DecimalSeparator
 0001:00016E2C       Decode
 0001:00016CE0       Decode
 0001:00052198       DecodeDate
 0001:0005204C       DecodeDateFully
 0001:00019188       DecodeNameString
 0001:00051EB8       DecodeTime
 0001:000007DC       Decommit
 0001:00000E00       DecommitFree
 0002:000065F8       decommittedRoot
 0001:000CF9A0       Decompress
 0001:000169A0       Decrypt
 0001:0003A354       DecryptPassword
 0001:00009938       DecryptStr
 0001:00009414       DecSep
 0001:00097B78       Default
 0001:0009DCE4       Default
 0002:00000020       Default8087CW
 0001:000423A0       DefaultBugReportHtml
 0001:0006F674       DefaultContextHelp
 0002:000041DC       DefaultDockTreeClass
 0002:00004A44       DefaultEncodingNames
 0002:000065BC       DefaultSystemCodePage
 0002:00000034       DefaultTextLineBreakStyle
 0002:00003BB4       DefBrushData
 0002:00003930       DefFontData
 0001:00006344       DefFrameProc
 0001:000C71A8       deflate
 0001:000C7528       deflateEnd
 0001:000C6A24       deflateInit_
 0002:00003674       DefLongDayNames
 0002:00003628       DefLongMonthNames
 0001:0000634C       DefMDIChildProc
 0002:00003B94       DefPenData
 0002:00003658       DefShortDayNames
 0002:000035F8       DefShortMonthNames
 0001:00006354       DefWindowProc
 0001:00004C00       DelayLoadResourceModule
 0001:00000490       DeleteBlock
 0001:00000400       DeleteCriticalSection
 0001:00005C9C       DeleteCriticalSection
 0001:000060F4       DeleteDC
 0001:00005CA4       DeleteFile
 0001:00000C48       DeleteFree
 0001:0001C760       DeleteLink
 0001:0000635C       DeleteMenu
 0001:000060FC       DeleteObject
 0001:0000A9E0       DelMsgHandler
 0001:0000A7E8       DelMsgHandler_
 0001:0002C780       DereferenceMeSettingsBuf
 0001:0002CC5C       DereferenceMeSettingsModule
 0001:000A0790       DES
 0001:000A17FC       DesEcbEncrypt
 0001:0006ADC0       DeselectBitmap
 0001:00080D58       DestroyChildWindow
 0001:00006364       DestroyCursor
 0001:0000636C       DestroyIcon
 0001:000B7C64       DestroyLocals
 0001:00006374       DestroyMenu
 0001:000992FC       DestroyPopupWindow
 0001:0000637C       DestroyWindow
 0002:00002C68       DetectConsole
 0001:00076F98       Dialogs
 0002:00003BF0       DIBPalSizes
 0002:00000090       dig
 0001:00094D90       DisableTaskWindows
 0002:00004440       DisablingWindows
 0002:00002C88       DisAsmFunc
 0001:0000CB84       DisAsmModRm
 0001:00006384       DispatchMessage
 0002:00002C4C       DispatchMessageA
 0001:0000638C       DispatchMessageW
 0001:0009B8A4       DispatchShortCut
 0002:00006000       DispCallByIDProc
 0002:00000FF8       DistanceCode
 0001:000502C8       DivMod
 0001:00076938       Dlgs
 0001:0009CCC4       DoAlign
 0001:0007FCAC       DoAlign
 0001:00084310       DoCalcConstraints
 0002:00007CD0       DockSiteList
 0001:000913D0       DoClick
 0001:0003CC18       DoClose
 0001:0003CCC0       DoContinue
 0001:00081748       DoControlMsg
 0001:00094D40       DoDisableWindow
 0001:0007AA5C       DoDragOver
 0001:00042FE4       DoExceptionAutoStuff
 0001:00050340       DoExitProc
 0001:00086388       DoFindControlZone
 0001:00094E8C       DoFindWindow
 0001:00086AB0       DoFindZone
 0001:0002F7F8       DoFireHandlers
 0001:0008640C       DoForEach
 0001:00088050       DoGetNextLimit
 0001:00010A70       DoItAll
 0001:00094D08       DoneApplication
 0001:00089010       DoneControls
 0001:00054758       DoneExceptions
 0001:000999C4       DoNestedActivation
 0001:00062F08       DoneThreadSynchronization
 0001:0007F86C       DoPosition
 0001:0009CB08       DoPosition
 0001:0003CF88       DoPrint
 0001:00087564       DoPrune
 0001:0003CC6C       DoRestart
 0001:0003CE68       DoSave
 0001:00087A74       DoSaveZone
 0001:0003CCF8       DoSend
 0001:00087D38       DoSetNewBounds
 0002:0000381C       DotSep
 0001:000D1490       DownloadResume
 0001:000D12EC       DownloadStart
 0002:00004A30       DownStyles
 0001:0008BA78       DoWrite
 0001:0005DC20       DoWrite
 0001:0006A978       DoWrite
 0001:00080A04       DoWriteDesignSize
 0001:0007E28C       DoWriteIsControl
 0002:00007CB4       DragCapture
 0002:00007CA8       DragControl
 0001:0007B1BC       DragDone
 0001:0007AA0C       DragFindTarget
 0001:0007A9E0       DragFindWindow
 0002:00007CCC       DragImageList
 0001:0007AE14       DragInit
 0001:0007AF84       DragInitControl
 0002:00007CB0       DragInternalObject
 0001:0007A928       DragMessage
 0002:00007CAC       DragObject
 0002:00007CD8       DragSave
 0002:00007CC0       DragSaveCursor
 0002:00007CB8       DragStartPos
 0002:00007CC4       DragThreshold
 0001:0007AB38       DragTo
 0001:0009DD20       DrawAppIcon
 0001:00086FE8       DrawCloseButton
 0001:00021E58       DrawCursorOnDC
 0001:00006394       DrawEdge
 0001:0000639C       DrawFocusRect
 0001:000063A4       DrawFrameControl
 0001:0008707C       DrawGrabberLine
 0001:00007248       DrawGraphic
 0001:000063AC       DrawIcon
 0001:000063B4       DrawIconEx
 0002:00004310       DrawingStyles
 0001:0003C678       DrawLine
 0001:0003D028       DrawLineEx
 0001:000063BC       DrawMenuBar
 0001:00092758       DrawMenuItem
 0001:000063C4       DrawText
 0002:00007B90       DrawThemeBackground
 0001:00087104       DrawThemedGrabber
 0002:00007BB4       DrawThemeEdge
 0002:00007BB8       DrawThemeIcon
 0002:00007C3C       DrawThemeParentBackground
 0002:00007B94       DrawThemeText
 0002:00002C70       DumbStackTrace
 0001:000697A4       DupBits
 0001:00005CAC       DuplicateHandle
 0001:000048AC       DynArrayClear
 0001:000048B4       DynArraySetLength
 0002:000045C8       E
 0001:00049910       Ebp
 0002:000043FC       EdgeStyle
 0002:000042C4       EdgeStyles
 0001:000541AC       EHeapException.FreeInstance
 0001:000AF15C       EHttpException.Create
 0001:00006104       Ellipse
 0002:00003CAC       Ellipsis
 0001:000C2788       EmitComplexBraces
 0001:000C2E28       EmitExactly
 0001:000C2EF4       EmitRange
 0001:000C2FF8       EmitRangeC
 0001:000C2FAC       EmitRangeCPrim
 0001:000C3218       EmitRangeStr
 0001:000C2894       EmitSimpleBraces
 0001:000C31FC       EmitSimpleRangeC
 0001:000063CC       EmptyClipboard
 0002:00007A08       EmptyParam
 0002:0000352C       EmptyStr
 0002:00003530       EmptyWideStr
 0001:000063D4       EnableMenuItem
 0002:00004394       Enables
 0001:000063DC       EnableScrollBar
 0001:00094E54       EnableTaskWindows
 0002:00007C24       EnableThemeDialogTexture
 0002:00007C40       EnableTheming
 0001:000063E4       EnableWindow
 0001:00016B50       Encode
 0001:00016C84       Encode
 0001:0005201C       EncodeDate
 0001:000B4EF0       EncodeLine
 0001:000B4EB4       EncodeStr
 0001:00036F74       EncodeStr
 0001:00051E78       EncodeTime
 0001:0000610C       EndDoc
 0001:0005C628       EndGlobalLoading
 0001:00006114       EndPage
 0001:000063EC       EndPaint
 0001:00003890       EndThread
 0001:00011AD4       EndTryRead
 0001:0006F050       EnsureHelpManager
 0001:00005CB4       EnterCriticalSection
 0001:000003F0       EnterCriticalSection
 0001:0002C4B8       EnterSettingsMutex
 0001:00005CBC       EnumCalendarInfoA
 0001:000063F4       EnumChildWindows
 0002:00007B24       EnumDisplayMonitors
 0001:00053A30       EnumEraNames
 0001:00053A6C       EnumEraYearOffsets
 0001:000981C8       EnumMonitorsProc
 0001:0004E958       EnumProcesses9x
 0001:0004EAA4       EnumProcessesNt
 0001:000063FC       EnumThreadWindows
 0001:0004BB50       EnumWindowProc
 0001:00006404       EnumWindows
 0001:0000640C       EqualRect
 0002:0000795C       EraNames
 0001:000530D8       EraToYear
 0002:00007978       EraYearOffsets
 0002:00000068       errCaption
 0001:0005BBB0       Error
 0001:0005F9E8       Error
 0001:000018CC       Error
 0001:0008D174       Error
 0002:00000004       ErrorAddr
 0001:00001880       ErrorAt
 0001:000096EC       ErrorCodeToStr
 0001:00054258       ErrorHandler
 0002:00003690       ErrorMap
 0002:00006008       ErrorProc
 0002:000063E4       ErrOutput
 0001:00049908       Esp
 0001:0001DC54       EvaluateLinks
 0001:00001814       ExceptAddr
 0002:0000600C       ExceptClsProc
 0001:000546C4       ExceptHandler
 0002:00007838       ExceptHandlers
 0002:0000783C       ExceptHandlersOO
 0001:00054020       Exception.Create
 0001:0005405C       Exception.CreateFmt
 0001:000540DC       Exception.CreateRes
 0001:00054118       Exception.CreateResFmt
 0002:0000601C       ExceptionClass
 0001:00053DD0       ExceptionErrorMessage
 0002:000034D8       exceptionNumber
 0002:000036C8       ExceptMap
 0001:000017F4       ExceptObject
 0002:00006010       ExceptObjProc
 0002:00006004       ExceptProc
 0001:0000611C       ExcludeClipRect
 0002:00000000       ExitCode
 0001:00003664       ExitDll
 0002:00006044       ExitProc
 0001:000002B4       ExitProcess
 0001:00005CC4       ExitProcess
 0002:00006024       ExitProcessProc
 0002:000035A4       ExitProcList
 0001:000002AC       ExitThread
 0001:00005CCC       ExitThread
 0001:00005CD4       ExpandEnvironmentStrings
 0001:00050DF0       ExpandFileName
 0001:0002ACD0       ExpandVars
 0001:0000AB68       ExportToFunc
 0001:000B7EA8       ExtActns
 0001:000768E4       ExtCtrls
 0001:000B7DD8       ExtDlgs
 0002:000014D0       ExtraBitLengthBits
 0001:00050DA8       ExtractFileExt
 0001:00050D70       ExtractFileName
 0001:000298A0       ExtractFileName
 0001:00050D3C       ExtractFilePath
 0001:0002991C       ExtractFilePath
 0001:0003A5B0       ExtractHeaderInfo
 0002:00001458       ExtraDistanceBits
 0002:000013E4       ExtraLengthBits
 0001:000A05A0       F
 0002:00007DF8       FAccept
 0002:00007998       FalseBoolStrs
 0002:00007DF4       FBind
 0002:00007C80       FClipboard
 0002:00007DF0       FCloseSocket
 0002:000035D8       FCon1E18
 0002:00007DEC       FConnect
 0002:000002C0       FDecSep
 0002:000049AC       FDll2Handle
 0002:000049A8       FDllHandle
 0002:00007D98       FGetHostByAddr
 0002:00007D94       FGetHostByName
 0002:00007D9C       FGetHostName
 0002:00007DE8       FGetPeerName
 0002:00007D90       FGetProtoByName
 0002:00007D8C       FGetServByName
 0002:00007DE4       FGetSockName
 0002:00007DAC       FGetSockOpt
 0002:00007DE0       Fhtonl
 0002:00007DDC       Fhtons
 0001:00050BC0       FileAge
 0002:00003BE8       FileFormats
 0002:00000008       FileMode
 0001:00001C9C       FileNOPProc
 0001:00050AD8       FileOpen
 0001:00050B30       FileRead
 0002:00003848       FilerSignature
 0001:00050B88       FileSeek
 0001:00005CDC       FileTimeToDosDateTime
 0001:00005CE4       FileTimeToLocalFileTime
 0001:00005CEC       FileTimeToSystemTime
 0001:0000A04C       FileVersionToStr
 0001:00050B5C       FileWrite
 0001:00000D30       FillAfterGap
 0001:00000CDC       FillBeforeGap
 0001:0002B304       FillClipboard
 0001:00000DC8       FillerSizeAfterGap
 0001:00000D58       FillerSizeBeforeGap
 0001:0001E198       FillFinalOutput
 0001:0002350C       FillRect
 0001:00006414       FillRect
 0001:000234C4       FillRect
 0001:000088A4       FillStr
 0002:00004A38       FillStyles
 0001:0001D814       FillUpLink
 0001:00012164       FillWindow
 0001:00056708       Finalization
 0001:00028BEC       Finalization
 0001:00064A30       Finalization
 0001:00016274       Finalization
 0001:000289F0       Finalization
 0001:00028A28       Finalization
 0001:00065C7C       Finalization
 0001:000B5518       Finalization
 0001:000B5498       Finalization
 0001:00092A60       Finalization
 0001:00070C80       Finalization
 0001:00077204       Finalization
 0001:0007709C       Finalization
 0001:00016E88       Finalization
 0001:00076FD8       Finalization
 0001:000ADED8       Finalization
 0001:00028BA4       Finalization
 0001:00071978       Finalization
 0001:000A0930       Finalization
 0001:00076F3C       Finalization
 0001:0008A5FC       Finalization
 0001:0007509C       Finalization
 0001:00075DE8       Finalization
 0001:00009A48       Finalization
 0001:000768B4       Finalization
 0001:00076908       Finalization
 0001:0001F9D0       Finalization
 0001:0001B464       Finalization
 0001:000B5550       Finalization
 0001:000B5588       Finalization
 0001:00028C24       Finalization
 0001:000C6014       Finalization
 0001:000CF32C       Finalization
 0001:00028C5C       Finalization
 0001:000A12BC       Finalization
 0001:00007B64       Finalization
 0001:00005A10       Finalization
 0001:0006DDE4       Finalization
 0001:000290FC       Finalization
 0001:000C6110       Finalization
 0001:000A0460       Finalization
 0001:00089264       Finalization
 0001:00006C3C       Finalization
 0001:00006C04       Finalization
 0001:000C0B8C       Finalization
 0001:0006DFB4       Finalization
 0001:0000B418       Finalization
 0001:000057EC       Finalization
 0001:00059B5C       Finalization
 0001:000BC920       Finalization
 0001:000BA780       Finalization
 0001:0008C1C8       Finalization
 0001:000A16E0       Finalization
 0001:0006E510       Finalization
 0001:000C6158       Finalization
 0001:000BFCD0       Finalization
 0001:0004F618       Finalization
 0001:0004F12C       Finalization
 0001:00006A58       Finalization
 0001:00028C94       Finalization
 0001:0004E6F8       Finalization
 0001:0004D974       Finalization
 0001:0006EC8C       Finalization
 0001:00029054       Finalization
 0001:0006ECCC       Finalization
 0001:0004D804       Finalization
 0001:000BEDD8       Finalization
 0001:0006FDAC       Finalization
 0001:000A2100       Finalization
 0001:000B7CFC       Finalization
 0001:0006FDF4       Finalization
 0001:0006FE2C       Finalization
 0001:00011C64       Finalization
 0001:000BDB6C       Finalization
 0001:000B7D5C       Finalization
 0001:00028D14       Finalization
 0001:0002242C       Finalization
 0001:00055D48       Finalization
 0001:000B7E00       Finalization
 0001:00005AA0       Finalization
 0001:00066658       Finalization
 0001:00066358       Finalization
 0001:0005929C       Finalization
 0001:000B7E58       Finalization
 0001:000D183C       Finalization
 0001:000D1874       Finalization
 0001:00070150       Finalization
 0001:00059060       Finalization
 0001:00028CCC       Finalization
 0001:000702FC       Finalization
 0001:000A2AE0       Finalization
 0001:000A3460       Finalization
 0001:000A36E0       Finalization
 0001:000B7EB0       Finalization
 0001:000048A4       FinalizeArray
 0001:000034A8       FinalizeUnits
 0001:0000A9EC       FinalMsgHandler
 0001:00090F5C       Find
 0001:0001C7B0       FindAndDeleteLink
 0001:0001D7B0       FindApprovedDownLink
 0001:0004C0AC       FindBpl
 0001:00004C80       FindBS
 0001:0005C0CC       FindClass
 0001:00049400       FindClass
 0001:00004BF8       FindClassHInstance
 0001:000002C4       FindClose
 0001:00005CF4       FindClose
 0001:0001BEDC       FindCodeAddrAndTarget
 0001:00010014       FindCodeArea
 0001:00010608       FindCodeArea
 0001:0003E614       FindColumns
 0001:00000CAC       FindCommitted
 0001:00079A3C       FindControl
 0001:00058F70       FindCustomVariantType
 0001:00058EB4       FindCustomVariantType
 0001:0007B4E4       FindDragTarget
 0001:00060D5C       FindExistingComponent
 0001:000002CC       FindFirstFile
 0001:00005CFC       FindFirstFile
 0001:00094F98       FindGlobalComponent
 0001:0005C4B8       FindGlobalComponent
 0002:00007A68       FindGlobalComponentProcs
 0001:00004BD0       FindHInstance
 0001:0005C360       FindIdentToInt
 0001:0002648C       FindImagePos
 0001:0003E4EC       FindLines
 0001:0001AFB4       FindMapFile
 0001:000196D4       FindMapFile
 0001:0002C420       FindMEProperty
 0001:00034FA4       FindMeSettings
 0001:0000AA04       FindModule
 0002:00007C74       FindMsg
 0001:0001C9B8       FindNearestExport
 0001:0005FDBC       FindNestedComponent
 0001:00005D04       FindNextFile
 0001:00020D28       FindOptimalPalette
 0001:0008D138       FindPopupControl
 0001:000563D0       FindProc
 0001:0000C9F0       FindProcName
 0001:00005D0C       FindResource
 0001:00004C48       FindResourceHInstance
 0001:0009FAF4       FindScanline
 0001:00094EF0       FindTopMostWindow
 0001:00061CA8       FindUniqueName
 0001:0001D500       FindValidStackArr
 0001:0007B4B0       FindVCLWindow
 0001:0000641C       FindWindow
 0002:00007DD8       FInet_addr
 0002:00007DD4       FInet_ntoa
 0002:00007DCC       FIoctlSocket
 0001:0002ED08       FireHandlers
 0002:000033F4       FireHandlersMsg
 0002:000033F0       FireHandlersWnd
 0002:0000156C       FixedBuild
 0002:000077C4       FixedDistanceBits
 0002:000077CC       FixedDistanceTable
 0002:000077C0       FixedLiteralBits
 0002:000077C8       FixedLiteralTable
 0002:000066C0       FixedTablesMemory
 0001:0006B1B8       FixupBitFields
 0002:00004414       Flags
 0002:000079A8       FLanguages
 0001:00070180       FlatSB
 0002:00007B50       FlatSB_EnableScrollBar
 0002:00007B5C       FlatSB_GetScrollInfo
 0002:00007B60       FlatSB_GetScrollPos
 0002:00007B58       FlatSB_GetScrollRange
 0002:00007B68       FlatSB_SetScrollInfo
 0002:00007B64       FlatSB_SetScrollPos
 0001:0006FE70       FlatSB_SetScrollProp
 0002:00007B6C       FlatSB_SetScrollRange
 0002:00007B54       FlatSB_ShowScrollBar
 0002:00007DC8       FListen
 0001:000C0BBC       FloatSpinEdit
 0001:00051958       FloatToDecimal
 0001:00051C98       FloatToStr
 0001:00051684       FloatToText
 0001:00001F00       Flush
 0001:00013180       FlushBlockOnly
 0001:00011DE8       FlushDstFile
 0001:000138F4       FlushDstFile
 0001:0001231C       FlushPending
 0002:00000AF0       FMagic
 0002:00000AF4       FMagic95
 0002:00000AF8       FMagicReady
 0002:000035EC       FMSecsPerDay
 0001:00051578       FmtStr
 0002:00007DC4       Fntohl
 0002:00007DC0       Fntohs
 0002:00004430       FocusCount
 0002:0000442C       FocusMessages
 0002:00003B04       FontCharsets
 0002:00007AEC       FontManager
 0002:00007DA0       FOpenSocket
 0001:0003A4D8       ForceDir
 0001:00094F6C       ForegroundTask
 0002:000099EC       Form1
 0001:00051564       Format
 0002:000035F4       Format
 0001:0005116C       FormatBuf
 0001:00051160       FormatClearStr
 0001:000510E4       FormatError
 0002:000035D0       FormatErrorStrs
 0001:0002B25C       FormatExceptMessage
 0001:000363D0       FormatMailAddr
 0001:00005D14       FormatMessage
 0001:00008F70       FormatSubStrs
 0001:0005113C       FormatVarToStr
 0001:000A04BC       Forms
 0002:00002C8C       Forms_TApplication_HandleException
 0002:00002C90       Forms_TApplication_ShowException
 0001:00036F64       FourBitToHex
 0001:00002528       FPower10
 0002:00003C38       FPrinter
 0001:00001B80       Frac
 0001:00006424       FrameRect
 0002:00007DB8       FRecv
 0002:00007DBC       FRecvFrom
 0001:00055928       FreeAndNil
 0001:00000A10       FreeCommitted
 0001:00021AB0       FreeContributorList
 0001:00000F38       FreeCurAlloc
 0001:0007B5A8       FreeDeviceContext
 0001:0007B664       FreeDeviceContexts
 0001:000647FC       FreeIntConstList
 0001:00005D1C       FreeLibrary
 0001:000002D4       FreeLibrary
 0002:00000304       FreeLibrary16
 0001:00005354       FreeMemory
 0001:0006AD14       FreeMemoryContexts
 0001:00064930       FreeObjectInstance
 0001:0002CBFC       FreeProps
 0001:00005D3C       FreeResource
 0001:00005BAC       FreeSid
 0001:00000688       FreeSpace
 0001:0005546C       FreeTerminateProcs
 0001:00070334       FreeThemeLibrary
 0002:00003424       FreezeTimeout
 0002:00008040       FRichEditModule
 0001:000118BC       Fs
 0002:00007DB4       FSend
 0002:00007DB0       FSendTo
 0002:00007DA8       FSetSockOpt
 0002:00007DA4       FShutdown
 0002:000077EC       functionCache
 0002:000077E8       functionCount
 0002:00007D84       FWSAAsyncGetHostByAddr
 0002:00007D80       FWSAAsyncGetHostByName
 0002:00007D88       FWSAAsyncSelect
 0002:00007D7C       FWSACancelAsyncRequest
 0002:00007D70       FWSACleanup
 0002:00007D78       FWSAGetLastError
 0002:00007DD0       FWSAIoctl
 0002:00007D74       FWSASetLastError
 0002:00007D6C       FWSAStartup
 0002:00007F98       GClassCritSect
 0001:00069794       GDICheck
 0001:000696EC       GDIError
 0001:00006124       GdiFlush
 0001:00012518       GenerateBitLengths
 0001:000123B8       GenerateCodes
 0001:00001B78       Get8087CW
 0001:000447AC       Get9xResourceReport
 0001:00005770       GetACP
 0001:0000642C       GetActiveWindow
 0001:000A7E80       GetAliasList
 0001:00044A30       GetAllocatedMemory
 0001:0009118C       GetAltGRStatus
 0001:0009D1A4       GetAnimation
 0001:0003811C       GetAttachSize
 0001:000B4D90       GetBaseUrl
 0001:000A0538       GetBit
 0001:0000612C       GetBitmapBits
 0001:00000408       GetBlockDesc
 0001:00006134       GetBrushOrgEx
 0001:0004B940       GetBugReport
 0001:0003A3E4       GetBugReportFile
 0001:00006434       GetCapture
 0001:00079D58       GetCaptureControl
 0001:0005C078       GetClass
 0001:0000643C       GetClassInfo
 0001:00006444       GetClassName
 0001:00046DD8       GetCleartextDisAsm
 0001:0003D12C       GetClientCursorPos
 0001:0000644C       GetClientRect
 0001:0000613C       GetClipBox
 0001:000003A4       GetCmdShow
 0001:0008A854       GetColor
 0001:00005D4C       GetCommandLine
 0001:000002DC       GetCommandLine
 0001:0000085C       GetCommitted
 0001:000008EC       GetCommittedAt
 0001:00005D54       GetComputerName
 0001:00021754       GetContributorList
 0001:0008109C       GetControlAtPos
 0001:00052328       GetCount
 0001:00005D44       GetCPInfo
 0001:00044568       GetCpuCount
 0001:000444F0       GetCpuName
 0001:000467FC       GetCpuRegisters
 0001:00006144       GetCurrentPositionEx
 0001:00005D5C       GetCurrentProcess
 0001:00005D64       GetCurrentProcessId
 0002:00007C34       GetCurrentThemeName
 0001:00005D6C       GetCurrentThread
 0001:00000394       GetCurrentThreadId
 0001:00005D74       GetCurrentThreadId
 0001:00006454       GetCursor
 0001:0009FB04       GetCursorHeightMargin
 0001:0000645C       GetCursorPos
 0001:00052354       GetDate
 0001:00005D7C       GetDateFormat
 0001:00052FF0       GetDateOrder
 0001:00038500       GetDateTimeStr
 0001:00006464       GetDC
 0001:0000646C       GetDCEx
 0001:0000614C       GetDCOrgEx
 0001:0005D250       GetDesigner
 0001:00006474       GetDesktopWindow
 0001:00006164       GetDeviceCaps
 0001:0004E054       GetDeviceInfo
 0001:0006A704       GetDIB
 0001:00006154       GetDIBColorTable
 0001:0000615C       GetDIBits
 0001:0006A648       GetDIBSizes
 0001:00069904       GetDInColors
 0001:00005D84       GetDiskFreeSpace
 0001:00005D8C       GetDiskFreeSpaceA
 0002:000035A0       GetDiskFreeSpaceEx
 0001:00044F38       GetDiskStr
 0001:00044860       GetDisplayModeString
 0001:000373D4       GetDnsIps
 0001:00088134       GetDockAlign
 0001:0007A778       GetDockSiteAtPos
 0001:0007AA98       GetDropCtl
 0001:00002BB0       GetDynaMethod
 0001:0001EF0C       GetEbp
 0001:0005930C       GetEnumNameValue
 0001:00059358       GetEnumValue
 0001:00053AE4       GetEraNamesAndYearOffsets
 0001:00053084       GetEraYearOffset
 0001:0002B0C0       GetExceptClass_
 0001:00054418       GetExceptionClass
 0001:000545FC       GetExceptionObject
 0001:0000B380       GetExceptionObject
 0001:0002B148       GetExceptMessage_
 0001:00005D94       GetExitCodeThread
 0001:0005C000       GetFieldClassTable
 0001:00005D9C       GetFileAttributes
 0001:00005DA4       GetFileSize
 0001:00000254       GetFileSize
 0001:0001A0A4       GetFileTime
 0001:0003094C       GetFileTime
 0001:00005DAC       GetFileTime
 0001:0000024C       GetFileType
 0001:00054868       GetFileVersion
 0001:000D1610       GetFileVersion
 0001:00009F64       GetFileVersion
 0001:00006054       GetFileVersionInfo
 0001:0000605C       GetFileVersionInfoSize
 0001:0000647C       GetFocus
 0001:00023390       GetFont
 0001:00067E70       GetFontData
 0001:00006484       GetForegroundWindow
 0001:00054EDC       GetFormatSettings
 0001:00009E4C       GetFreeSystemResources
 0001:00005DB4       GetFullPathName
 0001:0001B870       GetFunctionName
 0001:0002112C       GetGrayPal
 0001:0000B588       GetHalt0Addr
 0001:0000B568       GetHandleAnyExceptionAddr
 0001:0000B578       GetHandleAutoExceptionAddr
 0001:0000B580       GetHandleFinallyAddr
 0001:0000B570       GetHandleOnExceptionAddr
 0001:0004E488       GetHardwareList
 0001:0004DC5C       GetHardwareList9x
 0001:0004E0EC       GetHardwareListNt
 0001:000673D8       GetHashCode
 0001:0009A4D4       GetHelpInfo
 0001:0006F06C       GetHelpSystem
 0001:0009CF88       GetHint
 0001:0009CFC0       GetHintControl
 0001:000290E4       gethostbyname
 0001:000928D4       GetHotkey
 0001:0000648C       GetIconInfo
 0001:0000AB3C       GetImageDataDirectory
 0001:0000AB60       GetImageExportDirectory
 0001:0000AAE0       GetImageNtHeaders
 0001:0000AC70       GetImageProcAddress
 0001:0000AE74       GetImageProcAddress
 0001:0000AEC0       GetImageProcName
 0001:000A7DF0       GetIPList
 0001:000064A4       GetKeyboardLayout
 0001:000064AC       GetKeyboardLayoutList
 0001:000064B4       GetKeyboardLayoutName
 0001:000064BC       GetKeyboardState
 0001:00002814       GetKeyboardType
 0001:00006494       GetKeyNameText
 0001:0000649C       GetKeyState
 0001:0000D0D0       GetLabel
 0001:00037738       GetLabel
 0001:000064C4       GetLastActivePopup
 0001:000860B8       GetLastChildZone
 0001:00005DBC       GetLastError
 0001:000002E4       GetLastError
 0001:0001B3FC       GetLineNumber
 0002:00000314       GetLineNumber
 0001:000538A4       GetLocaleChar
 0001:000002EC       GetLocaleInfo
 0001:00005DCC       GetLocaleInfo
 0001:00053858       GetLocaleStr
 0001:00005DC4       GetLocalTime
 0001:00079CC0       GetLongHint
 0001:000186E0       GetMapFileFromResources
 0001:0001B124       GetMapFileInfos
 0001:00044654       GetMemoryStatus
 0001:000064CC       GetMenu
 0001:0009A45C       GetMenuHelpContext
 0001:000064D4       GetMenuItemCount
 0001:000064DC       GetMenuItemID
 0001:000064E4       GetMenuItemInfo
 0001:0008F79C       GetMenuSize
 0001:000064EC       GetMenuState
 0001:000064F4       GetMenuString
 0001:0002BF80       GetMeSettingsRes
 0001:000064FC       GetMessage
 0001:00006504       GetMessageA
 0001:0004B768       GetMessageCallbackA
 0001:0004B7B4       GetMessageCallbackW
 0001:00038620       GetMessageId
 0001:00006514       GetMessagePos
 0001:0000650C       GetMessageW
 0001:00005DD4       GetModuleFileName
 0001:000002F4       GetModuleFileName
 0001:00005DDC       GetModuleFileNameA
 0002:00003528       GetModuleFileNameExA
 0001:00005DE4       GetModuleFileNameW
 0001:00005DEC       GetModuleHandle
 0001:00005908       GetModuleHandle
 0001:000002FC       GetModuleHandle
 0001:00005DF4       GetModuleHandleA
 0001:00005DFC       GetModuleHandleW
 0001:00029FDC       GetModuleList
 0001:0004F224       GetModuleList
 0002:00007B18       GetMonitorInfo
 0002:00007B1C       GetMonitorInfoA
 0002:00007B20       GetMonitorInfoW
 0001:0005390C       GetMonthDayNames
 0001:00018C30       GetNextLine
 0001:0000651C       GetNextWindow
 0001:0000616C       GetObject
 0001:00059480       GetOrdProp
 0001:00044350       GetOsLanguageString
 0001:000442A4       GetOsVersionString
 0001:00006174       GetPaletteEntries
 0001:000019AC       GetParamStr
 0001:00006524       GetParent
 0001:00095188       GetParentForm
 0001:00008414       GetPCharLen
 0001:0000617C       GetPixel
 0001:0001FD98       GetPngHeader
 0001:0009DAB8       GetPopupOwnerWindows
 0001:00005E04       GetPriorityClass
 0001:00005E0C       GetPrivateProfileString
 0001:00000304       GetProcAddress
 0001:00005E14       GetProcAddress
 0002:00000308       GetProcAddress16
 0001:0004EEBC       GetProcessList
 0001:00044968       GetProcessMemInfo
 0001:0001B224       GetProcNameFromMapFile
 0002:00000310       GetProcNameFromMapFile
 0001:000443F0       GetProgramUpTime
 0001:0000652C       GetProp
 0001:000593BC       GetPropInfo
 0001:0005942C       GetPropInfos
 0001:0002C808       GetPropStr
 0001:00039958       GetProxyServer
 0001:00095674       GetRealScrollPosition
 0001:0008A834       GetRGBColor
 0001:00028D04       GetSaveFileName
 0001:000309D8       GetScreenShotFile
 0001:00006534       GetScrollInfo
 0001:0000653C       GetScrollPos
 0001:00006544       GetScrollRange
 0001:00029F24       GetSeconds
 0001:00037860       GetServers
 0001:00059550       GetSetElementValue
 0001:00079C7C       GetShortHint
 0001:000005AC       GetSpace
 0001:00000610       GetSpaceAt
 0001:0008D1CC       GetSpecialName
 0001:0001C694       GetStackAddr
 0001:0001F8D8       GetStackAddr
 0001:00046B54       GetStackDump
 0001:0001C698       GetStackTop
 0001:0001F8DC       GetStackTop
 0001:0000030C       GetStartupInfo
 0001:0000025C       GetStdHandle
 0001:00005E1C       GetStdHandle
 0001:00006184       GetStockObject
 0001:000192D0       GetStr
 0001:0000654C       GetSubMenu
 0001:00006554       GetSysColor
 0001:0000655C       GetSysColorBrush
 0001:00005E24       GetSystemDirectory
 0001:00006564       GetSystemMenu
 0001:0000656C       GetSystemMetrics
 0002:00007B08       GetSystemMetrics
 0001:0000618C       GetSystemPaletteEntries
 0001:00005E2C       GetSystemTime
 0001:00044398       GetSystemUpTime
 0001:00040104       GetTabClientRect
 0001:0002A938       GetTebIndex
 0001:00029A14       GetTempPath
 0001:00005E34       GetTempPath
 0001:00023450       GetTextExtent
 0001:00006194       GetTextExtentPoint32
 0001:0000619C       GetTextFace
 0001:000061A4       GetTextMetrics
 0002:00007C2C       GetThemeAppProperties
 0002:00007B98       GetThemeBackgroundContentRect
 0002:00007B9C       GetThemeBackgroundExtent
 0002:00007BAC       GetThemeBackgroundRegion
 0002:00007BD0       GetThemeBool
 0002:00007BC4       GetThemeColor
 0002:00007C38       GetThemeDocumentationProperty
 0002:00007BD8       GetThemeEnumValue
 0002:00007BF8       GetThemeFilename
 0002:00007BE0       GetThemeFont
 0002:00007BD4       GetThemeInt
 0002:00007BEC       GetThemeIntList
 0002:00007BE8       GetThemeMargins
 0002:00007BC8       GetThemeMetric
 0002:00007BA0       GetThemePartSize
 0002:00007BDC       GetThemePosition
 0002:00007BF0       GetThemePropertyOrigin
 0002:00007BE4       GetThemeRect
 0002:00007BCC       GetThemeString
 0002:00007C04       GetThemeSysBool
 0002:00007BFC       GetThemeSysColor
 0002:00007C00       GetThemeSysColorBrush
 0002:00007C0C       GetThemeSysFont
 0002:00007C14       GetThemeSysInt
 0002:00007C08       GetThemeSysSize
 0002:00007C10       GetThemeSysString
 0002:00007BA4       GetThemeTextExtent
 0002:00007BA8       GetThemeTextMetrics
 0001:00005E3C       GetThreadContext
 0001:00047674       GetThreadInfos
 0001:0002A698       GetThreadInfoStr
 0001:00029390       GetThreadList
 0001:00005E44       GetThreadLocale
 0001:00000314       GetThreadLocale
 0001:00005E4C       GetThreadPriority
 0001:000465BC       GetThreadReport
 0001:0004778C       GetThreadStack
 0001:00005E54       GetTickCount
 0001:0005238C       GetTime
 0001:00005934       GetTlsSize
 0001:0009D874       GetTopMostWindows
 0001:00079E64       GetTopParent
 0001:00006574       GetTopWindow
 0001:0001C530       GetTryFinallyExitAddr
 0001:0001C544       GetTryFinallyExitRetAddr
 0001:00043F78       GetTSClientName
 0001:00059300       GetTypeData
 0001:00005BB4       GetUserName
 0001:0000039C       GetVersion
 0001:00005E5C       GetVersion
 0001:00005E64       GetVersionEx
 0001:00005E6C       GetVersionExA
 0001:00005E74       GetVersionExW
 0001:0000657C       GetWindow
 0001:00006584       GetWindowDC
 0001:0000658C       GetWindowLong
 0001:00006594       GetWindowLongW
 0001:000061AC       GetWindowOrgEx
 0001:0000659C       GetWindowPlacement
 0001:000065A4       GetWindowRect
 0001:00005E7C       GetWindowsDirectory
 0001:000065AC       GetWindowText
 0002:00007C20       GetWindowTheme
 0001:000065BC       GetWindowThreadProcessId
 0001:000065B4       GetWindowThreadProcessId
 0002:00007E04       GInitData
 0001:00005E84       GlobalAddAtom
 0001:00005E8C       GlobalAlloc
 0001:00006868       GlobalAllocPtr
 0001:00005E94       GlobalDeleteAtom
 0001:00005E9C       GlobalFindAtom
 0002:00007A6C       GlobalFixupList
 0001:0005FF08       GlobalFixupReferences
 0001:00005EA4       GlobalFree
 0001:00006894       GlobalFreePtr
 0001:00005EB4       GlobalHandle
 0001:00005EAC       GlobalLock
 0001:00005EBC       GlobalMemoryStatus
 0002:00007A50       GlobalNameSpace
 0001:00005EC4       GlobalReAlloc
 0001:00006878       GlobalReAllocPtr
 0001:00005ECC       GlobalUnlock
 0002:00004A28       GlyphCache
 0001:0006DEB8       Graphics
 0001:00075E30       GraphUtil
 0001:000211C4       GrayLookup
 0002:000049A4       GReqVerHigh
 0002:000049A0       GReqVerLow
 0002:00004A7C       GripStyles
 0001:0005C1F4       GroupDescendentsWith
 0002:00007FC8       GSendBufCritSect
 0002:00007FB0       GWSockCritSect
 0001:00030518       HandleContactForm
 0002:00002C54       HandleContactFormProc
 0001:0004AEC4       HandleCreateThreadHook
 0001:0009A6F0       HandleEdge
 0001:000614D0       HandleException
 0001:000438D0       HandleException
 0002:000034C4       HandleExceptionRP
 0002:000034C0       HandleExceptionTh
 0001:0004374C       HandleExceptionThread
 0002:000034BC       HandleExceptionTid
 0002:000034C8       HandleExceptionWP
 0001:0004A900       HandleHiddenException
 0002:00002CCC       HandlerSection
 0001:00030A54       HandleScreenshotForm
 0002:00002C58       HandleScreenshotFormProc
 0002:00000024       HeapAllocFlags
 0002:000065C4       heapErrorCode
 0002:000065C8       heapLock
 0001:0006FDEC       HelpIntfs
 0002:00007B44       HelpManager
 0002:00007C70       HelpMsg
 0001:000C2E98       HexDig
 0002:0000359C       HexDisplayPrefix
 0001:00062E7C       HexToBin
 0002:00007848       HiddenHandlers
 0002:0000784C       HiddenHandlersOO
 0002:00003CE8       HideSelections
 0001:000881B0       HideZone
 0002:00006664       HInstance
 0002:00007D40       HintDoneEvent
 0001:0009D090       HintGetMsgHook
 0002:00007D44       HintHook
 0001:0009D034       HintMouseThread
 0002:00007D48       HintThread
 0002:00007D3C       HintThreadID
 0001:0009CFE0       HintTimerProc
 0002:00004424       HintWindowClass
 0001:0002018C       Hist3d
 0002:00007BB0       HitTestThemeBackground
 0001:0004B33C       HookedCreateRemoteThread
 0001:0004B290       HookedCreateThread
 0001:0004B494       HookedQueueUserWorkItem
 0001:0004AE20       HookedTThreadExecute
 0001:0009D0D4       HookHintHooks
 0002:00006678       HtmlHelpModule
 0001:000290A4       htons
 0002:00002CB4       HttpExtensionProcNext
 0001:000B5510       HttpProt
 0002:00002C74       HttpUploadTimeout
 0001:00006960       HwndMSWheel
 0001:0004BC28       HyperJumpCallstack
 0002:000043B0       IBreaks
 0002:000043BC       IChecks
 0001:000A096C       IcsDES
 0001:000A2B1C       IcsLogger
 0001:000A24B0       IcsLoggerAddTimeStamp
 0001:000A12F8       IcsMD4
 0001:000A213C       IcsNtlmMsgs
 0001:000A349C       IcsUrl
 0002:000043C4       IDefaults
 0001:00067E60       IdentToCharset
 0001:00067C58       IdentToColor
 0001:00079C6C       IdentToCursor
 0001:0005C3DC       IdentToInt
 0002:00007D4C       IdleTimerHandle
 0001:0009F498       IdleTimerProc
 0002:000043CC       IEnables
 0001:00090550       IfHotkeyAvailable
 0002:00007D18       ImageListWriteExProc
 0001:00028B14       ImageList_Add
 0001:00028B4C       ImageList_BeginDrag
 0001:00028AFC       ImageList_Create
 0001:00028B04       ImageList_Destroy
 0001:00028B5C       ImageList_DragEnter
 0001:00028B64       ImageList_DragLeave
 0001:00028B6C       ImageList_DragMove
 0001:00028B74       ImageList_DragShowNolock
 0001:00028B2C       ImageList_Draw
 0001:00028B3C       ImageList_DrawEx
 0001:00028B54       ImageList_EndDrag
 0001:00028B24       ImageList_GetBkColor
 0001:00028B7C       ImageList_GetDragImage
 0001:00028B94       ImageList_GetIconSize
 0001:00028B0C       ImageList_GetImageCount
[...]
  2404 0001:000C39C9  2405 0001:000C39D5  2408 0001:000C39DA  2409 0001:000C39E6
  2412 0001:000C39EB  2413 0001:000C39F0  2414 0001:000C39FC  2416 0001:000C3A01
  2417 0001:000C3A79  2418 0001:000C3A8B  2419 0001:000C3A9D  2420 0001:000C3AAF
  2422 0001:000C3AC1  2423 0001:000C3ACE  2426 0001:000C3AE3  2427 0001:000C3AF0
  2431 0001:000C3B05  2432 0001:000C3B11  2433 0001:000C3B21  2437 0001:000C3B2A
  2441 0001:000C3B3F  2442 0001:000C3B4B  2443 0001:000C3B5B  2447 0001:000C3B64
  2451 0001:000C3B79  2452 0001:000C3B85  2453 0001:000C3B95  2457 0001:000C3B9E
  2461 0001:000C3BB3  2462 0001:000C3BBF  2463 0001:000C3BCF  2467 0001:000C3BD8
  2470 0001:000C3BEA  2471 0001:000C3BF6  2472 0001:000C3C05  2473 0001:000C3C12
  2474 0001:000C3C30  2476 0001:000C3C42  2478 0001:000C3C58  2481 0001:000C3C67
  2482 0001:000C3C71  2486 0001:000C3CA3  2489 0001:000C3CB3  2488 0001:000C3CBD
  2491 0001:000C3CD7  2490 0001:000C3CE1  2496 0001:000C3CF7  2495 0001:000C3D01
  2498 0001:000C3D1B  2501 0001:000C3D2D  2502 0001:000C3D42  2503 0001:000C3D46
  2504 0001:000C3D54  2505 0001:000C3D60  2507 0001:000C3D65  2508 0001:000C3D80
  2509 0001:000C3D8E  2511 0001:000C3DA3  2512 0001:000C3DAD  2513 0001:000C3DB3
  2514 0001:000C3DB8  2515 0001:000C3DBE  2516 0001:000C3DCA  2517 0001:000C3DD9
  2520 0001:000C3DE8  2523 0001:000C3E0E  2524 0001:000C3E22  2525 0001:000C3E2C
  2518 0001:000C3E36  2527 0001:000C3E54  2532 0001:000C3E5E  2533 0001:000C3E85
  2538 0001:000C3F00  2539 0001:000C3F02  2541 0001:000C3F15  2542 0001:000C3F26
  2570 0001:000C3F28  2571 0001:000C3F3A  2572 0001:000C3F3F  2573 0001:000C3F48
  2574 0001:000C3F51  2575 0001:000C3F66  2576 0001:000C3F6E  2577 0001:000C3F74
  2581 0001:000C3FDB  2582 0001:000C3FE1  2587 0001:000C3FE9  2588 0001:000C3FF4
  2586 0001:000C3FF7  2594 0001:000C400F  2595 0001:000C401A  2593 0001:000C401D
  2597 0001:000C402C  2598 0001:000C4038  2601 0001:000C404E  2602 0001:000C4059
  2599 0001:000C405C  2607 0001:000C4078  2608 0001:000C4092  2610 0001:000C409C
  2611 0001:000C40B6  2614 0001:000C40C0  2615 0001:000C40C3  2616 0001:000C40C8
  2618 0001:000C40E2  2619 0001:000C40E5  2615 0001:000C40E8  2621 0001:000C40ED
  2622 0001:000C40F8  2623 0001:000C4101  2626 0001:000C410E  2627 0001:000C4128
  2629 0001:000C4132  2630 0001:000C414C  2633 0001:000C4156  2634 0001:000C4159
  2635 0001:000C415E  2638 0001:000C418E  2639 0001:000C4191  2634 0001:000C4194
  2641 0001:000C4199  2642 0001:000C41A4  2643 0001:000C41AD  2648 0001:000C41BA
  2649 0001:000C41C5  2646 0001:000C41C8  2654 0001:000C41E7  2655 0001:000C41F2
  2652 0001:000C41F5  2692 0001:000C4211  2693 0001:000C421C  2689 0001:000C421F
  2700 0001:000C4246  2701 0001:000C4251  2697 0001:000C4254  2708 0001:000C427D
  2709 0001:000C4288  2706 0001:000C428B  2737 0001:000C42A0  2738 0001:000C42A5
  2739 0001:000C42B1  2742 0001:000C42B3  2743 0001:000C42BF  2750 0001:000C42C8
  2751 0001:000C42D1  2752 0001:000C42D3  2754 0001:000C42D4  2755 0001:000C42DB
  2756 0001:000C42DF  2757 0001:000C42E3  2758 0001:000C42E7  2782 0001:000C42E8
  2783 0001:000C430F  2784 0001:000C4313  2786 0001:000C4315  2787 0001:000C431D
  2788 0001:000C4324  2789 0001:000C4328  2790 0001:000C432F  2792 0001:000C4334
  2795 0001:000C43FF  2802 0001:000C44D7  2804 0001:000C44DC  2805 0001:000C44EE
  2806 0001:000C44F3  2807 0001:000C4502  2808 0001:000C4507  2809 0001:000C4519
  2810 0001:000C4528  2814 0001:000C455D  2819 0001:000C457E  2823 0001:000C4592
  2826 0001:000C4597  2827 0001:000C45A6  2828 0001:000C45B2  2831 0001:000C45D6
  2837 0001:000C4608  2841 0001:000C461C  2845 0001:000C4621  2847 0001:000C4630
  2850 0001:000C463C  2856 0001:000C468D  2859 0001:000C4699  2861 0001:000C46C6
  2864 0001:000C46D2  2866 0001:000C46FB  2891 0001:000C4707  2893 0001:000C4710
  2896 0001:000C4740  2898 0001:000C4753  2899 0001:000C4756  2900 0001:000C475F
  2901 0001:000C4765  2902 0001:000C4769  2903 0001:000C476D  2906 0001:000C4797
  2900 0001:000C47A2  2909 0001:000C47A8  2912 0001:000C47B3  2914 0001:000C47BC
  2916 0001:000C47D0  2918 0001:000C47E3  2919 0001:000C47E6  2920 0001:000C47EF
  2921 0001:000C47F5  2922 0001:000C47F9  2923 0001:000C47FD  2925 0001:000C480E
  2920 0001:000C4819  2928 0001:000C481F  2931 0001:000C482A  2932 0001:000C4836
  2934 0001:000C484E  2936 0001:000C4866  2937 0001:000C486F  2939 0001:000C4885
  2941 0001:000C48A5  2942 0001:000C48A9  2938 0001:000C48AD  2944 0001:000C48C3
  2947 0001:000C48D1  2948 0001:000C48DD  2950 0001:000C48F5  2952 0001:000C490D
  2953 0001:000C4916  2955 0001:000C492C  2958 0001:000C4965  2959 0001:000C4969
  2954 0001:000C496D  2961 0001:000C4983  2964 0001:000C4991  2969 0001:000C49E7
  2972 0001:000C49F3  2977 0001:000C4A51  2981 0001:000C4A5D  2984 0001:000C4A87
  3012 0001:000C4A93  3014 0001:000C4AA3  3015 0001:000C4AB7  3016 0001:000C4ACE
  3017 0001:000C4ADB  3018 0001:000C4AE5  3023 0001:000C4AF9  3026 0001:000C4AFE
  3028 0001:000C4B0E  3029 0001:000C4B22  3030 0001:000C4B39  3031 0001:000C4B46
  3032 0001:000C4B50  3037 0001:000C4B64  3040 0001:000C4B69  3041 0001:000C4B71
  3044 0001:000C4B7F  3045 0001:000C4B88  3046 0001:000C4B9A  3048 0001:000C4BA4
  3049 0001:000C4BAD  3050 0001:000C4BB8  3051 0001:000C4BC5  3056 0001:000C4BCA
  3057 0001:000C4BD3  3058 0001:000C4BE1  3059 0001:000C4BEA  3060 0001:000C4BF5
  3062 0001:000C4BFA  3063 0001:000C4C03  3064 0001:000C4C1B  3065 0001:000C4C28
  3066 0001:000C4C31  3068 0001:000C4C3B  3069 0001:000C4C44  3072 0001:000C4C49
  3073 0001:000C4C52  3074 0001:000C4C5D  3076 0001:000C4C62  3077 0001:000C4C74
  3078 0001:000C4C81  3079 0001:000C4C91  3080 0001:000C4C9A  3081 0001:000C4CB9
  3083 0001:000C4CC2  3084 0001:000C4CDD  3085 0001:000C4CFB  3086 0001:000C4D04
  3087 0001:000C4D11  3088 0001:000C4D1A  3090 0001:000C4D24  3092 0001:000C4D2D
  3093 0001:000C4D3B  3094 0001:000C4D48  3095 0001:000C4D52  3096 0001:000C4D5B
  3100 0001:000C4D60  3101 0001:000C4D6D  3103 0001:000C4D77  3104 0001:000C4D80
  3105 0001:000C4D9B  3106 0001:000C4DB9  3107 0001:000C4DC2  3108 0001:000C4DCF
  3109 0001:000C4DD8  3111 0001:000C4DE2  3113 0001:000C4DEB  3114 0001:000C4DF9
  3118 0001:000C4DFE  3119 0001:000C4E1C  3120 0001:000C4E25  3121 0001:000C4E32
  3122 0001:000C4E3B  3124 0001:000C4E45  3125 0001:000C4E63  3126 0001:000C4E6C
  3133 0001:000C4E71  3134 0001:000C4E75  3135 0001:000C4E7D  3136 0001:000C4E8C
  3137 0001:000C4E93  3138 0001:000C4E9D  3139 0001:000C4EA4  3140 0001:000C4EAE
  3142 0001:000C4EB7  3143 0001:000C4EC4  3145 0001:000C4ED4  3146 0001:000C4EDD
  3147 0001:000C4EE8  3148 0001:000C4EF2  3150 0001:000C4EF6  3152 0001:000C4F09
  3157 0001:000C4F19  3158 0001:000C4F1F  3159 0001:000C4F2B  3161 0001:000C4F37
  3163 0001:000C4F4B  3164 0001:000C4F5B  3166 0001:000C4F64  3167 0001:000C4F72
  3168 0001:000C4F76  3171 0001:000C4F7B  3172 0001:000C4F8B  3175 0001:000C4F94
  3158 0001:000C4F9F  3177 0001:000C4FA7  3180 0001:000C4FAC  3181 0001:000C4FBC
  3183 0001:000C4FC8  3185 0001:000C4FDC  3186 0001:000C4FEC  3188 0001:000C4FF5
  3189 0001:000C5003  3190 0001:000C5007  3193 0001:000C5009  3194 0001:000C5019
  3197 0001:000C5022  3198 0001:000C502D  3181 0001:000C5039  3200 0001:000C5041
  3204 0001:000C5043  3205 0001:000C5047  3208 0001:000C5049  3209 0001:000C5054
  3212 0001:000C5056  2786 0001:000C5059  3217 0001:000C5061  3218 0001:000C5092
  3228 0001:000C509C  3229 0001:000C50A7  3230 0001:000C50A9  3231 0001:000C50B1
  3232 0001:000C50BC  3234 0001:000C517F  3236 0001:000C5191  3240 0001:000C5196
  3241 0001:000C519D  3243 0001:000C51B1  3245 0001:000C51C1  3246 0001:000C51D1
  3244 0001:000C51D5  3249 0001:000C51DD  3253 0001:000C51E2  3254 0001:000C51F4
  3257 0001:000C51F9  3258 0001:000C522A  3261 0001:000C522F  3262 0001:000C5260
  3265 0001:000C5265  3266 0001:000C527A  3267 0001:000C5299  3270 0001:000C529E
  3271 0001:000C52B1  3274 0001:000C52B6  3275 0001:000C52EA  3279 0001:000C52EF
  3280 0001:000C5304  3281 0001:000C531C  3283 0001:000C5332  3287 0001:000C5337
  3292 0001:000C53E6  3298 0001:000C53EB  3299 0001:000C53F4  3302 0001:000C53F9
  3303 0001:000C5402  3306 0001:000C5407  3307 0001:000C540C  3310 0001:000C5419
  3311 0001:000C5428  3312 0001:000C5433  3313 0001:000C5440  3319 0001:000C5445
  3320 0001:000C544E  3323 0001:000C5453  3324 0001:000C5465  3325 0001:000C5470
  3326 0001:000C547A  3327 0001:000C5484  3328 0001:000C548D  3332 0001:000C548F
  3334 0001:000C54A0  3335 0001:000C54AF  3338 0001:000C54B1  3339 0001:000C54BF
  3340 0001:000C54CA  3341 0001:000C54D4  3342 0001:000C54DA  3345 0001:000C54DC
  3346 0001:000C54EE  3349 0001:000C54F0  3350 0001:000C54FB  3353 0001:000C54FD
  3230 0001:000C54FF  3355 0001:000C5507  3360 0001:000C5570  3361 0001:000C5576
  3362 0001:000C557D  3363 0001:000C5589  3391 0001:000C558C  3392 0001:000C5597
  3393 0001:000C5599  3394 0001:000C55AD  3395 0001:000C55BF  3392 0001:000C55C0
  3396 0001:000C55C5  3400 0001:000C55CC  3402 0001:000C55D2  3403 0001:000C55DE
  3404 0001:000C55F8  3405 0001:000C55FC  3406 0001:000C5605  3408 0001:000C561A
  3414 0001:000C5620  3415 0001:000C5641  3417 0001:000C5643  3422 0001:000C564A
  3426 0001:000C565A  3427 0001:000C5666  3428 0001:000C5672  3431 0001:000C5677
  3434 0001:000C5693  3435 0001:000C5698  3436 0001:000C56A4  3440 0001:000C56A9
  3443 0001:000C56BE  3446 0001:000C56CC  3447 0001:000C56D8  3449 0001:000C56DA
  3450 0001:000C56EF  3451 0001:000C56F3  3453 0001:000C5719  3455 0001:000C571C
  3456 0001:000C5720  3461 0001:000C5728  3465 0001:000C573A  3469 0001:000C574F
  3473 0001:000C575A  3474 0001:000C5766  3475 0001:000C5771  3479 0001:000C5773
  3480 0001:000C5775  3482 0001:000C5781  3483 0001:000C5794  3484 0001:000C5798
  3485 0001:000C57A3  3487 0001:000C57A7  3488 0001:000C57AE  3490 0001:000C57B1
  3494 0001:000C57B7  3495 0001:000C57C9  3499 0001:000C57D4  3501 0001:000C57DD
  3502 0001:000C57E4  3503 0001:000C57E7  3525 0001:000C5808  3530 0001:000C5810
  3531 0001:000C5817  3532 0001:000C5819  3533 0001:000C5825  3534 0001:000C5830
  3538 0001:000C5832  3539 0001:000C584E  3540 0001:000C5853  3541 0001:000C585D
  3542 0001:000C5868  3559 0001:000C586C  3561 0001:000C5886  3562 0001:000C5888
  3563 0001:000C589A  3564 0001:000C58AA  3561 0001:000C58AB  3567 0001:000C58B0
  3568 0001:000C58B9  3569 0001:000C58DC  3570 0001:000C58E7  3573 0001:000C58EF
  3574 0001:000C58F8  3580 0001:000C5919  3595 0001:000C5955  3608 0001:000C595C
  3609 0001:000C5965  3610 0001:000C5975  3613 0001:000C59AA  3614 0001:000C59B5
  3616 0001:000C59BA  3619 0001:000C5A07  3620 0001:000C5A0E  3621 0001:000C5A2E
  3622 0001:000C5A4E  3625 0001:000C5A57  3626 0001:000C5A62  3627 0001:000C5A6B
  3628 0001:000C5A72  3631 0001:000C5A7B  3632 0001:000C5A86  3670 0001:000C5A8C
  3671 0001:000C5A94  3672 0001:000C5A96  3673 0001:000C5A98  3674 0001:000C5AAB
  3675 0001:000C5AAF  3676 0001:000C5AB2  3677 0001:000C5ABF  3686 0001:000C5AC4
  3687 0001:000C5AE6  3679 0001:000C5AE9  3689 0001:000C5AFC  3690 0001:000C5B00
  3691 0001:000C5B0D  3692 0001:000C5B12  3693 0001:000C5B14  3694 0001:000C5B18
  3695 0001:000C5B1B  3696 0001:000C5B1F  3697 0001:000C5B24  3699 0001:000C5B34
  3701 0001:000C5B43  3702 0001:000C5B4C  3703 0001:000C5B57  3706 0001:000C5B5C
  3707 0001:000C5B63  3708 0001:000C5B67  3709 0001:000C5B6F  3711 0001:000C5B74
  3712 0001:000C5B77  3714 0001:000C5B7D  3715 0001:000C5B82  3716 0001:000C5B88
  3717 0001:000C5B94  3718 0001:000C5B9A  3719 0001:000C5B9E  3720 0001:000C5BA3
  3721 0001:000C5BB1  3722 0001:000C5BB4  3723 0001:000C5BB8  3724 0001:000C5BDF
  3727 0001:000C5C0E  3728 0001:000C5C1B  3729 0001:000C5C1F  3716 0001:000C5C2A
  3733 0001:000C5C36  3734 0001:000C5C3C  3735 0001:000C5C44  3737 0001:000C5C49
  3739 0001:000C5C56  3740 0001:000C5C5E  3741 0001:000C5C64  3742 0001:000C5C70
  3743 0001:000C5C76  3744 0001:000C5C7A  3745 0001:000C5C7F  3746 0001:000C5C8D
  3747 0001:000C5C90  3748 0001:000C5C94  3749 0001:000C5CA5  3751 0001:000C5CC3
  3752 0001:000C5CCE  3753 0001:000C5CD2  3750 0001:000C5CD6  3757 0001:000C5CEB
  3758 0001:000C5CF8  3759 0001:000C5CFE  3761 0001:000C5D02  3762 0001:000C5D07
  3741 0001:000C5D0B  3765 0001:000C5D17  3770 0001:000C5D20  3771 0001:000C5D4E
  3772 0001:000C5D53  3774 0001:000C5D61  3775 0001:000C5D8E  3776 0001:000C5DAB
  3777 0001:000C5DB6  3778 0001:000C5DFE  3785 0001:000C5E04  3786 0001:000C5E35
  3787 0001:000C5E3C  3788 0001:000C5E41  3790 0001:000C5E4F  3792 0001:000C5E7B
  3793 0001:000C5E81  3794 0001:000C5E9A  3795 0001:000C5EA4  3796 0001:000C5EC1
  3797 0001:000C5ECC  3798 0001:000C5F13  4002 0001:000C5F1C  4003 0001:000C5F1F
  4007 0001:000C5F20  4008 0001:000C5F3E  4009 0001:000C5F44  4010 0001:000C5F4C
  4012 0001:000C5F97  4013 0001:000C5FB4  4014 0001:000C5FB7  4015 0001:000C5FC1
  4019 0001:000C5FF0  4040 0001:000C6078  4040 0001:000C607F

Line numbers for unit1(Unit1.pas) segment .text

   142 0001:000CF720   144 0001:000CF74D   145 0001:000CF758   146 0001:000CF79B
   147 0001:000CF7A9   148 0001:000CF7B6   150 0001:000CF7D6   153 0001:000CF7E4
   154 0001:000CF7EF   155 0001:000CF80B   156 0001:000CF819   158 0001:000CF835
   160 0001:000CF865   165 0001:000CF878   166 0001:000CF8A2   167 0001:000CF8B6
   168 0001:000CF8C4   169 0001:000CF8DB   170 0001:000CF8E9   171 0001:000CF8FE
   172 0001:000CF90C   174 0001:000CF92D   177 0001:000CF94A   180 0001:000CF967
   182 0001:000CF999   189 0001:000CF9A0   190 0001:000CF9D2   191 0001:000CF9E6
   192 0001:000CF9F4   193 0001:000CFA0B   194 0001:000CFA19   195 0001:000CFA2B
   198 0001:000CFA39   199 0001:000CFA4E   202 0001:000CFA52   196 0001:000CFA62
   205 0001:000CFA71   208 0001:000CFA8E   211 0001:000CFAAB   213 0001:000CFADD
   217 0001:000CFAE4   218 0001:000CFAEA   219 0001:000CFAF1   220 0001:000CFAF7
   221 0001:000CFAFE   238 0001:000CFB24   240 0001:000CFB4A   242 0001:000CFB62
   243 0001:000CFB70   245 0001:000CFBEB   247 0001:000CFBF6   248 0001:000CFC05
   249 0001:000CFC11   251 0001:000CFC1E   252 0001:000CFC40   253 0001:000CFC50
   255 0001:000CFC5E   258 0001:000CFC7E   261 0001:000CFC8A   263 0001:000CFCAF
   265 0001:000CFD03   266 0001:000CFD2B   267 0001:000CFD4A   268 0001:000CFD66
   270 0001:000CFD89   271 0001:000CFDB1   272 0001:000CFDD0   273 0001:000CFDEC
   275 0001:000CFE0F   276 0001:000CFE37   277 0001:000CFE8A   279 0001:000CFE99
   280 0001:000CFEC1   281 0001:000CFF14   283 0001:000CFF20   284 0001:000CFF56
   285 0001:000CFF76   286 0001:000CFF85   287 0001:000CFF94   288 0001:000CFFA3
   289 0001:000CFFB2   291 0001:000CFFBF   292 0001:000CFFE5   293 0001:000D0039
   294 0001:000D007B   295 0001:000D00CF   296 0001:000D0123   297 0001:000D0177
   298 0001:000D018F   299 0001:000D01B8   301 0001:000D01D0   302 0001:000D01E0
   303 0001:000D01F4   306 0001:000D01FC   309 0001:000D0225   311 0001:000D024E
   315 0001:000D027F   316 0001:000D028F   255 0001:000D0290   318 0001:000D0299
   319 0001:000D02A1   322 0001:000D02B4   324 0001:000D02C5   325 0001:000D02D2
   326 0001:000D02F3   328 0001:000D02FE   330 0001:000D0312   332 0001:000D0325
   333 0001:000D0335   335 0001:000D035A   338 0001:000D0386   340 0001:000D0399
   343 0001:000D03AF   345 0001:000D03D8   347 0001:000D0409   336 0001:000D042F
   350 0001:000D045B   351 0001:000D0463   352 0001:000D0471   356 0001:000D048C
   357 0001:000D049F   360 0001:000D04AF   361 0001:000D04BC   363 0001:000D04DD
   365 0001:000D04F4   366 0001:000D0506   367 0001:000D0510   369 0001:000D051C
   371 0001:000D052F   372 0001:000D053F   374 0001:000D0557   376 0001:000D0573
   377 0001:000D0590   378 0001:000D05B3   374 0001:000D05B4   379 0001:000D05B9
   381 0001:000D05C1   382 0001:000D05CC   386 0001:000D05DA   388 0001:000D05F7
   390 0001:000D05FF   391 0001:000D0606   392 0001:000D0671   395 0001:000D0908
   396 0001:000D090B   397 0001:000D0916   400 0001:000D0918   401 0001:000D0920
   402 0001:000D0965   407 0001:000D096C   408 0001:000D0988   410 0001:000D0992
   413 0001:000D09A5   414 0001:000D09B4   415 0001:000D09C0   416 0001:000D09CF
   417 0001:000D09DE   418 0001:000D09ED   419 0001:000D09FC   420 0001:000D0A08
   421 0001:000D0A21   422 0001:000D0A2D   425 0001:000D0A3B   428 0001:000D0A4E
   429 0001:000D0A5D   430 0001:000D0A69   431 0001:000D0A78   432 0001:000D0A87
   433 0001:000D0A96   434 0001:000D0AA5   435 0001:000D0AB1   436 0001:000D0ACA
   437 0001:000D0AD6   441 0001:000D0AE4   442 0001:000D0B17   443 0001:000D0B40
   445 0001:000D0B69   446 0001:000D0B88   448 0001:000D0BA7   449 0001:000D0BD7
   450 0001:000D0BFA   452 0001:000D0C01   454 0001:000D0C0F   455 0001:000D0C34
   456 0001:000D0C59   452 0001:000D0C5A   458 0001:000D0C5D   459 0001:000D0C96
   463 0001:000D0D78   464 0001:000D0D94   466 0001:000D0DA3   468 0001:000D0DA8
   469 0001:000D0DAF   472 0001:000D0DB4   474 0001:000D0DE7   475 0001:000D0E09
   477 0001:000D0E2B   478 0001:000D0E47   480 0001:000D0E63   481 0001:000D0E80
   483 0001:000D0EA0   484 0001:000D0EA7   485 0001:000D0EBA   487 0001:000D0EEF
   491 0001:000D0F90   492 0001:000D0F93   493 0001:000D0F9D   496 0001:000D0FA0
   497 0001:000D0FA6   498 0001:000D0FB3   499 0001:000D0FBE   502 0001:000D0FC4
   503 0001:000D0FC7   504 0001:000D0FD3   509 0001:000D0FD8   511 0001:000D0FF8
   512 0001:000D1000   514 0001:000D1010   515 0001:000D101C   516 0001:000D1028
   517 0001:000D1035   519 0001:000D1042   520 0001:000D104F   521 0001:000D105F
   522 0001:000D106C   524 0001:000D1077   526 0001:000D1083   529 0001:000D10A8
   530 0001:000D10C9   533 0001:000D10D9   534 0001:000D10E5   535 0001:000D10F1
   536 0001:000D10FE   539 0001:000D110B   540 0001:000D1124   545 0001:000D1129
   547 0001:000D113B   548 0001:000D1148   549 0001:000D1158   550 0001:000D1165
   552 0001:000D1170   554 0001:000D1187   556 0001:000D11D0   559 0001:000D11E8
   560 0001:000D11F4   561 0001:000D1200   562 0001:000D120D   564 0001:000D121A
   567 0001:000D1221   568 0001:000D125B   574 0001:000D12EC   577 0001:000D130C
   578 0001:000D1324   580 0001:000D133F   581 0001:000D134D   583 0001:000D1363
   584 0001:000D1365   588 0001:000D1374   589 0001:000D1382   590 0001:000D138E
   591 0001:000D13AA   593 0001:000D13B8   594 0001:000D13BA   595 0001:000D13E2
   597 0001:000D13F5   598 0001:000D13F7   599 0001:000D142A   602 0001:000D1490
   604 0001:000D14A8   605 0001:000D14BD   606 0001:000D14DF   608 0001:000D14EA
   609 0001:000D14F8   611 0001:000D150E   612 0001:000D1510   614 0001:000D151C
   615 0001:000D153D   619 0001:000D1544   620 0001:000D1547   621 0001:000D155A
   624 0001:000D1560   625 0001:000D1578   627 0001:000D1586   628 0001:000D159D
   629 0001:000D1608   640 0001:000D1610   641 0001:000D1645   642 0001:000D1662
   643 0001:000D1678   645 0001:000D1682   647 0001:000D168E   649 0001:000D1692
   650 0001:000D169E   653 0001:000D16A3   654 0001:000D16AD   655 0001:000D16BA
   657 0001:000D16D0   659 0001:000D16D3   660 0001:000D16E4   661 0001:000D170E
   662 0001:000D1736   664 0001:000D1760   666 0001:000D1794   669 0001:000D17D0
   670 0001:000D17D9   671 0001:000D1809   674 0001:000D1810   675 0001:000D1817
   676 0001:000D1836   678 0001:000D186C   678 0001:000D1873

Line numbers for BonGoBon(C:\Dokumente und Einstellungen\jesus\Eigene Dateien\Borland Studio-Projekte\BonGo\BonGoBon.dpr) segment .text

    14 0001:000D1B94    15 0001:000D1BA4    16 0001:000D1BB0    17 0001:000D1BC8
    18 0001:000D1BD4

Bound resource files

c:\programme\borland\bds\3.0\lib\Controls.res
c:\programme\borland\bds\3.0\lib\Buttons.res
c:\programme\borland\bds\3.0\lib\ExtDlgs.res
SRGrad.D32
c:\programme\borland\bds\3.0\lib\SPIN.RES
unit1.dfm
BonGoBon.res
BonGoBon.drf


Program entry point at 0001:000D1B94
