
 Start         Length     Name                   Class
 0001:00000000 00088C74H .text                   CODE
 0002:00000000 000021A4H .data                   DATA
 0002:000021A4 00002829H .bss                    BSS


Detailed map of segments

 0001:00000000 0000520B C=CODE     S=.text    G=(none)   M=System   ACBP=A9
 0001:0000520C 00000140 C=CODE     S=.text    G=(none)   M=SysInit  ACBP=A9
 0001:0000534C 00000090 C=CODE     S=.text    G=(none)   M=Types    ACBP=A9
 0001:000053DC 00000CA1 C=CODE     S=.text    G=(none)   M=Windows  ACBP=A9
 0001:00006080 00000038 C=CODE     S=.text    G=(none)   M=Messages ACBP=A9
 0001:000060B8 00000340 C=CODE     S=.text    G=(none)   M=SysConst ACBP=A9
 0001:000063F8 0000682C C=CODE     S=.text    G=(none)   M=SysUtils ACBP=A9
 0001:0000CC24 000007FF C=CODE     S=.text    G=(none)   M=VarUtils ACBP=A9
 0001:0000D424 00002A3A C=CODE     S=.text    G=(none)   M=Variants ACBP=A9
 0001:0000FE60 00000150 C=CODE     S=.text    G=(none)   M=RTLConsts ACBP=A9
 0001:0000FFB0 000008E0 C=CODE     S=.text    G=(none)   M=TypInfo  ACBP=A9
 0001:00010890 00000038 C=CODE     S=.text    G=(none)   M=ActiveX  ACBP=A9
 0001:000108C8 0000AFBE C=CODE     S=.text    G=(none)   M=Classes  ACBP=A9
 0001:0001B888 00001158 C=CODE     S=.text    G=(none)   M=IniFiles ACBP=A9
 0001:0001C9E0 000006DC C=CODE     S=.text    G=(none)   M=Registry ACBP=A9
 0001:0001D0BC 000002E8 C=CODE     S=.text    G=(none)   M=Consts   ACBP=A9
 0001:0001D3A4 00007923 C=CODE     S=.text    G=(none)   M=Graphics ACBP=A9
 0001:00024CC8 00000038 C=CODE     S=.text    G=(none)   M=Math     ACBP=A9
 0001:00024D00 0000055C C=CODE     S=.text    G=(none)   M=Contnrs  ACBP=A9
 0001:0002525C 0000017C C=CODE     S=.text    G=(none)   M=CommCtrl ACBP=A9
 0001:000253D8 00000783 C=CODE     S=.text    G=(none)   M=MultiMon ACBP=A9
 0001:00025B5C 00000038 C=CODE     S=.text    G=(none)   M=Imm      ACBP=A9
 0001:00025B94 000010F0 C=CODE     S=.text    G=(none)   M=HelpIntfs ACBP=A9
 0001:00026C84 00000038 C=CODE     S=.text    G=(none)   M=WinSpool ACBP=A9
 0001:00026CBC 00000044 C=CODE     S=.text    G=(none)   M=Printers ACBP=A9
 0001:00026D00 0000031F C=CODE     S=.text    G=(none)   M=FlatSB   ACBP=A9
 0001:00027020 000001A4 C=CODE     S=.text    G=(none)   M=SyncObjs ACBP=A9
 0001:000271C4 000009BB C=CODE     S=.text    G=(none)   M=UxTheme  ACBP=A9
 0001:00027B80 00000CD4 C=CODE     S=.text    G=(none)   M=Themes   ACBP=A9
 0001:00028854 00003710 C=CODE     S=.text    G=(none)   M=StdCtrls ACBP=A9
 0001:0002BF64 00000040 C=CODE     S=.text    G=(none)   M=ShellAPI ACBP=A9
 0001:0002BFA4 00000038 C=CODE     S=.text    G=(none)   M=RegStr   ACBP=A9
 0001:0002BFDC 00000038 C=CODE     S=.text    G=(none)   M=WinInet  ACBP=A9
 0001:0002C014 00000038 C=CODE     S=.text    G=(none)   M=UrlMon   ACBP=A9
 0001:0002C04C 00000038 C=CODE     S=.text    G=(none)   M=ShlObj   ACBP=A9
 0001:0002C084 00000038 C=CODE     S=.text    G=(none)   M=CommDlg  ACBP=A9
 0001:0002C0BC 00000DDB C=CODE     S=.text    G=(none)   M=GraphUtil ACBP=A9
 0001:0002CE98 00000A58 C=CODE     S=.text    G=(none)   M=ExtCtrls ACBP=A9
 0001:0002D8F0 00000038 C=CODE     S=.text    G=(none)   M=Dlgs     ACBP=A9
 0001:0002D928 00000695 C=CODE     S=.text    G=(none)   M=Dialogs  ACBP=A9
 0001:0002DFC0 00000094 C=CODE     S=.text    G=(none)   M=Clipbrd  ACBP=A9
 0001:0002E054 00000068 C=CODE     S=.text    G=(none)   M=StrUtils ACBP=A9
 0001:0002E0BC 00000168 C=CODE     S=.text    G=(none)   M=StdActns ACBP=A9
 0001:0002E224 0001211F C=CODE     S=.text    G=(none)   M=Controls ACBP=A9
 0001:00040344 000012FA C=CODE     S=.text    G=(none)   M=ActnList ACBP=A9
 0001:00041640 00001BA8 C=CODE     S=.text    G=(none)   M=ImgList  ACBP=A9
 0001:000431E8 00006955 C=CODE     S=.text    G=(none)   M=Menus    ACBP=A9
 0001:00049B40 0000D9B0 C=CODE     S=.text    G=(none)   M=Forms    ACBP=A9
 0001:000574F0 0000046C C=CODE     S=.text    G=(none)   M=IcsDES   ACBP=A9
 0001:0005795C 0000098C C=CODE     S=.text    G=(none)   M=IcsMD4   ACBP=A9
 0001:000582E8 00000424 C=CODE     S=.text    G=(none)   M=MimeUtil ACBP=A9
 0001:0005870C 00000A20 C=CODE     S=.text    G=(none)   M=IcsNtlmMsgs ACBP=A9
 0001:0005912C 000009E0 C=CODE     S=.text    G=(none)   M=IcsLogger ACBP=A9
 0001:00059B0C 00000980 C=CODE     S=.text    G=(none)   M=IcsUrl   ACBP=A9
 0001:0005A48C 00000038 C=CODE     S=.text    G=(none)   M=WinSock  ACBP=A9
 0001:0005A4C4 00000280 C=CODE     S=.text    G=(none)   M=WSockBuf ACBP=A9
 0001:0005A744 0000A8AC C=CODE     S=.text    G=(none)   M=WSocket  ACBP=A9
 0001:00064FF0 00007548 C=CODE     S=.text    G=(none)   M=HttpProt ACBP=A9
 0001:0006C538 00000038 C=CODE     S=.text    G=(none)   M=RichEdit ACBP=A9
 0001:0006C570 00000038 C=CODE     S=.text    G=(none)   M=ToolWin  ACBP=A9
 0001:0006C5A8 00000038 C=CODE     S=.text    G=(none)   M=ComStrs  ACBP=A9
 0001:0006C5E0 00002799 C=CODE     S=.text    G=(none)   M=Buttons  ACBP=A9
 0001:0006ED7C 00000090 C=CODE     S=.text    G=(none)   M=ExtDlgs  ACBP=A9
 0001:0006EE0C 0000006C C=CODE     S=.text    G=(none)   M=Mapi     ACBP=A9
 0001:0006EE78 00000058 C=CODE     S=.text    G=(none)   M=ExtActns ACBP=A9
 0001:0006EED0 00000038 C=CODE     S=.text    G=(none)   M=ListActns ACBP=A9
 0001:0006EF08 00002918 C=CODE     S=.text    G=(none)   M=ComCtrls ACBP=A9
 0001:00071820 00002158 C=CODE     S=.text    G=(none)   M=SRGrad   ACBP=A9
 0001:00073978 0000124C C=CODE     S=.text    G=(none)   M=BMDThread ACBP=A9
 0001:00074BC4 00001297 C=CODE     S=.text    G=(none)   M=AppEvnts ACBP=A9
 0001:00075E5C 00000ECC C=CODE     S=.text    G=(none)   M=Spin     ACBP=A9
 0001:00076D28 00000EBC C=CODE     S=.text    G=(none)   M=FloatSpinEdit ACBP=A9
 0001:00077BE4 000054BC C=CODE     S=.text    G=(none)   M=RegExpr  ACBP=A9
 0001:0007D0A0 000000E4 C=CODE     S=.text    G=(none)   M=DateUtils ACBP=A9
 0001:0007D184 00000048 C=CODE     S=.text    G=(none)   M=ZLibConst ACBP=A9
 0001:0007D1CC 000091D4 C=CODE     S=.text    G=(none)   M=ZLib     ACBP=A9
 0001:000863A0 000025EC C=CODE     S=.text    G=(none)   M=unit1    ACBP=A9
 0001:0008898C 000002E5 C=CODE     S=.text    G=(none)   M=BonGoBon ACBP=A9
 0002:00000000 0000009C C=DATA     S=.data    G=DGROUP   M=System   ACBP=A9
 0002:0000009C 00000020 C=DATA     S=.data    G=DGROUP   M=SysInit  ACBP=A9
 0002:000000BC 00000250 C=DATA     S=.data    G=DGROUP   M=SysUtils ACBP=A9
 0002:0000030C 00000008 C=DATA     S=.data    G=DGROUP   M=VarUtils ACBP=A9
 0002:00000314 0000008E C=DATA     S=.data    G=DGROUP   M=Variants ACBP=A9
 0002:000003A4 0000000C C=DATA     S=.data    G=DGROUP   M=TypInfo  ACBP=A9
 0002:000003B0 00000100 C=DATA     S=.data    G=DGROUP   M=Classes  ACBP=A9
 0002:000004B0 00000008 C=DATA     S=.data    G=DGROUP   M=IniFiles ACBP=A9
 0002:000004B8 00000008 C=DATA     S=.data    G=DGROUP   M=Registry ACBP=A9
 0002:000004C0 00000308 C=DATA     S=.data    G=DGROUP   M=Graphics ACBP=A9
 0002:000007C8 00000004 C=DATA     S=.data    G=DGROUP   M=Printers ACBP=A9
 0002:000007CC 00000068 C=DATA     S=.data    G=DGROUP   M=Themes   ACBP=A9
 0002:00000834 0000006C C=DATA     S=.data    G=DGROUP   M=StdCtrls ACBP=A9
 0002:000008A0 00000450 C=DATA     S=.data    G=DGROUP   M=GraphUtil ACBP=A9
 0002:00000CF0 00000074 C=DATA     S=.data    G=DGROUP   M=Dialogs  ACBP=A9
 0002:00000D64 0000013C C=DATA     S=.data    G=DGROUP   M=Controls ACBP=A9
 0002:00000EA0 00000020 C=DATA     S=.data    G=DGROUP   M=ImgList  ACBP=A9
 0002:00000EC0 000000F4 C=DATA     S=.data    G=DGROUP   M=Menus    ACBP=A9
 0002:00000FB4 00000120 C=DATA     S=.data    G=DGROUP   M=Forms    ACBP=A9
 0002:000010D4 0000034C C=DATA     S=.data    G=DGROUP   M=IcsDES   ACBP=A9
 0002:00001420 00000004 C=DATA     S=.data    G=DGROUP   M=IcsMD4   ACBP=A9
 0002:00001424 000000C8 C=DATA     S=.data    G=DGROUP   M=MimeUtil ACBP=A9
 0002:000014EC 0000000C C=DATA     S=.data    G=DGROUP   M=IcsNtlmMsgs ACBP=A9
 0002:000014F8 00000004 C=DATA     S=.data    G=DGROUP   M=IcsLogger ACBP=A9
 0002:000014FC 00000024 C=DATA     S=.data    G=DGROUP   M=IcsUrl   ACBP=A9
 0002:00001520 00000004 C=DATA     S=.data    G=DGROUP   M=WSockBuf ACBP=A9
 0002:00001524 00000048 C=DATA     S=.data    G=DGROUP   M=WSocket  ACBP=A9
 0002:0000156C 0000001F C=DATA     S=.data    G=DGROUP   M=HttpProt ACBP=A9
 0002:0000158C 00000046 C=DATA     S=.data    G=DGROUP   M=Buttons  ACBP=A9
 0002:000015D4 00000018 C=DATA     S=.data    G=DGROUP   M=ExtDlgs  ACBP=A9
 0002:000015EC 00000008 C=DATA     S=.data    G=DGROUP   M=Mapi     ACBP=A9
 0002:000015F4 00000028 C=DATA     S=.data    G=DGROUP   M=ComCtrls ACBP=A9
 0002:0000161C 00000004 C=DATA     S=.data    G=DGROUP   M=AppEvnts ACBP=A9
 0002:00001620 0000003D C=DATA     S=.data    G=DGROUP   M=RegExpr  ACBP=A9
 0002:00001660 000006D0 C=DATA     S=.data    G=DGROUP   M=ZLib     ACBP=A9
 0002:00003000 00000660 C=BSS      S=.bss     G=DGROUP   M=System   ACBP=A9
 0002:00003660 00000010 C=BSS      S=.bss     G=DGROUP   M=SysInit  ACBP=A9
 0002:00003670 00000004 C=BSS      S=.bss     G=DGROUP   M=Types    ACBP=A9
 0002:00003674 00000008 C=BSS      S=.bss     G=DGROUP   M=Windows  ACBP=A9
 0002:0000367C 00000004 C=BSS      S=.bss     G=DGROUP   M=Messages ACBP=A9
 0002:00003680 00000004 C=BSS      S=.bss     G=DGROUP   M=SysConst ACBP=A9
 0002:00003684 00000120 C=BSS      S=.bss     G=DGROUP   M=SysUtils ACBP=A9
 0002:000037A4 0000005C C=BSS      S=.bss     G=DGROUP   M=VarUtils ACBP=A9
 0002:00003800 00000040 C=BSS      S=.bss     G=DGROUP   M=Variants ACBP=A9
 0002:00003840 00000004 C=BSS      S=.bss     G=DGROUP   M=RTLConsts ACBP=A9
 0002:00003844 00000004 C=BSS      S=.bss     G=DGROUP   M=TypInfo  ACBP=A9
 0002:00003848 00000004 C=BSS      S=.bss     G=DGROUP   M=ActiveX  ACBP=A9
 0002:0000384C 00000044 C=BSS      S=.bss     G=DGROUP   M=Classes  ACBP=A9
 0002:00003890 00000004 C=BSS      S=.bss     G=DGROUP   M=IniFiles ACBP=A9
 0002:00003894 00000004 C=BSS      S=.bss     G=DGROUP   M=Registry ACBP=A9
 0002:00003898 00000004 C=BSS      S=.bss     G=DGROUP   M=Consts   ACBP=A9
 0002:0000389C 00000060 C=BSS      S=.bss     G=DGROUP   M=Graphics ACBP=A9
 0002:000038FC 00000004 C=BSS      S=.bss     G=DGROUP   M=Math     ACBP=A9
 0002:00003900 00000004 C=BSS      S=.bss     G=DGROUP   M=Contnrs  ACBP=A9
 0002:00003904 0000000C C=BSS      S=.bss     G=DGROUP   M=CommCtrl ACBP=A9
 0002:00003910 00000031 C=BSS      S=.bss     G=DGROUP   M=MultiMon ACBP=A9
 0002:00003944 00000004 C=BSS      S=.bss     G=DGROUP   M=Imm      ACBP=A9
 0002:00003948 00000008 C=BSS      S=.bss     G=DGROUP   M=HelpIntfs ACBP=A9
 0002:00003950 00000004 C=BSS      S=.bss     G=DGROUP   M=WinSpool ACBP=A9
 0002:00003954 00000004 C=BSS      S=.bss     G=DGROUP   M=Printers ACBP=A9
 0002:00003958 00000034 C=BSS      S=.bss     G=DGROUP   M=FlatSB   ACBP=A9
 0002:0000398C 00000004 C=BSS      S=.bss     G=DGROUP   M=SyncObjs ACBP=A9
 0002:00003990 000000CC C=BSS      S=.bss     G=DGROUP   M=UxTheme  ACBP=A9
 0002:00003A5C 00000008 C=BSS      S=.bss     G=DGROUP   M=Themes   ACBP=A9
 0002:00003A64 00000004 C=BSS      S=.bss     G=DGROUP   M=StdCtrls ACBP=A9
 0002:00003A68 00000004 C=BSS      S=.bss     G=DGROUP   M=ShellAPI ACBP=A9
 0002:00003A6C 00000004 C=BSS      S=.bss     G=DGROUP   M=RegStr   ACBP=A9
 0002:00003A70 00000004 C=BSS      S=.bss     G=DGROUP   M=WinInet  ACBP=A9
 0002:00003A74 00000004 C=BSS      S=.bss     G=DGROUP   M=UrlMon   ACBP=A9
 0002:00003A78 00000004 C=BSS      S=.bss     G=DGROUP   M=ShlObj   ACBP=A9
 0002:00003A7C 00000004 C=BSS      S=.bss     G=DGROUP   M=CommDlg  ACBP=A9
 0002:00003A80 00000004 C=BSS      S=.bss     G=DGROUP   M=GraphUtil ACBP=A9
 0002:00003A84 00000004 C=BSS      S=.bss     G=DGROUP   M=ExtCtrls ACBP=A9
 0002:00003A88 00000004 C=BSS      S=.bss     G=DGROUP   M=Dlgs     ACBP=A9
 0002:00003A8C 0000000C C=BSS      S=.bss     G=DGROUP   M=Dialogs  ACBP=A9
 0002:00003A98 0000000C C=BSS      S=.bss     G=DGROUP   M=Clipbrd  ACBP=A9
 0002:00003AA4 00000004 C=BSS      S=.bss     G=DGROUP   M=StrUtils ACBP=A9
 0002:00003AA8 00000004 C=BSS      S=.bss     G=DGROUP   M=StdActns ACBP=A9
 0002:00003AAC 00000080 C=BSS      S=.bss     G=DGROUP   M=Controls ACBP=A9
 0002:00003B2C 00000004 C=BSS      S=.bss     G=DGROUP   M=ActnList ACBP=A9
 0002:00003B30 0000000C C=BSS      S=.bss     G=DGROUP   M=ImgList  ACBP=A9
 0002:00003B3C 00000010 C=BSS      S=.bss     G=DGROUP   M=Menus    ACBP=A9
 0002:00003B4C 00000024 C=BSS      S=.bss     G=DGROUP   M=Forms    ACBP=A9
 0002:00003B70 00000004 C=BSS      S=.bss     G=DGROUP   M=IcsDES   ACBP=A9
 0002:00003B74 00000004 C=BSS      S=.bss     G=DGROUP   M=IcsMD4   ACBP=A9
 0002:00003B78 00000004 C=BSS      S=.bss     G=DGROUP   M=MimeUtil ACBP=A9
 0002:00003B7C 00000004 C=BSS      S=.bss     G=DGROUP   M=IcsNtlmMsgs ACBP=A9
 0002:00003B80 00000004 C=BSS      S=.bss     G=DGROUP   M=IcsLogger ACBP=A9
 0002:00003B84 00000004 C=BSS      S=.bss     G=DGROUP   M=IcsUrl   ACBP=A9
 0002:00003B88 00000004 C=BSS      S=.bss     G=DGROUP   M=WinSock  ACBP=A9
 0002:00003B8C 00000004 C=BSS      S=.bss     G=DGROUP   M=WSockBuf ACBP=A9
 0002:00003B90 00000274 C=BSS      S=.bss     G=DGROUP   M=WSocket  ACBP=A9
 0002:00003E04 00000004 C=BSS      S=.bss     G=DGROUP   M=HttpProt ACBP=A9
 0002:00003E08 00000004 C=BSS      S=.bss     G=DGROUP   M=RichEdit ACBP=A9
 0002:00003E0C 00000004 C=BSS      S=.bss     G=DGROUP   M=ToolWin  ACBP=A9
 0002:00003E10 00000004 C=BSS      S=.bss     G=DGROUP   M=ComStrs  ACBP=A9
 0002:00003E14 00000030 C=BSS      S=.bss     G=DGROUP   M=Buttons  ACBP=A9
 0002:00003E44 00000004 C=BSS      S=.bss     G=DGROUP   M=ExtDlgs  ACBP=A9
 0002:00003E48 00000004 C=BSS      S=.bss     G=DGROUP   M=Mapi     ACBP=A9
 0002:00003E4C 00000009 C=BSS      S=.bss     G=DGROUP   M=ExtActns ACBP=A9
 0002:00003E58 00000004 C=BSS      S=.bss     G=DGROUP   M=ListActns ACBP=A9
 0002:00003E5C 0000000C C=BSS      S=.bss     G=DGROUP   M=ComCtrls ACBP=A9
 0002:00003E68 00000004 C=BSS      S=.bss     G=DGROUP   M=SRGrad   ACBP=A9
 0002:00003E6C 00000004 C=BSS      S=.bss     G=DGROUP   M=BMDThread ACBP=A9
 0002:00003E70 00000004 C=BSS      S=.bss     G=DGROUP   M=AppEvnts ACBP=A9
 0002:00003E74 00000004 C=BSS      S=.bss     G=DGROUP   M=Spin     ACBP=A9
 0002:00003E78 00000004 C=BSS      S=.bss     G=DGROUP   M=FloatSpinEdit ACBP=A9
 0002:00003E7C 00000004 C=BSS      S=.bss     G=DGROUP   M=RegExpr  ACBP=A9
 0002:00003E80 00000004 C=BSS      S=.bss     G=DGROUP   M=DateUtils ACBP=A9
 0002:00003E84 00000004 C=BSS      S=.bss     G=DGROUP   M=ZLibConst ACBP=A9
 0002:00003E88 00001988 C=BSS      S=.bss     G=DGROUP   M=ZLib     ACBP=A9
 0002:00005810 00000018 C=BSS      S=.bss     G=DGROUP   M=unit1    ACBP=A9


  Address         Publics by Name

 0002:00003E8C       ..
 0001:000808D0       ..
 0002:00001790       ..
 0002:00001C84       ..
 0002:00001BC8       ..
 0002:00001A3C       ..
 0002:00004F2C       ..
 0002:00001CFC       ..
 0002:00001664       ..
 0001:0007FF44       ..
 0002:0000171C       ..
 0002:00003E58       .01
 0002:00003B44       .01
 0002:00003A4C       .1
 0002:00003E48       .1
 0002:00003898       .1
 0002:00003B70       .1
 0002:00003E84       .1
 0002:00003B84       .1
 0002:00003B88       .1
 0002:00003E80       .1
 0002:00003840       .1
 0002:00003930       .1
 0002:00003A70       .1
 0002:00003944       .1
 0002:0000367C       .1
 0002:00003978       .1
 0002:00003B78       .1
 0002:00003A68       .1
 0002:00003670       .1
 0002:00003680       .1
 0002:00003A88       .1
 0002:00003904       .1
 0002:00003B7C       .1
 0002:00003A7C       .1
 0002:00003E10       .1
 0002:00003AA4       .1
 0002:00003E08       .1
 0002:00003668       .1
 0002:00003A78       .1
 0002:00003A74       .1
 0002:00003A6C       .1
 0002:00003A8C       .11
 0002:000038A0       .12
 0002:000038FC       .2
 0002:00003B8C       .2
 0002:00003A80       .2
 0002:00003E68       .2
 0002:00003B74       .2
 0002:00003948       .2
 0002:00003A9C       .2
 0002:00003E78       .2
 0002:00005824       .2
 0002:00003A5C       .2
 0002:00003674       .3
 0002:00003E04       .3
 0002:00003B30       .3
 0002:00003848       .3
 0002:00003B80       .3
 0002:00003E7C       .3
 0002:00003954       .3
 0002:00003950       .3
 0002:00003E70       .3
 0002:00003900       .31
 0002:00003A84       .32
 0002:00003794       .35
 0002:00003E0C       .4
 0002:00003E14       .4
 0002:00003B54       .41
 0002:00003A64       .42
 0002:00003E6C       .5
 0002:00003894       .5
 0002:00003E74       .5
 0002:000037FC       .5
 0002:00003E44       .6
 0002:00003844       .6
 0002:000035B8       .6
 0002:00003E5C       .66
 0002:0000398C       .7
 0002:00003E88       .7
 0002:00003E4C       .72
 0002:00003890       .8
 0002:00003C24       .8
 0002:00003820       .81
 0002:00003AA8       .83
 0002:00003B2C       .9
 0002:00003AB4       .92
 0002:00003858       .95
 0001:00001B7C       @AbstractError
 0001:000028C0       @AfterConstruction
 0001:0000270C       @AsClass
 0001:00001CE4       @AStrCmp
 0001:00002910       @BeforeDestruction
 0001:00002494       @BoundErr
 0001:00002758       @CallDynaInst
 0001:00002868       @ClassCreate
 0001:000028B8       @ClassDestroy
 0001:00001BEC       @Close
 0001:000018A4       @Copy
 0001:00003FFC       @CopyArray
 0001:00003EE0       @CopyRecord
 0001:000040F0       @DispCallByIDError
 0001:0000DEC4       @DispInvokeError
 0001:00002D8C       @DoneExcept
 0001:000044C4       @DynArrayAsg
 0001:00004488       @DynArrayClear
 0001:000042C8       @DynArrayHigh
 0001:000042C0       @DynArrayLength
 0001:0000447C       @DynArraySetLength
 0001:00002E74       @ExceptionHandler
 0001:00001EC0       @FillChar
 0001:00003EBC       @Finalize
 0001:00003DD0       @FinalizeArray
 0001:00003D84       @FinalizeRecord
 0001:00002488       @FpuInit
 0001:000023C4       @FpuMaskInit
 0001:0000172C       @FreeMem
 0001:00001D5C       @FSafeDivide
 0001:00001D54       @FSafeDivideR
 0001:0000170C       @GetMem
 0001:00005284       @GetTls
 0001:000032B0       @Halt
 0001:000031D4       @Halt0
 0001:00002A24       @HandleAnyException
 0001:00002CD8       @HandleFinally
 0001:00002B50       @HandleOnException
 0001:000052D0       @InitExe
 0001:00003CF0       @InitializeArray
 0001:00003CC0       @InitializeRecord
 0001:00003090       @InitImports
 0001:00003068       @InitResStringImports
 0001:00004BD4       @IntfAddRef
 0001:00004BA4       @IntfCast
 0001:00004B60       @IntfClear
 0001:00004B78       @IntfCopy
 0001:0000249C       @IntOver
 0001:000026E8       @IsClass
 0001:00002394       @isNECWindows
 0001:000037FC       @LStrAddRef
 0001:00003370       @LStrArrayClr
 0001:000033A0       @LStrAsg
 0001:00003614       @LStrCat
 0001:00003658       @LStrCat3
 0001:000036CC       @LStrCatN
 0001:0000334C       @LStrClr
 0001:00003758       @LStrCmp
 0001:0000386C       @LStrCopy
 0001:000038AC       @LStrDelete
 0001:000035BC       @LStrFromArray
 0001:00003534       @LStrFromChar
 0001:00003544       @LStrFromPChar
 0001:0000343C       @LStrFromPCharLen
 0001:00003574       @LStrFromPWChar
 0001:000034A8       @LStrFromPWCharLen
 0001:000035B0       @LStrFromString
 0001:000035D4       @LStrFromWStr
 0001:000038F4       @LStrInsert
 0001:000033E4       @LStrLAsg
 0001:0000360C       @LStrLen
 0001:00003998       @LStrSetLength
 0001:0000380C       @LStrToPChar
 0001:000035E8       @LStrToString
 0001:00003410       @NewAnsiString
 0001:00003A04       @NewWideString
 0001:000020A8       @Pow10
 0001:00001C60       @PStrCmp
 0001:00001C44       @PStrNCpy
 0001:00002D38       @RaiseAgain
 0001:00002D10       @RaiseExcept
 0001:0000174C       @ReallocMem
 0001:00001B4C       @ROUND
 0001:000032BC       @RunError
 0001:00002060       @SetElem
 0001:00002090       @SetSub
 0001:00002084       @SetUnion
 0001:00003028       @StartExe
 0001:000002DC       @strlen
 0001:00001B58       @TRUNC
 0001:00002DBC       @TryFinallyExit
 0001:00003864       @UniqueStringA
 0001:00001F5C       @ValLong
 0001:0000F5B0       @VarAddRef
 0001:0000E1B0       @VarClear
 0001:0000E1C4       @VarClr
 0001:00003DB8       @VarClr
 0001:00003EC8       @VarCopy
 0001:0000E4D8       @VarCopy
 0001:0000F4E8       @VarFromBool
 0001:0000F538       @VarFromCurr
 0001:0000F480       @VarFromInt
 0001:0000F4BC       @VarFromInt64
 0001:0000F54C       @VarFromLStr
 0001:0000F510       @VarFromReal
 0001:0000F524       @VarFromTDateTime
 0001:0000F578       @VarFromWStr
 0001:0000DF18       @VarNull
 0001:0000E80C       @VarToLStr
 0001:0000EF2C       @VarToWStr
 0001:00003A44       @WStrArrayClr
 0001:00003A68       @WStrAsg
 0001:00003A2C       @WStrClr
 0001:00003BAC       @WStrCmp
 0001:00003C30       @WStrCopy
 0001:00003B80       @WStrFromLStr
 0001:00003A94       @WStrFromPCharLen
 0001:00003B44       @WStrFromPWChar
 0001:00003B20       @WStrFromPWCharLen
 0001:00003A8C       @WStrLAsg
 0001:00003BA0       @WStrLen
 0001:00003C7C       @WStrSetLength
 0001:00003B90       @WStrToPWChar
 0001:0000203C       @_CLenToPasStr
 0001:00002030       @_CToPasStr
 0001:00001874       @_IOTest
 0001:00004140       @_lldiv
 0001:000041D4       @_lldivo
 0001:0000420C       @_llmod
 0001:00004288       @_llmodo
 0001:000040F8       @_llmul
 0001:0000411C       @_llmulo
 0001:00031434       AbsMin
 0001:0000B05C       AbstractErrorHandler
 0002:00003028       AbstractErrorProc
 0002:00000140       AccessMode
 0001:000017DC       AcquireExceptionObject
 0001:00012F5C       ActivateClassGroup
 0001:00005900       ActivateKeyboardLayout
 0002:00003AE8       ActiveDrag
 0001:000108C0       ActiveX
 0001:00041614       ActnList
 0001:00000408       AddBlockAfter
 0002:000003B0       AddDataModule
 0001:000070B0       AddExitProc
 0001:00016B9C       AddFinished
 0001:00044E40       AddIn
 0001:000049F0       AddModuleUnloadProc
 0001:00004A00       AddModuleUnloadProc
 0001:00016BD4       AddNotFinished
 0001:00017724       AddSubComponentsToLoaded
 0001:00019C68       AddThread
 0001:00020E68       AdjustColor
 0001:0004C548       Adjustment
 0001:00005908       AdjustWindowRectEx
 0001:000838B0       adler32
 0002:00000F94       Alignments
 0002:0000084C       Alignments
 0002:00000890       Alignments
 0002:00000F84       Alignments
 0001:00036E20       AlignWork
 0001:00053DFC       AlignWork
 0001:0005DC18       AllocateHWnd
 0001:0004C000       AllocateHWnd
 0001:0001B668       AllocateHWnd
 0001:00007064       AllocMem
 0002:000035B0       AllocMemCount
 0002:000035B4       AllocMemSize
 0001:00024AC0       AllocPatternBitmap
 0001:0000522C       AllocTlsBuffer
 0002:00000D70       AnchorAlign
 0002:00000D64       AnimateWindowProc
 0002:00000E6C       AnimationStyle
 0001:000072A4       AnsiCompareText
 0001:0000796C       AnsiLastChar
 0001:00005910       AnsiLower
 0001:0000B94C       AnsiPos
 0001:0002E054       AnsiReplaceStr
 0001:00049920       AnsiSameCaption
 0001:000072DC       AnsiStrLIComp
 0001:0000B984       AnsiStrPos
 0001:0000BA24       AnsiStrRScan
 0001:0000BA58       AnsiStrScan
 0001:00004FCC       AnsiToUtf8
 0001:00007270       AnsiUpperCase
 0001:00008F54       AppendChars
 0001:00009318       AppendFormat
 0001:00008FB8       AppendNumber
 0001:00008F98       AppendString
 0001:00075E28       AppEvnts
 0002:00003B4C       Application
 0002:000003C0       ApplicationHandleException
 0002:000003C8       ApplicationShowException
 0002:000010CC       AppVisible
 0001:0000B040       AssertErrorHandler
 0002:00003020       AssertErrorProc
 0001:00010350       AssignLongStr
 0001:000106FC       AssignVariant
 0001:0005C0C8       atoi
 0002:00003608       avail
 0002:0000157C       b642bin
 0001:00007ADC       BackfillGetDiskFreeSpaceEx
 0001:000340C4       BackgroundClipped
 0002:00001568       BackString
 0001:0000CEB4       BackupVarBoolFromStr
 0001:0000D018       BackupVarBStrFromBool
 0001:0000CF34       BackupVarBStrFromCy
 0001:0000CFA4       BackupVarBStrFromDate
 0001:0000CE48       BackupVarCyFromStr
 0001:0000CDDC       BackupVarDateFromStr
 0001:0000CC98       BackupVarI4FromStr
 0001:0000CC44       BackupVariantChangeTypeEx
 0001:0000CD04       BackupVarR4FromStr
 0001:0000CD70       BackupVarR8FromStr
 0001:0005853C       Base64Decode
 0001:0005831C       Base64Encode
 0002:0000146C       Base64In
 0002:00001428       Base64Out
 0001:000132B4       BeginGlobalLoading
 0001:00005918       BeginPaint
 0001:00003300       BeginThread
 0001:00020E74       BetterSize
 0001:0002D400       BevelLine
 0001:0002D310       BevelRect
 0001:00045CDC       BiDiDraw
 0002:00001574       bin2b64
 0002:00001570       bin2uue
 0001:00019B54       BinToHex
 0001:00005730       BitBlt
 0002:0000158C       BitBtnCaptions
 0002:00003E18       BitBtnGlyphs
 0002:0000077C       BitmapCanvasList
 0002:000038B8       BitmapImageLock
 0001:0000CC80       BiUnimplemented
 0002:00000484       BlockCode
 0002:000035E0       blockDescBlockList
 0002:000035E4       blockDescFreeList
 0001:00074BBC       BMDThread
 0001:00088C2C       BonGoBon
 0002:000003A4       BooleanIdents
 0002:00000320       BooleanToStringRule
 0001:000077D0       BoolToStr
 0001:0000E58C       BoolToWStrViaOS
 0002:00000834       BorderStyles
 0001:00012274       Bounds
 0001:00005388       Bounds
 0002:00000F2C       Breaks
 0002:000038F0       BrushManager
 0001:000486C4       BuildImage
 0002:00000D38       ButtonCaptions
 0002:000015BC       ButtonCount
 0002:00000D0C       ButtonNames
 0002:00000FB0       Buttons
 0001:0006ED54       Buttons
 0002:00000888       ButtonStyles
 0001:00020638       BytesPerScanline
 0001:000209AC       ByteSwapColors
 0001:0000B708       ByteToCharIndex
 0001:0000B6E0       ByteToCharLen
 0001:0000B6A4       ByteType
 0001:0000B630       ByteTypeTest
 0002:00003B34       CachedComCtrlVer
 0001:0001B5A4       CalcJmpOffset
 0001:0003F868       CalcSplitterPos
 0001:00005920       CallNextHookEx
 0001:0000C128       CallTerminateProcs
 0001:00005928       CallWindowProc
 0001:00032480       CancelDrag
 0002:00003AFC       CanvasList
 0002:000038F4       CanvasList
 0002:00000CF8       Captions
 0002:00000E28       CaptureControl
 0002:00000ECC       cBooleanToItemAutoFlag
 0001:0007D4A0       CCheck
 0002:00003A9A       CF_COMPONENT
 0002:00003A98       CF_PICTURE
 0002:00003818       ChangeAnyProc
 0001:000308CC       ChangeBiDiModeAlignment
 0002:0000086C       CharCases
 0001:0000346C       CharFromWChar
 0001:0000B8DC       CharLength
 0001:00005930       CharLower
 0001:0000024C       CharNext
 0001:00005938       CharNext
 0001:0001EB64       CharsetToIdent
 0001:0000B7F0       CharToByteIndex
 0001:0000B854       CharToByteLen
 0001:00005940       CharToOemA
 0001:00005948       CharUpper
 0001:00005950       CharUpperBuff
 0001:00021430       CheckBool
 0001:000029A0       CheckJmp
 0001:00005958       CheckMenuItem
 0002:00000F1C       Checks
 0001:00017760       CheckSubComponents
 0001:00019C80       CheckSynchronize
 0001:0004BF34       CheckTaskWindow
 0001:00032130       CheckUndock
 0001:0000B524       CheckWin32Version
 0002:00000324       CInvalidCustomVariantType
 0002:00000ED0       cItemAutoFlagToBoolean
 0002:00000EC8       cItemAutoFlagToMenu
 0001:0001B7F4       Classes
 0001:00012D20       ClassNotFound
 0002:00003814       ClearAnyProc
 0001:0001E3F0       ClearColor
 0001:0007C5AC       ClearMatchs
 0001:0000F8EC       ClearVariantTypeList
 0001:00005960       ClientToScreen
 0001:0003C6AC       ClientToWindow
 0002:00000774       ClipboardFormats
 0001:0002DFFC       Clipbrd
 0001:000054D0       CloseHandle
 0002:00003994       CloseThemeData
 0002:0000303C       CmdLine
 0002:00003038       CmdShow
 0002:00000EC4       cMenuAutoFlagToItem
 0001:0000CC8C       CmpUnimplemented
 0002:000004F4       Colors
 0001:0001E95C       ColorToIdent
 0001:0001E94C       ColorToRGB
 0002:00003908       ComCtl32DLL
 0001:00071818       ComCtrls
 0002:00003B48       CommandPool
 0001:000253D0       CommCtrl
 0001:0002C0B4       CommDlg
 0001:000006F0       Commit
 0002:00003624       committedRoot
 0001:00044400       CompareFront
 0001:00007190       CompareMem
 0001:00007160       CompareStr
 0001:000054D8       CompareString
 0001:000071B0       CompareText
 0001:0000768C       CompareWith
 0001:00017840       ComponentCreated
 0001:000869D4       CompressFromMem
 0001:0006C5D8       ComStrs
 0001:0001D39C       Consts
 0001:00025254       Contnrs
 0002:00003ABA       ControlAtom
 0002:00003AC0       ControlAtomString
 0001:00051484       ControlHasHelp
 0001:000402B4       Controls
 0002:000003E4       Convert
 0002:000003F4       Convert
 0001:0000AAA0       ConvertAddr
 0001:000090A8       ConvertEraString
 0001:00007028       ConvertError
 0001:00007040       ConvertErrorFmt
 0001:00009210       ConvertYearString
 0001:000042D0       CopyArray
 0001:00021F18       CopyBitmap
 0001:000225E0       CopyBitmapAsMask
 0001:0006EB54       CopyImage
 0001:0002257C       CopyPalette
 0002:00001424       CopyRight
 0002:00001420       CopyRight
 0002:000014EC       CopyRight
 0002:000010D4       CopyRight
 0002:000014F8       CopyRight
 0002:0000156C       CopyRight
 0002:00001524       CopyRight
 0002:000007D0       Copyright
 0002:00001520       CopyRight
 0002:000014FC       CopyRight
 0001:00047568       CopyToBest
 0001:0000B764       CountChars
 0002:0000581C       CountDate
 0002:000038D0       CounterLock
 0001:00086770       CountUsers
 0002:00000328       CRangeToType
 0001:0000AF84       CreateAssertException
 0001:0000B10C       CreateAVObject
 0001:00005738       CreateBitmap
 0001:00005740       CreateBrushIndirect
 0001:00005748       CreateCompatibleBitmap
 0001:00005750       CreateCompatibleDC
 0001:000178C0       CreateComponent
 0001:00005760       CreateDIBitmap
 0001:00005758       CreateDIBSection
 0001:000054E0       CreateEvent
 0001:000054E8       CreateFile
 0001:00005768       CreateFontIndirect
 0001:00005770       CreateHalftonePalette
 0001:00005968       CreateIcon
 0001:0000AEB4       CreateInOutError
 0001:00005970       CreateMenu
 0001:00005778       CreatePalette
 0001:00005780       CreatePenIndirect
 0001:00005978       CreatePopupMenu
 0001:00005788       CreateSolidBrush
 0001:00020A00       CreateSystemPalette
 0001:000054F0       CreateThread
 0001:00000254       CreateThread
 0001:00005ED8       CreateWindow
 0001:00005E80       CreateWindowEx
 0002:00000D68       CreationControl
 0002:00000CF0       CreationControl
 0002:00000390       CRelationshipToBoolean
 0002:0000030C       CResult
 0002:00001588       CRLF
 0002:00000138       cSimpleBoolStrs
 0002:0000033C       CText
 0002:00000E64       Ctl3DStyles
 0002:0000361C       curAlloc
 0002:0000368C       CurrencyDecimals
 0002:00003688       CurrencyFormat
 0002:00003684       CurrencyString
 0002:00000F9C       CurrentKeyboardLayout
 0001:00008F40       CurrentYear
 0001:00008978       CurrToStr
 0001:0000E51C       CurrToWStrViaOS
 0002:00001050       CursorMap
 0002:00000D78       Cursors
 0001:00030C44       CursorToIdent
 0002:00001040       cUseAlpha
 0002:00001048       cUseColorKey
 0001:00007400       CvtInt
 0001:0000746C       CvtInt64
 0002:00000178       CWNear
 0001:0001CAE8       DataTypeToRegData
 0001:00008E90       Date
 0001:0007D0A0       DateOf
 0002:0000368D       DateSeparator
 0001:00009AD0       DateTimeToString
 0001:00008A74       DateTimeToTimeStamp
 0001:0000E554       DateToWStrViaOS
 0001:0007D17C       DateUtils
 0001:00008E68       DayOfWeek
 0001:0007D500       DCheck
 0002:00000174       DCon10
 0002:000004F0       DDBsOnly
 0001:0001B71C       DeallocateHWnd
 0001:0004C014       DeallocateHWnd
 0001:0005DC2C       DeallocateHWnd
 0002:00000028       DebugHook
 0002:0000368B       DecimalSeparator
 0001:00008E48       DecodeDate
 0001:00008CFC       DecodeDateFully
 0001:00008B68       DecodeTime
 0001:00000784       Decommit
 0001:00000DA8       DecommitFree
 0002:000035F8       decommittedRoot
 0001:00086AB8       DecompressToMem
 0001:00054CCC       Default
 0001:0004EB60       Default
 0002:00000020       Default8087CW
 0001:00026504       DefaultContextHelp
 0002:00000D6C       DefaultDockTreeClass
 0002:000015D4       DefaultEncodingNames
 0002:000035BC       DefaultSystemCodePage
 0002:00000744       DefBrushData
 0002:000004C0       DefFontData
 0001:00005980       DefFrameProc
 0001:0007E1E4       deflate
 0001:0007E564       deflateEnd
 0001:0007DA60       deflateInit_
 0002:00000204       DefLongDayNames
 0002:000001B8       DefLongMonthNames
 0001:00005988       DefMDIChildProc
 0002:00000724       DefPenData
 0002:000001E8       DefShortDayNames
 0002:00000188       DefShortMonthNames
 0001:00005990       DefWindowProc
 0001:0000451C       DelayLoadResourceModule
 0001:00000438       DeleteBlock
 0001:000003A8       DeleteCriticalSection
 0001:000054F8       DeleteCriticalSection
 0001:00005790       DeleteDC
 0001:00005500       DeleteFile
 0001:00000BF0       DeleteFree
 0001:00005998       DeleteMenu
 0001:00005798       DeleteObject
 0001:00057778       DES
 0001:000587E4       DesEcbEncrypt
 0001:00021AD4       DeselectBitmap
 0001:00037D40       DestroyChildWindow
 0001:000059A0       DestroyCursor
 0001:000059A8       DestroyIcon
 0001:0006EC84       DestroyLocals
 0001:000059B0       DestroyMenu
 0001:000502E4       DestroyPopupWindow
 0001:000059B8       DestroyWindow
 0001:0002DF80       Dialogs
 0002:00000780       DIBPalSizes
 0002:0000008C       dig
 0001:0004BD78       DisableTaskWindows
 0002:00000FD0       DisablingWindows
 0001:000059C0       DispatchMessage
 0001:000059C8       DispatchMessageW
 0001:0005288C       DispatchShortCut
 0002:00003000       DispCallByIDProc
 0001:0000700C       DivMod
 0001:0002D920       Dlgs
 0001:00036C94       DoAlign
 0001:00053CAC       DoAlign
 0001:0003B2F8       DoCalcConstraints
 0002:00003AF0       DockSiteList
 0001:000483B8       DoClick
 0001:00038730       DoControlMsg
 0001:0004BD28       DoDisableWindow
 0001:00031A44       DoDragOver
 0001:00007084       DoExitProc
 0001:0003D370       DoFindControlZone
 0001:0004BE74       DoFindWindow
 0001:0003DA98       DoFindZone
 0001:0003D3F4       DoForEach
 0001:0003F038       DoGetNextLimit
 0001:0004BCF0       DoneApplication
 0001:0003FFF8       DoneControls
 0001:0000B434       DoneExceptions
 0001:000509AC       DoNestedActivation
 0001:00019C1C       DoneThreadSynchronization
 0001:00036854       DoPosition
 0001:00053AF0       DoPosition
 0001:0003E54C       DoPrune
 0001:0003EA5C       DoSaveZone
 0001:0003ED20       DoSetNewBounds
 0002:000003AC       DotSep
 0001:00088558       DownloadResume
 0001:000883B4       DownloadStart
 0002:000015C0       DownStyles
 0001:00014934       DoWrite
 0001:0002168C       DoWrite
 0001:00042A60       DoWrite
 0001:000379EC       DoWriteDesignSize
 0001:00035274       DoWriteIsControl
 0002:00003AD4       DragCapture
 0002:00003AC8       DragControl
 0001:000321A4       DragDone
 0001:000319F4       DragFindTarget
 0001:000319C8       DragFindWindow
 0002:00003AEC       DragImageList
 0001:00031DFC       DragInit
 0001:00031F6C       DragInitControl
 0002:00003AD0       DragInternalObject
 0001:00031910       DragMessage
 0002:00003ACC       DragObject
 0002:00003AF8       DragSave
 0002:00003AE0       DragSaveCursor
 0002:00003AD8       DragStartPos
 0002:00003AE4       DragThreshold
 0001:00031B20       DragTo
 0001:00054D08       DrawAppIcon
 0001:0003DFD0       DrawCloseButton
 0001:000059D0       DrawEdge
 0001:000059D8       DrawFocusRect
 0001:000059E0       DrawFrameControl
 0001:0003E064       DrawGrabberLine
 0001:000059E8       DrawIcon
 0001:000059F0       DrawIconEx
 0002:00000EA0       DrawingStyles
 0001:000059F8       DrawMenuBar
 0001:00049740       DrawMenuItem
 0001:00005A00       DrawText
 0002:00003998       DrawThemeBackground
 0001:0003E0EC       DrawThemedGrabber
 0002:000039BC       DrawThemeEdge
 0002:000039C0       DrawThemeIcon
 0002:00003A44       DrawThemeParentBackground
 0002:0000399C       DrawThemeText
 0001:000204B8       DupBits
 0001:000042E8       DynArrayClear
 0001:000042F0       DynArraySetLength
 0002:00001158       E
 0002:00000F8C       EdgeStyle
 0002:00000E54       EdgeStyles
 0001:0000AE88       EHeapException.FreeInstance
 0001:0006617C       EHttpException.Create
 0001:000057A0       Ellipse
 0002:0000083C       Ellipsis
 0001:000797A8       EmitComplexBraces
 0001:00079E48       EmitExactly
 0001:00079F14       EmitRange
 0001:0007A018       EmitRangeC
 0001:00079FCC       EmitRangeCPrim
 0001:0007A238       EmitRangeStr
 0001:000798B4       EmitSimpleBraces
 0001:0007A21C       EmitSimpleRangeC
 0002:00003800       EmptyParam
 0002:000000BC       EmptyStr
 0002:000000C0       EmptyWideStr
 0001:00005A08       EnableMenuItem
 0002:00000F24       Enables
 0001:00005A10       EnableScrollBar
 0001:0004BE3C       EnableTaskWindows
 0002:00003A2C       EnableThemeDialogTexture
 0002:00003A48       EnableTheming
 0001:00005A18       EnableWindow
 0001:00008CCC       EncodeDate
 0001:0006BF10       EncodeLine
 0001:0006BED4       EncodeStr
 0001:00008B28       EncodeTime
 0001:0001333C       EndGlobalLoading
 0001:00005A20       EndPaint
 0001:00003344       EndThread
 0001:00025EE0       EnsureHelpManager
 0001:00005508       EnterCriticalSection
 0001:00000398       EnterCriticalSection
 0001:00005510       EnumCalendarInfoA
 0001:00005A28       EnumChildWindows
 0002:0000392C       EnumDisplayMonitors
 0001:0000A70C       EnumEraNames
 0001:0000A748       EnumEraYearOffsets
 0001:0004F1B0       EnumMonitorsProc
 0001:00005A30       EnumThreadWindows
 0001:00005A38       EnumWindows
 0001:00005A40       EqualRect
 0002:00003754       EraNames
 0001:00009DB4       EraToYear
 0002:00003770       EraYearOffsets
 0002:00000064       errCaption
 0001:000166FC       Error
 0001:000128C4       Error
 0001:00001868       Error
 0001:0004415C       Error
 0002:00000004       ErrorAddr
 0001:0000181C       ErrorAt
 0001:0000AF34       ErrorHandler
 0002:00000220       ErrorMap
 0002:00003008       ErrorProc
 0002:000033E4       ErrOutput
 0001:000017BC       ExceptAddr
 0002:0000300C       ExceptClsProc
 0001:0000B3A0       ExceptHandler
 0001:0000ACFC       Exception.Create
 0001:0000AD38       Exception.CreateFmt
 0001:0000ADB8       Exception.CreateRes
 0001:0000ADF4       Exception.CreateResFmt
 0002:0000301C       ExceptionClass
 0001:0000AAAC       ExceptionErrorMessage
 0002:00000258       ExceptMap
 0001:0000179C       ExceptObject
 0002:00003010       ExceptObjProc
 0002:00003004       ExceptProc
 0001:000057A8       ExcludeClipRect
 0002:00000000       ExitCode
 0001:00003118       ExitDll
 0002:00003044       ExitProc
 0001:00000264       ExitProcess
 0002:00003024       ExitProcessProc
 0002:00000134       ExitProcList
 0001:0000025C       ExitThread
 0001:00007AA0       ExpandFileName
 0001:0006EEC8       ExtActns
 0001:0002D8CC       ExtCtrls
 0001:0006EDF8       ExtDlgs
 0001:00007A58       ExtractFileExt
 0001:00007A20       ExtractFileName
 0001:000079EC       ExtractFilePath
 0001:00057588       F
 0002:00003C1C       FAccept
 0002:00003790       FalseBoolStrs
 0002:00003C18       FBind
 0002:00003AA0       FClipboard
 0002:00003C14       FCloseSocket
 0002:00000168       FCon1E18
 0002:00003C10       FConnect
 0002:0000153C       FDll2Handle
 0002:00001538       FDllHandle
 0002:00003BBC       FGetHostByAddr
 0002:00003BB8       FGetHostByName
 0002:00003BC0       FGetHostName
 0002:00003C0C       FGetPeerName
 0002:00003BB4       FGetProtoByName
 0002:00003BB0       FGetServByName
 0002:00003C08       FGetSockName
 0002:00003BD0       FGetSockOpt
 0002:00003C04       Fhtonl
 0002:00003C00       Fhtons
 0001:00007904       FileAge
 0002:00000778       FileFormats
 0002:00000008       FileMode
 0001:0000781C       FileOpen
 0001:00007874       FileRead
 0002:000003D8       FilerSignature
 0001:000078CC       FileSeek
 0001:00005518       FileTimeToDosDateTime
 0001:00005520       FileTimeToLocalFileTime
 0001:000078A0       FileWrite
 0001:00000CD8       FillAfterGap
 0001:00000C84       FillBeforeGap
 0001:00000D70       FillerSizeAfterGap
 0001:00000D00       FillerSizeBeforeGap
 0001:00005A48       FillRect
 0002:000015C8       FillStyles
 0001:0002E084       Finalization
 0001:0002E1EC       Finalization
 0001:0002DFC0       Finalization
 0001:0002DF24       Finalization
 0001:0002D8F0       Finalization
 0001:0002D89C       Finalization
 0001:0002CDD0       Finalization
 0001:0002C084       Finalization
 0001:0002C04C       Finalization
 0001:0002C014       Finalization
 0001:0002BFDC       Finalization
 0001:0002BFA4       Finalization
 0001:0002BF6C       Finalization
 0001:0002BF2C       Finalization
 0001:0004024C       Finalization
 0001:00028808       Finalization
 0001:000415E4       Finalization
 0001:00027B10       Finalization
 0001:000431B0       Finalization
 0001:00049A48       Finalization
 0001:000063C0       Finalization
 0001:0002718C       Finalization
 0001:00006080       Finalization
 0001:00006028       Finalization
 0001:00026FE0       Finalization
 0001:00026CBC       Finalization
 0001:00057448       Finalization
 0001:00026C84       Finalization
 0001:00026C3C       Finalization
 0001:00025B5C       Finalization
 0001:00057918       Finalization
 0001:000582A4       Finalization
 0001:00025B1C       Finalization
 0001:000586C8       Finalization
 0001:000590E8       Finalization
 0001:00059AC8       Finalization
 0001:0005A448       Finalization
 0001:0005A48C       Finalization
 0001:0005A700       Finalization
 0001:000253A0       Finalization
 0001:00025224       Finalization
 0001:00024CC8       Finalization
 0001:00024AF8       Finalization
 0001:000050F0       Finalization
 0001:00005314       Finalization
 0001:0001D36C       Finalization
 0001:0001D06C       Finalization
 0001:000053A4       Finalization
 0001:0001C990       Finalization
 0001:0001B744       Finalization
 0001:0000CA24       Finalization
 0001:00064EF8       Finalization
 0001:0006C4B8       Finalization
 0001:0006C538       Finalization
 0001:0006C570       Finalization
 0001:0006C5A8       Finalization
 0001:0006ED1C       Finalization
 0001:00010890       Finalization
 0001:00010838       Finalization
 0001:0006ED7C       Finalization
 0001:0006EE20       Finalization
 0001:0006EE78       Finalization
 0001:0006EED0       Finalization
 0001:0000FF78       Finalization
 0001:000717A0       Finalization
 0001:00073940       Finalization
 0001:00074B8C       Finalization
 0001:00075DF8       Finalization
 0001:00076CF0       Finalization
 0001:00077BAC       Finalization
 0001:0000FD3C       Finalization
 0001:0007D034       Finalization
 0001:0007D14C       Finalization
 0001:0007D194       Finalization
 0001:00086368       Finalization
 0001:00088954       Finalization
 0001:0008898C       Finalization
 0001:0000D3E4       Finalization
 0001:000042E0       FinalizeArray
 0001:00002F5C       FinalizeUnits
 0001:00047F44       Find
 0001:0000459C       FindBS
 0001:00012DE0       FindClass
 0001:00004514       FindClassHInstance
 0001:00000274       FindClose
 0001:00005528       FindClose
 0001:00000C54       FindCommitted
 0001:00030A24       FindControl
 0001:0000FB90       FindCustomVariantType
 0001:0000FC4C       FindCustomVariantType
 0001:000324CC       FindDragTarget
 0001:00017A70       FindExistingComponent
 0001:00005530       FindFirstFile
 0001:0000027C       FindFirstFile
 0001:000131CC       FindGlobalComponent
 0001:0004BF80       FindGlobalComponent
 0002:00003864       FindGlobalComponentProcs
 0001:000044EC       FindHInstance
 0001:00013074       FindIdentToInt
 0002:00003A94       FindMsg
 0001:00016AD0       FindNestedComponent
 0001:00044120       FindPopupControl
 0001:0000D0AC       FindProc
 0001:00005538       FindResource
 0001:00004564       FindResourceHInstance
 0001:00056ADC       FindScanline
 0001:0004BED8       FindTopMostWindow
 0001:000189BC       FindUniqueName
 0001:00032498       FindVCLWindow
 0001:00005A50       FindWindow
 0002:00003BFC       FInet_addr
 0002:00003BF8       FInet_ntoa
 0002:00003BF0       FIoctlSocket
 0001:00021ECC       FixupBitFields
 0002:00000FA4       Flags
 0002:000037A0       FLanguages
 0001:00027010       FlatSB
 0002:00003958       FlatSB_EnableScrollBar
 0002:00003964       FlatSB_GetScrollInfo
 0002:00003968       FlatSB_GetScrollPos
 0002:00003960       FlatSB_GetScrollRange
 0002:00003970       FlatSB_SetScrollInfo
 0002:0000396C       FlatSB_SetScrollPos
 0001:00026D00       FlatSB_SetScrollProp
 0002:00003974       FlatSB_SetScrollRange
 0002:0000395C       FlatSB_ShowScrollBar
 0002:00003BEC       FListen
 0001:00077BDC       FloatSpinEdit
 0001:00008608       FloatToDecimal
 0001:00008948       FloatToStr
 0001:00008334       FloatToText
 0001:00001BE0       Flush
 0002:0000017C       FMSecsPerDay
 0001:00008228       FmtStr
 0002:00003BE8       Fntohl
 0002:00003BE4       Fntohs
 0002:00000FC0       FocusCount
 0002:00000FBC       FocusMessages
 0002:00000694       FontCharsets
 0002:000038E8       FontManager
 0002:00003BC4       FOpenSocket
 0001:0004BF54       ForegroundTask
 0002:00005810       Form1
 0001:00008214       Format
 0002:00000184       Format
 0001:00007E1C       FormatBuf
 0001:00007E10       FormatClearStr
 0001:00007D94       FormatError
 0002:00000160       FormatErrorStrs
 0001:00005540       FormatMessage
 0001:00007DEC       FormatVarToStr
 0001:000574A4       Forms
 0001:000020A0       FPower10
 0002:000007C8       FPrinter
 0001:00001B1C       Frac
 0001:00005A58       FrameRect
 0002:00003BDC       FRecv
 0002:00003BE0       FRecvFrom
 0001:0000C604       FreeAndNil
 0001:000009B8       FreeCommitted
 0001:00000EE0       FreeCurAlloc
 0001:00032590       FreeDeviceContext
 0001:0003264C       FreeDeviceContexts
 0001:0001B510       FreeIntConstList
 0001:00005548       FreeLibrary
 0001:00000284       FreeLibrary
 0001:00021A28       FreeMemoryContexts
 0001:0001B644       FreeObjectInstance
 0001:00005568       FreeResource
 0001:00000630       FreeSpace
 0001:0000C148       FreeTerminateProcs
 0001:000271C4       FreeThemeLibrary
 0002:00003E64       FRichEditModule
 0002:00003BD8       FSend
 0002:00003BD4       FSendTo
 0002:00003BCC       FSetSockOpt
 0002:00003BC8       FShutdown
 0002:00003BA8       FWSAAsyncGetHostByAddr
 0002:00003BA4       FWSAAsyncGetHostByName
 0002:00003BAC       FWSAAsyncSelect
 0002:00003BA0       FWSACancelAsyncRequest
 0002:00003B94       FWSACleanup
 0002:00003B9C       FWSAGetLastError
 0002:00003BF4       FWSAIoctl
 0002:00003B98       FWSASetLastError
 0002:00003B90       FWSAStartup
 0002:00003DBC       GClassCritSect
 0001:000204A8       GDICheck
 0001:00020400       GDIError
 0001:00001B14       Get8087CW
 0001:00005074       GetACP
 0001:00005A60       GetActiveWindow
 0001:0005EEA0       GetAliasList
 0001:00048174       GetAltGRStatus
 0001:0005418C       GetAnimation
 0001:0006BDB0       GetBaseUrl
 0001:00057520       GetBit
 0001:000057B0       GetBitmapBits
 0001:000003B0       GetBlockDesc
 0001:000057B8       GetBrushOrgEx
 0001:00005A68       GetCapture
 0001:00030D40       GetCaptureControl
 0001:00012D8C       GetClass
 0001:00005A70       GetClassInfo
 0001:00005A78       GetClientRect
 0001:000057C0       GetClipBox
 0001:0000034C       GetCmdShow
 0001:0004183C       GetColor
 0001:0000028C       GetCommandLine
 0001:00000804       GetCommitted
 0001:00000894       GetCommittedAt
 0001:00038084       GetControlAtPos
 0001:00009004       GetCount
 0001:00005570       GetCPInfo
 0001:000057C8       GetCurrentPositionEx
 0001:00005578       GetCurrentProcessId
 0002:00003A3C       GetCurrentThemeName
 0001:0000033C       GetCurrentThreadId
 0001:00005580       GetCurrentThreadId
 0001:00005A80       GetCursor
 0001:00056AEC       GetCursorHeightMargin
 0001:00005A88       GetCursorPos
 0001:00009030       GetDate
 0001:00005588       GetDateFormat
 0001:00009CCC       GetDateOrder
 0001:00005A90       GetDC
 0001:00005A98       GetDCEx
 0001:000057D0       GetDCOrgEx
 0001:00013F64       GetDesigner
 0001:00005AA0       GetDesktopWindow
 0001:000057E8       GetDeviceCaps
 0001:00021418       GetDIB
 0001:000057D8       GetDIBColorTable
 0001:000057E0       GetDIBits
 0001:0002135C       GetDIBSizes
 0001:00020618       GetDInColors
 0001:00005590       GetDiskFreeSpaceA
 0002:00000130       GetDiskFreeSpaceEx
 0001:0003F11C       GetDockAlign
 0001:00031760       GetDockSiteAtPos
 0001:00031A80       GetDropCtl
 0001:00002728       GetDynaMethod
 0001:0000FFE8       GetEnumNameValue
 0001:00010034       GetEnumValue
 0001:0000A7C0       GetEraNamesAndYearOffsets
 0001:00009D60       GetEraYearOffset
 0001:0000B0F4       GetExceptionClass
 0001:0000B2D8       GetExceptionObject
 0001:00005598       GetExitCodeThread
 0001:00012D14       GetFieldClassTable
 0001:0000B544       GetFileVersion
 0001:000886D8       GetFileVersion
 0001:00005718       GetFileVersionInfo
 0001:00005720       GetFileVersionInfoSize
 0001:00005AA8       GetFocus
 0001:0001EB84       GetFontData
 0001:00005AB0       GetForegroundWindow
 0001:0000BBB8       GetFormatSettings
 0001:000055A0       GetFullPathName
 0001:0001E0EC       GetHashCode
 0001:000514BC       GetHelpInfo
 0001:00025EFC       GetHelpSystem
 0001:00053F70       GetHint
 0001:00053FA8       GetHintControl
 0001:000498BC       GetHotkey
 0001:00005AB8       GetIconInfo
 0001:0005EE10       GetIPList
 0001:00005AD0       GetKeyboardLayout
 0001:00005AD8       GetKeyboardLayoutList
 0001:00005AE0       GetKeyboardLayoutName
 0001:00005AE8       GetKeyboardState
 0001:0000238C       GetKeyboardType
 0001:00005AC0       GetKeyNameText
 0001:00005AC8       GetKeyState
 0001:00005AF0       GetLastActivePopup
 0001:0003D0A0       GetLastChildZone
 0001:000055A8       GetLastError
 0001:0000A580       GetLocaleChar
 0001:00000294       GetLocaleInfo
 0001:000055B8       GetLocaleInfo
 0001:0000A534       GetLocaleStr
 0001:000055B0       GetLocalTime
 0001:00030CA8       GetLongHint
 0001:00005AF8       GetMenu
 0001:00051444       GetMenuHelpContext
 0001:00005B00       GetMenuItemCount
 0001:00005B08       GetMenuItemID
 0001:00005B10       GetMenuItemInfo
 0001:00046784       GetMenuSize
 0001:00005B18       GetMenuState
 0001:00005B20       GetMenuString
 0001:00005B28       GetMessagePos
 0001:000055C0       GetModuleFileName
 0001:0000029C       GetModuleFileName
 0001:000055C8       GetModuleHandle
 0001:000002A4       GetModuleHandle
 0001:0000520C       GetModuleHandle
 0002:00003920       GetMonitorInfo
 0002:00003924       GetMonitorInfoA
 0002:00003928       GetMonitorInfoW
 0001:0000A5E8       GetMonthDayNames
 0001:00005B30       GetNextWindow
 0001:000057F0       GetObject
 0001:0001015C       GetOrdProp
 0001:000057F8       GetPaletteEntries
 0001:00001948       GetParamStr
 0001:00005B38       GetParent
 0001:0004C170       GetParentForm
 0001:00005800       GetPixel
 0001:00054AA0       GetPopupOwnerWindows
 0001:000055D0       GetPrivateProfileString
 0001:000002AC       GetProcAddress
 0001:000055D8       GetProcAddress
 0001:00005B40       GetProp
 0001:00010098       GetPropInfo
 0001:00010108       GetPropInfos
 0001:0004C65C       GetRealScrollPosition
 0001:0004181C       GetRGBColor
 0001:00005B48       GetScrollInfo
 0001:00005B50       GetScrollPos
 0001:00005B58       GetScrollRange
 0001:0001022C       GetSetElementValue
 0001:00030C64       GetShortHint
 0001:00000554       GetSpace
 0001:000005B8       GetSpaceAt
 0001:000441B4       GetSpecialName
 0001:000002B4       GetStartupInfo
 0001:00000224       GetStdHandle
 0001:000055E0       GetStdHandle
 0001:00005808       GetStockObject
 0001:00005B60       GetSubMenu
 0001:00005B68       GetSysColor
 0001:00005B70       GetSysColorBrush
 0001:00005B78       GetSystemMenu
 0001:00005B80       GetSystemMetrics
 0002:00003910       GetSystemMetrics
 0001:00005810       GetSystemPaletteEntries
 0001:00005818       GetTextExtentPoint32
 0001:00005820       GetTextMetrics
 0002:00003A34       GetThemeAppProperties
 0002:000039A0       GetThemeBackgroundContentRect
 0002:000039A4       GetThemeBackgroundExtent
 0002:000039B4       GetThemeBackgroundRegion
 0002:000039D8       GetThemeBool
 0002:000039CC       GetThemeColor
 0002:00003A40       GetThemeDocumentationProperty
 0002:000039E0       GetThemeEnumValue
 0002:00003A00       GetThemeFilename
 0002:000039E8       GetThemeFont
 0002:000039DC       GetThemeInt
 0002:000039F4       GetThemeIntList
 0002:000039F0       GetThemeMargins
 0002:000039D0       GetThemeMetric
 0002:000039A8       GetThemePartSize
 0002:000039E4       GetThemePosition
 0002:000039F8       GetThemePropertyOrigin
 0002:000039EC       GetThemeRect
 0002:000039D4       GetThemeString
 0002:00003A0C       GetThemeSysBool
 0002:00003A04       GetThemeSysColor
 0002:00003A08       GetThemeSysColorBrush
 0002:00003A14       GetThemeSysFont
 0002:00003A1C       GetThemeSysInt
 0002:00003A10       GetThemeSysSize
 0002:00003A18       GetThemeSysString
 0002:000039AC       GetThemeTextExtent
 0002:000039B0       GetThemeTextMetrics
 0001:000002BC       GetThreadLocale
 0001:000055E8       GetThreadLocale
 0001:000055F0       GetTickCount
 0001:00009068       GetTime
 0001:00005238       GetTlsSize
 0001:0005485C       GetTopMostWindows
 0001:00030E4C       GetTopParent
 0001:00005B88       GetTopWindow
 0001:0000FFDC       GetTypeData
 0001:00000344       GetVersion
 0001:000055F8       GetVersion
 0001:00005600       GetVersionEx
 0001:00005B90       GetWindow
 0001:00005B98       GetWindowDC
 0001:00005BA0       GetWindowLong
 0001:00005BA8       GetWindowLongW
 0001:00005828       GetWindowOrgEx
 0001:00005BB0       GetWindowPlacement
 0001:00005BB8       GetWindowRect
 0001:00005BC0       GetWindowText
 0002:00003A28       GetWindowTheme
 0001:00005BD0       GetWindowThreadProcessId
 0001:00005BC8       GetWindowThreadProcessId
 0002:00003C28       GInitData
 0001:00005608       GlobalAddAtom
 0001:00005610       GlobalAlloc
 0001:00005E38       GlobalAllocPtr
 0001:00005618       GlobalDeleteAtom
 0001:00005620       GlobalFindAtom
 0002:00003868       GlobalFixupList
 0001:00016C1C       GlobalFixupReferences
 0001:00005628       GlobalFree
 0001:00005E64       GlobalFreePtr
 0001:00005638       GlobalHandle
 0001:00005630       GlobalLock
 0002:0000384C       GlobalNameSpace
 0001:00005640       GlobalReAlloc
 0001:00005E48       GlobalReAllocPtr
 0001:00005648       GlobalUnlock
 0002:000015B8       GlyphCache
 0001:00024BCC       Graphics
 0001:0002CE18       GraphUtil
 0002:00001534       GReqVerHigh
 0002:00001530       GReqVerLow
 0002:0000160C       GripStyles
 0001:00012F08       GroupDescendentsWith
 0002:00003DEC       GSendBufCritSect
 0002:00003DD4       GWSockCritSect
 0001:000516D8       HandleEdge
 0001:000181E4       HandleException
 0002:00000024       HeapAllocFlags
 0002:000035C4       heapErrorCode
 0002:000035C8       heapLock
 0001:00026C7C       HelpIntfs
 0002:0000394C       HelpManager
 0002:00003A90       HelpMsg
 0001:00079EB8       HexDig
 0002:0000012C       HexDisplayPrefix
 0001:00019B90       HexToBin
 0002:00000878       HideSelections
 0001:0003F198       HideZone
 0002:00003664       HInstance
 0002:00003B60       HintDoneEvent
 0001:00054078       HintGetMsgHook
 0002:00003B64       HintHook
 0001:0005401C       HintMouseThread
 0002:00003B68       HintThread
 0002:00003B5C       HintThreadID
 0001:00053FC8       HintTimerProc
 0002:00000FB4       HintWindowClass
 0002:000039B8       HitTestThemeBackground
 0001:000540BC       HookHintHooks
 0002:00003678       HtmlHelpModule
 0001:0006C530       HttpProt
 0001:00005F30       HwndMSWheel
 0002:00000F40       IBreaks
 0002:00000F4C       IChecks
 0001:00057954       IcsDES
 0001:00059B04       IcsLogger
 0001:00059498       IcsLoggerAddTimeStamp
 0001:000582E0       IcsMD4
 0001:00059124       IcsNtlmMsgs
 0001:0005A484       IcsUrl
 0002:00000F54       IDefaults
 0001:0001EB74       IdentToCharset
 0001:0001E96C       IdentToColor
 0001:00030C54       IdentToCursor
 0001:000130F0       IdentToInt
 0002:00003B6C       IdleTimerHandle
 0001:00056480       IdleTimerProc
 0002:00000F5C       IEnables
 0001:00047538       IfHotkeyAvailable
 0002:00003B38       ImageListWriteExProc
 0001:00025310       ImageList_Add
 0001:00025348       ImageList_BeginDrag
 0001:000252F8       ImageList_Create
 0001:00025300       ImageList_Destroy
 0001:00025358       ImageList_DragEnter
 0001:00025360       ImageList_DragLeave
 0001:00025368       ImageList_DragMove
 0001:00025370       ImageList_DragShowNolock
 0001:00025328       ImageList_Draw
 0001:00025338       ImageList_DrawEx
 0001:00025350       ImageList_EndDrag
 0001:00025320       ImageList_GetBkColor
 0001:00025378       ImageList_GetDragImage
 0001:00025390       ImageList_GetIconSize
 0001:00025308       ImageList_GetImageCount
 0001:00025380       ImageList_Read
 0001:00025340       ImageList_Remove
 0001:00025330       ImageList_Replace
 0001:00025318       ImageList_SetBkColor
 0001:00025398       ImageList_SetIconSize
 0001:00025388       ImageList_Write
 0002:00000EB0       Images
 0001:000431E0       ImgList
 0001:00025B8C       Imm
 0002:00000E94       IMM32DLL
 0001:0003FFE4       Imm32IsIME
 0002:00000180       IMSecsPerDay
 0001:0000DF2C       InBounds
 0001:0000E1CC       InBounds
 0001:0007D104       IncDay
 0001:0000E1FC       Increment
 0001:0000DF5C       Increment
 0001:0007F7F8       inflate
 0001:0007F644       inflateEnd
 0001:0007F7CC       inflateInit_
 0001:00005BD8       InflateRect
 0001:0007F5D8       inflateReset
 0001:00083C60       inflate_blocks
 0001:00084F18       inflate_blocks_free
 0001:00083BB8       inflate_blocks_new
 0001:00083AE8       inflate_blocks_reset
 0001:0008500C       inflate_codes
 0001:00085CE4       inflate_codes_free
 0001:00084FA8       inflate_codes_new
 0001:00085ED0       inflate_fast
 0001:00085D04       inflate_flush
 0001:00084F64       inflate_set_dictionary
 0001:000804D8       inflate_trees_bits
 0001:0008054C       inflate_trees_dynamic
 0001:0008067C       inflate_trees_fixed
 0001:00080844       inflate_trees_free
 0001:0001C9D8       IniFiles
 0001:00000A44       InitAllocator
 0001:000253D8       InitAnApi
 0002:00003938       InitApis
 0001:00025264       InitComCtl
 0001:000702E0       InitCommonControl
 0001:0002525C       InitCommonControls
 0001:000252C4       InitCommonControlsEx
 0001:00013398       InitComponent
 0002:00003634       InitContext
 0001:00040080       InitControls
 0001:00024664       InitDefFontData
 0001:0000C16C       InitDriveSpacePtr
 0001:0000B3B0       InitExceptions
 0001:00026D5C       InitFlatSB
 0001:0002DDD0       InitGlobals
 0001:00021210       InitializeBitmapInfoHeader
 0001:00005650       InitializeCriticalSection
 0001:00000390       InitializeCriticalSection
 0002:000035C0       initialized
 0001:00026D34       InitializeFlatSB
 0001:000052C4       InitializeModule
 0001:0000D0D8       InitializeVarUtils
 0001:0003FC88       InitIMM32
 0001:00013440       InitInheritedComponent
 0001:0000BA98       InitLeadBytes
 0001:00025AB0       InitMultiMonStubs
 0001:0000B4B4       InitPlatformId
 0002:00003040       InitProc
 0001:00057350       InitProcs
 0001:0002462C       InitScreenLogPixels
 0001:0000BAF4       InitSysLocale
 0001:00027384       InitThemeLibrary
 0001:00019BE8       InitThreadSynchronization
 0001:00005240       InitThreadTLS
 0001:00002FC0       InitUnits
 0001:000308E0       InitWndProc
 0002:00000E34       InnerStyles
 0002:0000304C       Input
 0001:00053A68       InsertBefore
 0001:000367C8       InsertBefore
 0001:00000E58       InsertFree
 0001:000475EC       InsertHotkeyFarEastFormat
 0001:00005BE0       InsertMenu
 0001:00005BE8       InsertMenuItem
 0002:00003888       InstBlockList
 0002:0000388C       InstFreeList
 0002:0000385C       IntConstList
 0001:0000C1D4       InterlockedDecrement
 0001:00005550       InterlockedDecrement
 0001:00000334       InterlockedDecrement
 0001:0000C1E0       InterlockedExchange
 0001:00005558       InterlockedExchange
 0001:0000C1E8       InterlockedExchangeAdd
 0001:0000032C       InterlockedIncrement
 0001:00005560       InterlockedIncrement
 0001:0000C1C8       InterlockedIncrement
 0001:0001E078       InternalDeletePalette
 0001:00001B98       InternalFlush
 0001:00000CB4       InternalFreeMem
 0001:00021364       InternalGetDIB
 0001:000212F4       InternalGetDIBSizes
 0001:00013230       InternalReadComponentRes
 0002:00003A60       InternalServices
 0001:00003818       InternalUniqueString
 0001:00005830       IntersectClipRect
 0001:00005BF0       IntersectRect
 0001:00007560       IntToHex
 0001:00013130       IntToIdent
 0001:00007538       IntToStr
 0001:0000744C       IntToStr
 0001:00005BF8       InvalidateRect
 0001:00020394       InvalidBitmap
 0001:0002037C       InvalidGraphic
 0001:000203A0       InvalidIcon
 0001:00020364       InvalidOperation
 0001:0001229C       InvalidPoint
 0002:0000379C       InvalidPointer
 0002:00001118       InvIP
 0001:000025E0       InvokeImplGetter
 0001:000018E8       IOResult
 0002:00000F7C       IOwnerDraw
 0002:000010D8       IP
 0002:00003DB8       IPList
 0002:00000F64       IRadios
 0002:00000F74       IRTL
 0001:0004C100       IsAccel
 0001:000489B4       IsAccelChar
 0002:00000FA0       IsAltGRKeyLayout
 0001:0004831C       IsAltGRPressed
 0002:00003A24       IsAppThemed
 0001:00031514       IsBeforeTargetWindow
 0001:00005C00       IsChild
 0001:00055CFC       IsClass
 0002:00003048       IsConsole
 0001:00031968       IsDelphiHandle
 0001:00005C08       IsDialogMessage
 0001:0005C1CC       IsDigit
 0002:00000F6C       ISeparators
 0001:00005C10       IsIconic
 0001:00048A10       IsInitialChar
 0001:00008BC4       IsLeapYear
 0002:00003034       IsLibrary
 0002:00003049       IsMultiThread
 0001:0003CAD4       IsOrientationSet
 0001:00005C18       IsRectEmpty
 0001:0001CAD4       IsRelative
 0001:0003171C       IsSiteChildOfClient
 0002:00003A20       IsThemeActive
 0002:000039C8       IsThemeBackgroundPartiallyTransparent
 0002:00003A30       IsThemeDialogTextureEnabled
 0002:000039C4       IsThemePartDefined
 0001:0001320C       IsUniqueGlobalComponentName
 0002:00003850       IsUniqueGlobalComponentNameProc
 0001:0000734C       IsValidIdent
 0001:00005C20       IsWindow
 0001:00005C28       IsWindowEnabled
 0001:00005C30       IsWindowUnicode
 0001:00005C38       IsWindowVisible
 0001:0005A400       IsXDigit
 0001:00005C40       IsZoomed
 0001:0004459C       Iterate
 0001:00044600       IterateMenus
 0002:0000002C       JITEnable
 0001:0004C0B4       KeyboardStateToShiftState
 0001:0004C074       KeyDataToShiftState
 0001:0004C01C       KeysToShiftState
 0001:00005C48       KillTimer
 0001:0000799C       LastDelimiter
 0001:0000507C       LCIDToCodePage
 0002:0000010C       LeadBytes
 0001:00005658       LeaveCriticalSection
 0001:000003A0       LeaveCriticalSection
 0002:00001660       Levels
 0002:00000034       LibModuleList
 0001:00005838       LineTo
 0001:0006EF00       ListActns
 0001:00032518       ListAdd
 0001:00032540       ListRemove
 0002:00003752       ListSeparator
 0001:00005C50       LoadBitmap
 0001:00005C58       LoadCursor
 0001:00005C60       LoadIcon
 0001:00005C68       LoadKeyboardLayout
 0001:00005660       LoadLibrary
 0001:000002C4       LoadLibraryEx
 0001:00005668       LoadResource
 0001:00004780       LoadResourceModule
 0001:0000501C       LoadResString
 0001:000002CC       LoadString
 0001:00005C70       LoadString
 0001:00005214       LocalAlloc
 0001:00000370       LocalAlloc
 0001:00000378       LocalFree
 0001:0000A5AC       LocalGetLocaleStr
 0001:00061B68       LocalHostName
 0002:00003A58       Lock
 0001:00005670       LockResource
 0002:00003694       LongDateFormat
 0002:00003728       LongDayNames
 0002:000036DC       LongMonthNames
 0002:000036A8       LongTimeFormat
 0001:00007124       LowerCase
 0001:000579E8       LRot32
 0001:00005710       lstrcpy
 0001:000002D4       lstrcpyn
 0002:00003824       LVarTypes
 0002:00003828       LVarTypeSync
 0002:000014F0       Magic
 0002:0000302C       MainInstance
 0002:00003030       MainThreadID
 0001:00000400       MakeEmpty
 0001:000030B4       MakeErrorMessage
 0002:00000E80       MakeLast
 0001:0001B5AC       MakeObjectInstance
 0001:0000B074       MapException
 0001:0006EE70       Mapi
 0002:000015EC       MAPIDLL
 0002:000015F0       MAPIModule
 0001:00002DD4       MapToRunError
 0001:00005C78       MapVirtualKey
 0001:00005C80       MapWindowPoints
 0002:00000EB8       Mask
 0001:00005840       MaskBlt
 0001:00024CF8       Math
 0002:00005818       maxE
 0001:0004EBAC       MaximizedChildren
 0002:00005814       maxP
 0001:00057A00       MD4Burn
 0001:00057B2C       MD4Compress
 0001:000581A0       MD4Final
 0001:00057A3C       MD4Init
 0001:00058260       MD4String
 0001:00057A6C       MD4Update
 0001:00058228       MD4UpdateStr
 0002:0000003C       MemoryManager
 0002:00000ED4       MenuKeyCaps
 0001:00049AB8       Menus
 0001:00000450       MergeBlockAfter
 0001:00000F2C       MergeCommit
 0001:00005C88       MessageBeep
 0001:0000026C       MessageBox
 0001:00005C90       MessageBox
 0001:000060B0       Messages
 0002:00001650       META
 0001:00058704       MimeUtil
 0001:00013B70       Min
 0001:00035FB0       MinVar
 0002:00003940       MMAvailable
 0002:00000E98       ModeMap
 0001:00050D48       ModifySystemMenu
 0002:000000A4       Module
 0002:00003661       ModuleIsCpp
 0002:00003660       ModuleIsLib
 0001:0001B57C       ModuleUnload
 0002:00000038       ModuleUnloadList
 0002:0000391C       MonitorFromPoint
 0002:00003918       MonitorFromRect
 0002:00003914       MonitorFromWindow
 0002:000000DC       MonthDays
 0002:00003AAC       Mouse
 0001:00001908       Move
 0001:00005678       MoveFile
 0001:00005848       MoveToEx
 0001:00032560       MoveWindowOrg
 0001:00005C98       MsgWaitForMultipleObjects
 0001:00005680       MulDiv
 0001:000002E4       MultiByteToWideChar
 0002:0000161C       MultiCaster
 0001:00056CA4       MultiLineWidth
 0001:00025B4C       MultiMon
 0002:00003689       NegCurrFormat
 0001:00000FB8       NewCommit
 0001:00000FE4       NewCommitAt
 0002:000015D0       NewState
 0002:00003AB0       NewStyleControls
 0001:0000B914       NextCharIndex
 0001:0003CAB8       NextVisibleZone
 0002:000003DC       NilMethod
 0002:00000030       NoErrMsg
 0001:000453AC       NormalDraw
 0001:0000298C       NotifyAnyExcept
 0001:00014004       NotifyDesigner
 0001:00002960       NotifyExcept
 0001:000029C0       NotifyExceptFinally
 0001:0001330C       NotifyGlobalLoading
 0001:00004A84       NotifyModuleUnload
 0001:0000293C       NotifyNonDelphiException
 0001:00002978       NotifyOnExcept
 0001:00002920       NotifyReRaise
 0001:000029E8       NotifyTerminate
 0001:00002A04       NotifyUnhandled
 0001:00008EF0       Now
 0001:000483A8       NthParentOf
 0001:000588E4       NtlmGetLMHash
 0001:00058B80       NtlmGetMessage1
 0001:00058CE8       NtlmGetMessage2
 0001:00058E84       NtlmGetMessage3
 0001:00058A78       NtlmGetNTHash
 0001:0000FD34       Null
 0002:00000318       NullAsStringValue
 0002:00000314       NullStrictConvert
 0001:000309F0       ObjectFromHWnd
 0002:00000880       OEMConverts
 0001:00005CA0       OemToAnsi
 0001:00005CA8       OffsetRect
 0002:00003990       OpenThemeData
 0002:00000E78       OrientArray
 0002:00000E44       OuterStyles
 0002:00003798       OutOfMemory
 0001:000203AC       OutOfResources
 0002:00003218       Output
 0001:00005688       OutputDebugString
 0002:00001188       P
 0002:0000031C       PackVarCreation
 0002:00000788       Pal16
 0001:0001E460       PaletteChanged
 0001:00020BB0       PaletteFromDIBColorTable
 0001:00020C54       PaletteToDIBColorTable
 0002:00000784       PalSize
 0001:00001A44       ParamCount
 0001:00001AA4       ParamStr
 0001:0003CEC8       ParentNotLast
 0001:00079728       parsenum
 0001:00059C98       ParseURL
 0001:0007CAAC       ParseVarName
 0002:0000085C       Passwords
 0001:00005850       PatBlt
 0002:000038F8       PatternManager
 0002:000011A8       PC_1
 0002:000011E0       PC_2
 0001:00005CB0       PeekMessage
 0001:00005CB8       PeekMessageW
 0002:000038EC       PenManager
 0002:00000754       PenModes
 0002:00000734       PenStyles
 0001:00030CEC       PerformEraseBackground
 0001:00005368       Point
 0001:00012224       Point
 0001:0001265C       PointerInModule
 0001:000379D8       PointsEqual
 0001:00005858       Polygon
 0001:00005860       Polyline
 0002:00003B3C       PopupList
 0001:00003950       Pos
 0001:00059B3C       Posn
 0001:00005CC0       PostMessage
 0001:00005CC8       PostQuitMessage
 0001:00026CF8       Printers
 0002:00000468       Priorities
 0001:0005268C       ProcessExecute
 0001:0004C350       ProcessHorz
 0001:0005278C       ProcessUpdate
 0001:0004C3C4       ProcessVert
 0001:0007129C       ProgressLimitError
 0001:00016F1C       PropertyNotFound
 0001:000182E4       PropPathError
 0002:00000FE8       Props
 0001:00016F10       PropValueError
 0001:00005CD0       PtInRect
 0002:000000A0       PtrToNil
 0001:000082F0       PutExponent
 0002:00003AF4       QualifyingSites
 0001:0000B030       RaiseAssertException
 0001:0000022C       RaiseException
 0001:00015DBC       RaiseException
 0002:00003014       RaiseExceptionProc
 0001:0000C074       RaiseLastOSError
 0001:0000C080       RaiseLastOSError
 0001:0003DC34       ReadControlName
 0001:00019570       ReadCustomVariant
 0001:0001CAA8       ReadError
 0001:00016EF8       ReadError
 0001:00005690       ReadFile
 0001:00020F04       ReadIcon
 0002:00000864       ReadOnlys
 0001:00005868       RealizePalette
 0001:00017860       Recover
 0001:0000534C       Rect
 0001:0001224C       Rect
 0001:00005878       Rectangle
 0001:00005870       RectVisible
 0001:00005CD8       RedrawWindow
 0002:0000381C       RefAnyProc
 0002:00003A54       ReferenceCount
 0001:000002EC       RegCloseKey
 0001:000054A8       RegCloseKey
 0001:000054B0       RegCreateKeyEx
 0001:0007D098       RegExpr
 0002:00001644       RegExprInvertCaseFunction
 0002:00001640       RegExprLinePairedSeparator
 0002:0000163C       RegExprLineSeparators
 0002:0000164C       RegExprMetaSet
 0002:0000162C       RegExprModifierG
 0002:00001620       RegExprModifierI
 0002:00001630       RegExprModifierM
 0002:00001624       RegExprModifierR
 0002:00001628       RegExprModifierS
 0002:00001634       RegExprSpaceChars
 0002:00001638       RegExprWordChars
 0001:000054B8       RegFlushKey
 0002:00003860       RegGroups
 0001:00012E00       RegisterClass
 0001:00005CE0       RegisterClass
 0001:00005CE8       RegisterClipboardFormat
 0001:000318B4       RegisterDockSite
 0001:00013174       RegisterFindGlobalComponentProc
 0001:00013048       RegisterIntegerConsts
 0001:00004AE0       RegisterModule
 0001:00005CF0       RegisterWindowMessage
 0001:0001D0B4       Registry
 0001:0007C5EC       RegMatch
 0001:000002F4       RegOpenKeyEx
 0001:000054C0       RegOpenKeyEx
 0001:000002FC       RegQueryValueEx
 0001:000054C8       RegQueryValueEx
 0001:0002BFD4       RegStr
 0001:00005CF8       ReleaseCapture
 0001:00005D00       ReleaseDC
 0002:00000048       reMap
 0002:00003618       remBytes
 0001:000004C0       RemoveBlock
 0002:000003B8       RemoveDataModule
 0001:00016DC8       RemoveFixupReferences
 0001:00016E74       RemoveFixups
 0001:0001720C       RemoveGlobalFixup
 0001:00005D08       RemoveMenu
 0001:000049F8       RemoveModuleUnloadProc
 0001:00004A20       RemoveModuleUnloadProc
 0001:00005D10       RemoveProp
 0001:00019C74       RemoveThread
 0001:00067588       ReplaceExt
 0001:00005698       ResetEvent
 0001:00019C34       ResetSyncEvent
 0001:0000146C       ResizeInPlace
 0001:00005880       RestoreDC
 0001:0004BC9C       RestoreFocusState
 0001:000056A0       ResumeThread
 0001:00044154       ReturnAddr
 0001:000135D8       ReturnAddr
 0001:00014A94       ReturnAddr
 0001:0007CF3C       ReturnAddr
 0001:00066210       RFC1123_Date
 0002:00001584       RFC1123_StrMonth
 0002:00001580       RFC1123_StrWeekDay
 0001:00020930       RGBQuadToTriple
 0001:000208F4       RGBTripleToQuad
 0001:0006C568       RichEdit
 0002:00003AC4       RM_GetObjectInstance
 0002:00003B58       RM_TaskbarCreated
 0002:00003614       rover
 0002:000015F4       RTFConversionFormat
 0001:0000FFA8       RTLConsts
 0002:00001614       RTLReading
 0001:00000234       RtlUnwind
 0002:00003018       RTLUnwindProc
 0002:0000006C       runErrMsg
 0001:00001810       RunErrorAt
 0001:0000D08C       SafeArrayCreate
 0001:0000D094       SafeArrayGetLBound
 0001:0000D09C       SafeArrayGetUBound
 0001:0000D0A4       SafeArrayPtrOfIndex
 0001:0005D3F4       SafeDecrementCount
 0001:0005D3CC       SafeIncrementCount
 0001:0000C6D0       SafeLoadLibrary
 0001:0000724C       SameText
 0001:00005888       SaveDC
 0001:0004BC94       SaveFocusState
 0002:00001220       SBoxes
 0001:00009B2C       ScanBlanks
 0001:00009C94       ScanChar
 0001:00009E10       ScanDate
 0001:00009B50       ScanNumber
 0001:00009BE4       ScanString
 0001:0000A15C       ScanTime
 0001:00009D18       ScanToNumber
 0002:00003B50       Screen
 0002:000038A4       ScreenLogPixels
 0001:00005D18       ScreenToClient
 0001:0004C514       ScrollBarVisible
 0001:00005D20       ScrollWindow
 0001:00001018       SearchSmallBlocks
 0001:00005890       SelectObject
 0001:00005898       SelectPalette
 0001:00030A80       SendAppMessage
 0001:0004BF14       SendFocusMessage
 0001:00005D28       SendMessage
 0002:00000F38       Separators
 0001:00001B04       Set8087CW
 0001:00005D30       SetActiveWindow
 0001:000541BC       SetAnimation
 0001:00057548       SetBit
 0001:000058A0       SetBkColor
 0001:000058A8       SetBkMode
 0001:000058B0       SetBrushOrgEx
 0001:00005D38       SetCapture
 0001:00030D68       SetCaptureControl
 0001:00005D40       SetClassLong
 0001:0000F8BC       SetClearVarToEmptyParam
 0001:000179D0       SetCompName
 0001:00005D48       SetCursor
 0001:000058B8       SetDIBColorTable
 0001:00016F48       SetElementValue
 0001:000056A8       SetEndOfFile
 0001:000056B0       SetErrorMode
 0001:000056B8       SetEvent
 0001:00002F14       SetExceptionHandler
 0001:000056C0       SetFilePointer
 0001:00010504       SetFloatProp
 0001:00005D50       SetFocus
 0001:00005D58       SetForegroundWindow
 0001:0003FF0C       SetImeMode
 0001:00001894       SetInOutRes
 0001:00010788       SetInt64Prop
 0001:000107C4       SetInterfaceProp
 0001:000185E4       SetInterfaceReference
 0001:00018500       SetIntIdent
 0002:00000FB8       SetLayeredWindowAttributes
 0001:00010364       SetLongStrProp
 0001:00005D60       SetMenu
 0001:00005D68       SetMenuItemInfo
 0001:00010750       SetMethodProp
 0001:00018548       SetObjectIdent
 0001:000101D0       SetOrdProp
 0001:00005D70       SetParent
 0001:000058C0       SetPixel
 0001:00005D78       SetProp
 0001:00005D80       SetRect
 0001:000058C8       SetROP2
 0001:00005D88       SetScrollInfo
 0001:00005D90       SetScrollPos
 0001:00005D98       SetScrollRange
 0001:000102C8       SetShortStrProp
 0001:0001031C       SetShortStrPropAsLongStr
 0001:000058D0       SetStretchBltMode
 0001:000103FC       SetStrProp
 0001:000177D8       SetSubComponentState
 0001:000058D8       SetTextColor
 0002:00003A38       SetThemeAppProperties
 0001:000056C8       SetThreadLocale
 0001:000056D0       SetThreadPriority
 0001:00005DA0       SetTimer
 0001:0000F8A4       SetVarAsError
 0001:00010710       SetVariantProp
 0001:00018588       SetVariantReference
 0001:000058E0       SetViewportOrgEx
 0001:00056778       SetVisible
 0001:0001042C       SetWideStrProp
 0001:000103A4       SetWideStrPropAsLongStr
 0001:00005DA8       SetWindowLong
 0001:00005DB0       SetWindowLongW
 0001:000058E8       SetWindowOrgEx
 0001:00005DB8       SetWindowPlacement
 0001:00005DC0       SetWindowPos
 0001:00005DD0       SetWindowsHookEx
 0001:00005DC8       SetWindowText
 0002:000039FC       SetWindowTheme
 0002:0000014C       ShareMode
 0001:0002BF9C       ShellAPI
 0001:0002BF64       ShellExecute
 0002:00003E60       ShellModule
 0001:000576DC       Shift
 0001:0002C07C       ShlObj
 0001:0004417C       ShortCut
 0001:00048358       ShortCutFromMessage
 0002:00003B40       ShortCutItems
 0001:00044208       ShortCutToText
 0002:00003690       ShortDateFormat
 0002:0000370C       ShortDayNames
 0002:000036AC       ShortMonthNames
 0002:000036A4       ShortTimeFormat
 0002:00001034       ShowCommands
 0002:00001028       ShowCommands
 0002:0000101C       ShowCommands
 0001:0000AC34       ShowException
 0002:000010D0       ShowFlags
 0002:00000E2C       ShowFlags
 0001:0004BCA4       ShowMDIClientEdge
 0001:00005DD8       ShowOwnedPopups
 0001:00005DE0       ShowScrollBar
 0001:00005DE8       ShowWindow
 0001:000541E4       ShowWinNoAnimate
 0001:0003F218       ShowZone
 0001:00019C5C       SignalSyncEvent
 0002:00000E8C       SizeCursors
 0001:000056D8       SizeofResource
 0001:00019090       SkipBinary
 0001:000190C0       SkipCollection
 0001:00019068       SkipList
 0001:0000C06C       Sleep
 0001:00005370       SmallPoint
 0001:0001223C       SmallPoint
 0002:00003620       smallTab
 0002:000035E8       spaceRoot
 0001:00076D20       Spin
 0001:00073970       SRGrad
 0002:00001210       ST
 0001:00012EBC       StartClassGroup
 0001:0002E21C       StdActns
 0001:0002BF5C       StdCtrls
 0001:0001B584       StdWndProc
 0002:000038AC       StockBrush
 0002:000038B0       StockFont
 0002:000038B4       StockIcon
 0002:000038A8       StockPen
 0001:00007D38       StrAlloc
 0001:00007D4C       StrBufSize
 0001:0000B6C8       StrByteType
 0001:0000B8B4       StrCharLength
 0001:00007C2C       StrComp
[...]
  2422 0001:0007AAE1  2423 0001:0007AAEE  2426 0001:0007AB03  2427 0001:0007AB10
  2431 0001:0007AB25  2432 0001:0007AB31  2433 0001:0007AB41  2437 0001:0007AB4A
  2441 0001:0007AB5F  2442 0001:0007AB6B  2443 0001:0007AB7B  2447 0001:0007AB84
  2451 0001:0007AB99  2452 0001:0007ABA5  2453 0001:0007ABB5  2457 0001:0007ABBE
  2461 0001:0007ABD3  2462 0001:0007ABDF  2463 0001:0007ABEF  2467 0001:0007ABF8
  2470 0001:0007AC0A  2471 0001:0007AC16  2472 0001:0007AC25  2473 0001:0007AC32
  2474 0001:0007AC50  2476 0001:0007AC62  2478 0001:0007AC78  2481 0001:0007AC87
  2482 0001:0007AC91  2486 0001:0007ACC3  2489 0001:0007ACD3  2488 0001:0007ACDD
  2491 0001:0007ACF7  2490 0001:0007AD01  2496 0001:0007AD17  2495 0001:0007AD21
  2498 0001:0007AD3B  2501 0001:0007AD4D  2502 0001:0007AD62  2503 0001:0007AD66
  2504 0001:0007AD74  2505 0001:0007AD80  2507 0001:0007AD85  2508 0001:0007ADA0
  2509 0001:0007ADAE  2511 0001:0007ADC3  2512 0001:0007ADCD  2513 0001:0007ADD3
  2514 0001:0007ADD8  2515 0001:0007ADDE  2516 0001:0007ADEA  2517 0001:0007ADF9
  2520 0001:0007AE08  2523 0001:0007AE2E  2524 0001:0007AE42  2525 0001:0007AE4C
  2518 0001:0007AE56  2527 0001:0007AE74  2532 0001:0007AE7E  2533 0001:0007AEA5
  2538 0001:0007AF20  2539 0001:0007AF22  2541 0001:0007AF35  2542 0001:0007AF46
  2570 0001:0007AF48  2571 0001:0007AF5A  2572 0001:0007AF5F  2573 0001:0007AF68
  2574 0001:0007AF71  2575 0001:0007AF86  2576 0001:0007AF8E  2577 0001:0007AF94
  2581 0001:0007AFFB  2582 0001:0007B001  2587 0001:0007B009  2588 0001:0007B014
  2586 0001:0007B017  2594 0001:0007B02F  2595 0001:0007B03A  2593 0001:0007B03D
  2597 0001:0007B04C  2598 0001:0007B058  2601 0001:0007B06E  2602 0001:0007B079
  2599 0001:0007B07C  2607 0001:0007B098  2608 0001:0007B0B2  2610 0001:0007B0BC
  2611 0001:0007B0D6  2614 0001:0007B0E0  2615 0001:0007B0E3  2616 0001:0007B0E8
  2618 0001:0007B102  2619 0001:0007B105  2615 0001:0007B108  2621 0001:0007B10D
  2622 0001:0007B118  2623 0001:0007B121  2626 0001:0007B12E  2627 0001:0007B148
  2629 0001:0007B152  2630 0001:0007B16C  2633 0001:0007B176  2634 0001:0007B179
  2635 0001:0007B17E  2638 0001:0007B1AE  2639 0001:0007B1B1  2634 0001:0007B1B4
  2641 0001:0007B1B9  2642 0001:0007B1C4  2643 0001:0007B1CD  2648 0001:0007B1DA
  2649 0001:0007B1E5  2646 0001:0007B1E8  2654 0001:0007B207  2655 0001:0007B212
  2652 0001:0007B215  2692 0001:0007B231  2693 0001:0007B23C  2689 0001:0007B23F
  2700 0001:0007B266  2701 0001:0007B271  2697 0001:0007B274  2708 0001:0007B29D
  2709 0001:0007B2A8  2706 0001:0007B2AB  2737 0001:0007B2C0  2738 0001:0007B2C5
  2739 0001:0007B2D1  2742 0001:0007B2D3  2743 0001:0007B2DF  2750 0001:0007B2E8
  2751 0001:0007B2F1  2752 0001:0007B2F3  2754 0001:0007B2F4  2755 0001:0007B2FB
  2756 0001:0007B2FF  2757 0001:0007B303  2758 0001:0007B307  2782 0001:0007B308
  2783 0001:0007B32F  2784 0001:0007B333  2786 0001:0007B335  2787 0001:0007B33D
  2788 0001:0007B344  2789 0001:0007B348  2790 0001:0007B34F  2792 0001:0007B354
  2795 0001:0007B41F  2802 0001:0007B4F7  2804 0001:0007B4FC  2805 0001:0007B50E
  2806 0001:0007B513  2807 0001:0007B522  2808 0001:0007B527  2809 0001:0007B539
  2810 0001:0007B548  2814 0001:0007B57D  2819 0001:0007B59E  2823 0001:0007B5B2
  2826 0001:0007B5B7  2827 0001:0007B5C6  2828 0001:0007B5D2  2831 0001:0007B5F6
  2837 0001:0007B628  2841 0001:0007B63C  2845 0001:0007B641  2847 0001:0007B650
  2850 0001:0007B65C  2856 0001:0007B6AD  2859 0001:0007B6B9  2861 0001:0007B6E6
  2864 0001:0007B6F2  2866 0001:0007B71B  2891 0001:0007B727  2893 0001:0007B730
  2896 0001:0007B760  2898 0001:0007B773  2899 0001:0007B776  2900 0001:0007B77F
  2901 0001:0007B785  2902 0001:0007B789  2903 0001:0007B78D  2906 0001:0007B7B7
  2900 0001:0007B7C2  2909 0001:0007B7C8  2912 0001:0007B7D3  2914 0001:0007B7DC
  2916 0001:0007B7F0  2918 0001:0007B803  2919 0001:0007B806  2920 0001:0007B80F
  2921 0001:0007B815  2922 0001:0007B819  2923 0001:0007B81D  2925 0001:0007B82E
  2920 0001:0007B839  2928 0001:0007B83F  2931 0001:0007B84A  2932 0001:0007B856
  2934 0001:0007B86E  2936 0001:0007B886  2937 0001:0007B88F  2939 0001:0007B8A5
  2941 0001:0007B8C5  2942 0001:0007B8C9  2938 0001:0007B8CD  2944 0001:0007B8E3
  2947 0001:0007B8F1  2948 0001:0007B8FD  2950 0001:0007B915  2952 0001:0007B92D
  2953 0001:0007B936  2955 0001:0007B94C  2958 0001:0007B985  2959 0001:0007B989
  2954 0001:0007B98D  2961 0001:0007B9A3  2964 0001:0007B9B1  2969 0001:0007BA07
  2972 0001:0007BA13  2977 0001:0007BA71  2981 0001:0007BA7D  2984 0001:0007BAA7
  3012 0001:0007BAB3  3014 0001:0007BAC3  3015 0001:0007BAD7  3016 0001:0007BAEE
  3017 0001:0007BAFB  3018 0001:0007BB05  3023 0001:0007BB19  3026 0001:0007BB1E
  3028 0001:0007BB2E  3029 0001:0007BB42  3030 0001:0007BB59  3031 0001:0007BB66
  3032 0001:0007BB70  3037 0001:0007BB84  3040 0001:0007BB89  3041 0001:0007BB91
  3044 0001:0007BB9F  3045 0001:0007BBA8  3046 0001:0007BBBA  3048 0001:0007BBC4
  3049 0001:0007BBCD  3050 0001:0007BBD8  3051 0001:0007BBE5  3056 0001:0007BBEA
  3057 0001:0007BBF3  3058 0001:0007BC01  3059 0001:0007BC0A  3060 0001:0007BC15
  3062 0001:0007BC1A  3063 0001:0007BC23  3064 0001:0007BC3B  3065 0001:0007BC48
  3066 0001:0007BC51  3068 0001:0007BC5B  3069 0001:0007BC64  3072 0001:0007BC69
  3073 0001:0007BC72  3074 0001:0007BC7D  3076 0001:0007BC82  3077 0001:0007BC94
  3078 0001:0007BCA1  3079 0001:0007BCB1  3080 0001:0007BCBA  3081 0001:0007BCD9
  3083 0001:0007BCE2  3084 0001:0007BCFD  3085 0001:0007BD1B  3086 0001:0007BD24
  3087 0001:0007BD31  3088 0001:0007BD3A  3090 0001:0007BD44  3092 0001:0007BD4D
  3093 0001:0007BD5B  3094 0001:0007BD68  3095 0001:0007BD72  3096 0001:0007BD7B
  3100 0001:0007BD80  3101 0001:0007BD8D  3103 0001:0007BD97  3104 0001:0007BDA0
  3105 0001:0007BDBB  3106 0001:0007BDD9  3107 0001:0007BDE2  3108 0001:0007BDEF
  3109 0001:0007BDF8  3111 0001:0007BE02  3113 0001:0007BE0B  3114 0001:0007BE19
  3118 0001:0007BE1E  3119 0001:0007BE3C  3120 0001:0007BE45  3121 0001:0007BE52
  3122 0001:0007BE5B  3124 0001:0007BE65  3125 0001:0007BE83  3126 0001:0007BE8C
  3133 0001:0007BE91  3134 0001:0007BE95  3135 0001:0007BE9D  3136 0001:0007BEAC
  3137 0001:0007BEB3  3138 0001:0007BEBD  3139 0001:0007BEC4  3140 0001:0007BECE
  3142 0001:0007BED7  3143 0001:0007BEE4  3145 0001:0007BEF4  3146 0001:0007BEFD
  3147 0001:0007BF08  3148 0001:0007BF12  3150 0001:0007BF16  3152 0001:0007BF29
  3157 0001:0007BF39  3158 0001:0007BF3F  3159 0001:0007BF4B  3161 0001:0007BF57
  3163 0001:0007BF6B  3164 0001:0007BF7B  3166 0001:0007BF84  3167 0001:0007BF92
  3168 0001:0007BF96  3171 0001:0007BF9B  3172 0001:0007BFAB  3175 0001:0007BFB4
  3158 0001:0007BFBF  3177 0001:0007BFC7  3180 0001:0007BFCC  3181 0001:0007BFDC
  3183 0001:0007BFE8  3185 0001:0007BFFC  3186 0001:0007C00C  3188 0001:0007C015
  3189 0001:0007C023  3190 0001:0007C027  3193 0001:0007C029  3194 0001:0007C039
  3197 0001:0007C042  3198 0001:0007C04D  3181 0001:0007C059  3200 0001:0007C061
  3204 0001:0007C063  3205 0001:0007C067  3208 0001:0007C069  3209 0001:0007C074
  3212 0001:0007C076  2786 0001:0007C079  3217 0001:0007C081  3218 0001:0007C0B2
  3228 0001:0007C0BC  3229 0001:0007C0C7  3230 0001:0007C0C9  3231 0001:0007C0D1
  3232 0001:0007C0DC  3234 0001:0007C19F  3236 0001:0007C1B1  3240 0001:0007C1B6
  3241 0001:0007C1BD  3243 0001:0007C1D1  3245 0001:0007C1E1  3246 0001:0007C1F1
  3244 0001:0007C1F5  3249 0001:0007C1FD  3253 0001:0007C202  3254 0001:0007C214
  3257 0001:0007C219  3258 0001:0007C24A  3261 0001:0007C24F  3262 0001:0007C280
  3265 0001:0007C285  3266 0001:0007C29A  3267 0001:0007C2B9  3270 0001:0007C2BE
  3271 0001:0007C2D1  3274 0001:0007C2D6  3275 0001:0007C30A  3279 0001:0007C30F
  3280 0001:0007C324  3281 0001:0007C33C  3283 0001:0007C352  3287 0001:0007C357
  3292 0001:0007C406  3298 0001:0007C40B  3299 0001:0007C414  3302 0001:0007C419
  3303 0001:0007C422  3306 0001:0007C427  3307 0001:0007C42C  3310 0001:0007C439
  3311 0001:0007C448  3312 0001:0007C453  3313 0001:0007C460  3319 0001:0007C465
  3320 0001:0007C46E  3323 0001:0007C473  3324 0001:0007C485  3325 0001:0007C490
  3326 0001:0007C49A  3327 0001:0007C4A4  3328 0001:0007C4AD  3332 0001:0007C4AF
  3334 0001:0007C4C0  3335 0001:0007C4CF  3338 0001:0007C4D1  3339 0001:0007C4DF
  3340 0001:0007C4EA  3341 0001:0007C4F4  3342 0001:0007C4FA  3345 0001:0007C4FC
  3346 0001:0007C50E  3349 0001:0007C510  3350 0001:0007C51B  3353 0001:0007C51D
  3230 0001:0007C51F  3355 0001:0007C527  3360 0001:0007C590  3361 0001:0007C596
  3362 0001:0007C59D  3363 0001:0007C5A9  3391 0001:0007C5AC  3392 0001:0007C5B7
  3393 0001:0007C5B9  3394 0001:0007C5CD  3395 0001:0007C5DF  3392 0001:0007C5E0
  3396 0001:0007C5E5  3400 0001:0007C5EC  3402 0001:0007C5F2  3403 0001:0007C5FE
  3404 0001:0007C618  3405 0001:0007C61C  3406 0001:0007C625  3408 0001:0007C63A
  3414 0001:0007C640  3415 0001:0007C661  3417 0001:0007C663  3422 0001:0007C66A
  3426 0001:0007C67A  3427 0001:0007C686  3428 0001:0007C692  3431 0001:0007C697
  3434 0001:0007C6B3  3435 0001:0007C6B8  3436 0001:0007C6C4  3440 0001:0007C6C9
  3443 0001:0007C6DE  3446 0001:0007C6EC  3447 0001:0007C6F8  3449 0001:0007C6FA
  3450 0001:0007C70F  3451 0001:0007C713  3453 0001:0007C739  3455 0001:0007C73C
  3456 0001:0007C740  3461 0001:0007C748  3465 0001:0007C75A  3469 0001:0007C76F
  3473 0001:0007C77A  3474 0001:0007C786  3475 0001:0007C791  3479 0001:0007C793
  3480 0001:0007C795  3482 0001:0007C7A1  3483 0001:0007C7B4  3484 0001:0007C7B8
  3485 0001:0007C7C3  3487 0001:0007C7C7  3488 0001:0007C7CE  3490 0001:0007C7D1
  3494 0001:0007C7D7  3495 0001:0007C7E9  3499 0001:0007C7F4  3501 0001:0007C7FD
  3502 0001:0007C804  3503 0001:0007C807  3525 0001:0007C828  3530 0001:0007C830
  3531 0001:0007C837  3532 0001:0007C839  3533 0001:0007C845  3534 0001:0007C850
  3538 0001:0007C852  3539 0001:0007C86E  3540 0001:0007C873  3541 0001:0007C87D
  3542 0001:0007C888  3559 0001:0007C88C  3561 0001:0007C8A6  3562 0001:0007C8A8
  3563 0001:0007C8BA  3564 0001:0007C8CA  3561 0001:0007C8CB  3567 0001:0007C8D0
  3568 0001:0007C8D9  3569 0001:0007C8FC  3570 0001:0007C907  3573 0001:0007C90F
  3574 0001:0007C918  3580 0001:0007C939  3595 0001:0007C975  3608 0001:0007C97C
  3609 0001:0007C985  3610 0001:0007C995  3613 0001:0007C9CA  3614 0001:0007C9D5
  3616 0001:0007C9DA  3619 0001:0007CA27  3620 0001:0007CA2E  3621 0001:0007CA4E
  3622 0001:0007CA6E  3625 0001:0007CA77  3626 0001:0007CA82  3627 0001:0007CA8B
  3628 0001:0007CA92  3631 0001:0007CA9B  3632 0001:0007CAA6  3670 0001:0007CAAC
  3671 0001:0007CAB4  3672 0001:0007CAB6  3673 0001:0007CAB8  3674 0001:0007CACB
  3675 0001:0007CACF  3676 0001:0007CAD2  3677 0001:0007CADF  3686 0001:0007CAE4
  3687 0001:0007CB06  3679 0001:0007CB09  3689 0001:0007CB1C  3690 0001:0007CB20
  3691 0001:0007CB2D  3692 0001:0007CB32  3693 0001:0007CB34  3694 0001:0007CB38
  3695 0001:0007CB3B  3696 0001:0007CB3F  3697 0001:0007CB44  3699 0001:0007CB54
  3701 0001:0007CB63  3702 0001:0007CB6C  3703 0001:0007CB77  3706 0001:0007CB7C
  3707 0001:0007CB83  3708 0001:0007CB87  3709 0001:0007CB8F  3711 0001:0007CB94
  3712 0001:0007CB97  3714 0001:0007CB9D  3715 0001:0007CBA2  3716 0001:0007CBA8
  3717 0001:0007CBB4  3718 0001:0007CBBA  3719 0001:0007CBBE  3720 0001:0007CBC3
  3721 0001:0007CBD1  3722 0001:0007CBD4  3723 0001:0007CBD8  3724 0001:0007CBFF
  3727 0001:0007CC2E  3728 0001:0007CC3B  3729 0001:0007CC3F  3716 0001:0007CC4A
  3733 0001:0007CC56  3734 0001:0007CC5C  3735 0001:0007CC64  3737 0001:0007CC69
  3739 0001:0007CC76  3740 0001:0007CC7E  3741 0001:0007CC84  3742 0001:0007CC90
  3743 0001:0007CC96  3744 0001:0007CC9A  3745 0001:0007CC9F  3746 0001:0007CCAD
  3747 0001:0007CCB0  3748 0001:0007CCB4  3749 0001:0007CCC5  3751 0001:0007CCE3
  3752 0001:0007CCEE  3753 0001:0007CCF2  3750 0001:0007CCF6  3757 0001:0007CD0B
  3758 0001:0007CD18  3759 0001:0007CD1E  3761 0001:0007CD22  3762 0001:0007CD27
  3741 0001:0007CD2B  3765 0001:0007CD37  3770 0001:0007CD40  3771 0001:0007CD6E
  3772 0001:0007CD73  3774 0001:0007CD81  3775 0001:0007CDAE  3776 0001:0007CDCB
  3777 0001:0007CDD6  3778 0001:0007CE1E  3785 0001:0007CE24  3786 0001:0007CE55
  3787 0001:0007CE5C  3788 0001:0007CE61  3790 0001:0007CE6F  3792 0001:0007CE9B
  3793 0001:0007CEA1  3794 0001:0007CEBA  3795 0001:0007CEC4  3796 0001:0007CEE1
  3797 0001:0007CEEC  3798 0001:0007CF33  4002 0001:0007CF3C  4003 0001:0007CF3F
  4007 0001:0007CF40  4008 0001:0007CF5E  4009 0001:0007CF64  4010 0001:0007CF6C
  4012 0001:0007CFB7  4013 0001:0007CFD4  4014 0001:0007CFD7  4015 0001:0007CFE1
  4019 0001:0007D010  4040 0001:0007D098  4040 0001:0007D09F

Line numbers for unit1(Unit1.pas) segment .text

   145 0001:00086770   147 0001:00086779   149 0001:0008679A   152 0001:000867AB
   154 0001:000867BD   155 0001:000867CE   156 0001:000867DA   157 0001:000867E8
   160 0001:000867FF   161 0001:00086804   162 0001:0008681C   163 0001:00086824
   166 0001:0008682C   170 0001:0008687C   172 0001:000868A9   173 0001:000868B4
   174 0001:000868F7   175 0001:00086905   176 0001:00086912   178 0001:00086932
   181 0001:00086940   182 0001:0008694B   183 0001:00086967   184 0001:00086975
   186 0001:00086991   188 0001:000869C1   193 0001:000869D4   194 0001:000869F6
   195 0001:00086A0D   196 0001:00086A1B   197 0001:00086A30   198 0001:00086A3E
   199 0001:00086A49   201 0001:00086A68   204 0001:00086A85   206 0001:00086AB2
   213 0001:00086AB8   214 0001:00086AE2   215 0001:00086AF6   216 0001:00086B04
   217 0001:00086B16   220 0001:00086B24   221 0001:00086B39   224 0001:00086B3D
   218 0001:00086B4F   227 0001:00086B5E   230 0001:00086B7B   231 0001:00086B83
   233 0001:00086BB6   236 0001:00086BBC   237 0001:00086BC2   238 0001:00086BC9
   239 0001:00086BCF   240 0001:00086BD6   258 0001:00086BFC   260 0001:00086C22
   262 0001:00086C3A   263 0001:00086C48   265 0001:00086CC3   267 0001:00086CCE
   268 0001:00086CDD   269 0001:00086CE9   271 0001:00086CF6   272 0001:00086D18
   273 0001:00086D28   275 0001:00086D36   278 0001:00086D56   281 0001:00086D62
   283 0001:00086D87   285 0001:00086DDB   286 0001:00086E03   287 0001:00086E22
   288 0001:00086E3E   290 0001:00086E61   291 0001:00086E89   292 0001:00086EA8
   293 0001:00086EC4   295 0001:00086EE7   296 0001:00086F0F   297 0001:00086F62
   299 0001:00086F6E   300 0001:00086F96   301 0001:00086FE9   303 0001:00086FF5
   304 0001:0008702B   305 0001:0008704B   306 0001:0008705A   307 0001:00087069
   308 0001:00087078   309 0001:00087087   311 0001:00087094   312 0001:000870BA
   313 0001:0008710E   314 0001:00087150   315 0001:000871A4   316 0001:000871F8
   317 0001:0008724C   318 0001:00087264   319 0001:0008728D   321 0001:000872A5
   322 0001:000872B5   323 0001:000872C9   326 0001:000872D1   329 0001:000872F7
   331 0001:00087320   335 0001:00087351   336 0001:00087361   275 0001:00087362
   338 0001:0008736B   339 0001:00087373   342 0001:00087386   344 0001:00087397
   346 0001:000873A4   347 0001:000873B3   349 0001:000873BE   351 0001:000873D1
   352 0001:000873E1   354 0001:00087406   357 0001:00087432   359 0001:00087445
   362 0001:0008745B   364 0001:00087484   366 0001:000874B5   355 0001:000874DB
   369 0001:00087507   370 0001:0008750F   374 0001:0008752A   375 0001:0008753D
   378 0001:0008754D   380 0001:0008755A   381 0001:00087569   382 0001:0008757B
   383 0001:00087585   385 0001:00087591   386 0001:000875A4   387 0001:000875B4
   389 0001:000875CC   391 0001:000875E8   392 0001:00087605   393 0001:00087628
   389 0001:00087629   395 0001:0008762E   396 0001:00087639   401 0001:00087641
   403 0001:0008765E   405 0001:00087666   406 0001:0008766D   407 0001:000876D8
   410 0001:00087960   411 0001:00087963   412 0001:0008796E   415 0001:00087970
   416 0001:00087978   417 0001:000879BD   422 0001:000879C4   423 0001:000879E0
   425 0001:000879EA   428 0001:000879FD   429 0001:00087A0C   430 0001:00087A18
   431 0001:00087A27   432 0001:00087A36   433 0001:00087A45   434 0001:00087A54
   435 0001:00087A60   436 0001:00087A79   437 0001:00087A85   440 0001:00087A93
   443 0001:00087AA6   444 0001:00087AB5   445 0001:00087AC1   446 0001:00087AD0
   447 0001:00087ADF   448 0001:00087AEE   449 0001:00087AFD   450 0001:00087B09
   451 0001:00087B22   452 0001:00087B2E   456 0001:00087B3C   457 0001:00087B6F
   458 0001:00087B98   460 0001:00087BC1   461 0001:00087BE0   463 0001:00087BFF
   464 0001:00087C2F   465 0001:00087C52   466 0001:00087C82   468 0001:00087C89
   470 0001:00087C97   471 0001:00087CBC   472 0001:00087CE1   468 0001:00087CE2
   474 0001:00087CE5   475 0001:00087D1E   479 0001:00087E10   480 0001:00087E2C
   482 0001:00087E3B   484 0001:00087E40   485 0001:00087E47   488 0001:00087E4C
   490 0001:00087E7F   491 0001:00087EA1   493 0001:00087EC3   494 0001:00087EDF
   496 0001:00087EFB   497 0001:00087F18   498 0001:00087F38   500 0001:00087F55
   501 0001:00087F5C   502 0001:00087F6F   504 0001:00087FA4   508 0001:00088054
   509 0001:00088057   510 0001:00088061   513 0001:00088064   514 0001:0008806A
   515 0001:00088077   516 0001:00088082   519 0001:00088088   520 0001:0008808B
   521 0001:00088097   526 0001:0008809C   527 0001:000880BC   530 0001:000880C1
   531 0001:000880C9   533 0001:000880D9   534 0001:000880E5   535 0001:000880F1
   536 0001:000880FE   538 0001:0008810B   539 0001:00088118   540 0001:00088128
   541 0001:00088135   543 0001:00088140   545 0001:0008814C   548 0001:00088171
   549 0001:00088192   552 0001:000881A2   553 0001:000881AE   554 0001:000881BA
   555 0001:000881C7   558 0001:000881D4   559 0001:000881ED   564 0001:000881F2
   566 0001:00088204   567 0001:00088211   568 0001:00088221   569 0001:0008822E
   571 0001:00088239   573 0001:00088250   575 0001:00088299   578 0001:000882B1
   579 0001:000882BD   580 0001:000882C9   581 0001:000882D6   583 0001:000882E3
   586 0001:000882EA   587 0001:00088324   594 0001:000883B4   597 0001:000883D4
   598 0001:000883EC   600 0001:00088407   601 0001:00088415   603 0001:0008842B
   604 0001:0008842D   608 0001:0008843C   609 0001:0008844A   610 0001:00088456
   612 0001:00088472   614 0001:00088480   615 0001:00088482   616 0001:000884AA
   618 0001:000884BD   619 0001:000884BF   620 0001:000884F2   623 0001:00088558
   625 0001:00088570   626 0001:00088585   627 0001:000885A7   629 0001:000885B2
   630 0001:000885C0   632 0001:000885D6   633 0001:000885D8   635 0001:000885E4
   636 0001:00088605   640 0001:0008860C   641 0001:0008860F   642 0001:00088622
   645 0001:00088628   646 0001:00088640   648 0001:0008864E   649 0001:00088665
   650 0001:000886D0   661 0001:000886D8   662 0001:0008870D   663 0001:0008872A
   664 0001:00088740   666 0001:0008874A   668 0001:00088756   670 0001:0008875A
   671 0001:00088766   674 0001:0008876B   675 0001:00088775   676 0001:00088782
   678 0001:00088798   680 0001:0008879B   681 0001:000887AC   682 0001:000887D6
   683 0001:000887FE   685 0001:00088828   687 0001:0008885C   690 0001:00088898
   691 0001:000888A1   692 0001:000888D1   695 0001:000888D8   696 0001:000888DF
   697 0001:000888FE   700 0001:00088904   701 0001:0008890A   702 0001:00088927
   704 0001:00088984   704 0001:0008898B

Line numbers for BonGoBon(C:\Dokumente und Einstellungen\jesus\Eigene Dateien\Borland Studio-Projekte\BonGoBon\BonGoBon.dpr) segment .text

     9 0001:00088C2C    10 0001:00088C3C    11 0001:00088C48    12 0001:00088C60
    13 0001:00088C6C

Bound resource files

c:\programme\borland\bds\3.0\lib\Controls.res
c:\programme\borland\bds\3.0\lib\Buttons.res
c:\programme\borland\bds\3.0\lib\ExtDlgs.res
SRGrad.D32
c:\programme\borland\bds\3.0\lib\SPIN.RES
unit1.dfm
BonGoBon.res
BonGoBon.drf


Program entry point at 0001:00088C2C
